cuDNN benchmark enabled.
Using device: cuda
Found 10237 total JPG files
Loaded 5634 labelled samples from ['mass_train', 'calc_train'] (2864 full images + 2770 cropped patches)
  - Benign: 1683
  - Malignant: 1181

========== Fold 1/5 ==========
  Epoch 1: Train Loss 0.6821 | Val Loss 0.6382 Acc 0.6309 Prec 0.5971 Rec 0.3475 F1 0.4394
  Epoch 2: Train Loss 0.6681 | Val Loss 0.6302 Acc 0.6309 Prec 0.5755 Rec 0.4307 F1 0.4927
  Epoch 3: Train Loss 0.6567 | Val Loss 0.6335 Acc 0.6114 Prec 0.5341 Rec 0.5181 F1 0.5260
  Epoch 4: Train Loss 0.6524 | Val Loss 0.6428 Acc 0.6442 Prec 0.6753 Rec 0.2793 F1 0.3952
  Unfreezing EfficientNet blocks: [8, 7]
  Epoch 5: Train Loss 0.6580 | Val Loss 0.6564 Acc 0.6282 Prec 0.6116 Rec 0.2921 F1 0.3954
  Epoch 6: Train Loss 0.6384 | Val Loss 0.5984 Acc 0.6664 Prec 0.6233 Rec 0.5011 F1 0.5556
  --> saved best model
  Epoch 7: Train Loss 0.6281 | Val Loss 0.6186 Acc 0.6335 Prec 0.5639 Rec 0.5267 F1 0.5447
  Epoch 8: Train Loss 0.6142 | Val Loss 0.6279 Acc 0.6495 Prec 0.6233 Rec 0.3987 F1 0.4863
  Epoch 9: Train Loss 0.6079 | Val Loss 0.6019 Acc 0.6557 Prec 0.6128 Rec 0.4691 F1 0.5314
  Epoch 10: Train Loss 0.5925 | Val Loss 0.6071 Acc 0.6646 Prec 0.6444 Rec 0.4328 F1 0.5179
  Unfreezing EfficientNet blocks: [6]
  Epoch 11: Train Loss 0.5983 | Val Loss 0.6051 Acc 0.6531 Prec 0.6071 Rec 0.4712 F1 0.5306
  Epoch 12: Train Loss 0.5983 | Val Loss 0.6463 Acc 0.6451 Prec 0.5901 Rec 0.4819 F1 0.5305
  Epoch 13: Train Loss 0.5941 | Val Loss 0.5976 Acc 0.6726 Prec 0.5977 Rec 0.6525 F1 0.6239
  --> saved best model
  Epoch 14: Train Loss 0.5762 | Val Loss 0.5922 Acc 0.6886 Prec 0.6311 Rec 0.6055 F1 0.6181
  --> saved best model
  Epoch 15: Train Loss 0.5687 | Val Loss 0.5955 Acc 0.6868 Prec 0.6401 Rec 0.5650 F1 0.6002
  Epoch 16: Train Loss 0.5535 | Val Loss 0.6265 Acc 0.6717 Prec 0.6260 Rec 0.5245 F1 0.5708
  Unfreezing EfficientNet blocks: [5]
  Epoch 17: Train Loss 0.5600 | Val Loss 0.5756 Acc 0.7107 Prec 0.6848 Rec 0.5650 F1 0.6192
  --> saved best model
  Epoch 18: Train Loss 0.5546 | Val Loss 0.5969 Acc 0.6859 Prec 0.6176 Rec 0.6439 F1 0.6305
  Epoch 19: Train Loss 0.5346 | Val Loss 0.5894 Acc 0.6886 Prec 0.6194 Rec 0.6525 F1 0.6355
  Epoch 20: Train Loss 0.5377 | Val Loss 0.5776 Acc 0.6957 Prec 0.6458 Rec 0.5949 F1 0.6193
  Epoch 21: Train Loss 0.5241 | Val Loss 0.5631 Acc 0.7081 Prec 0.6707 Rec 0.5864 F1 0.6257
  --> saved best model
  Epoch 22: Train Loss 0.5239 | Val Loss 0.5668 Acc 0.7125 Prec 0.6714 Rec 0.6055 F1 0.6368
  Epoch 23: Train Loss 0.5126 | Val Loss 0.5671 Acc 0.7134 Prec 0.6872 Rec 0.5714 F1 0.6240
  Epoch 24: Train Loss 0.5141 | Val Loss 0.5653 Acc 0.7028 Prec 0.6551 Rec 0.6034 F1 0.6282
  Epoch 25: Train Loss 0.5264 | Val Loss 0.5383 Acc 0.7125 Prec 0.6489 Rec 0.6738 F1 0.6611
  --> saved best model
  Epoch 26: Train Loss 0.5159 | Val Loss 0.5492 Acc 0.7303 Prec 0.6862 Rec 0.6482 F1 0.6667
  Epoch 27: Train Loss 0.5236 | Val Loss 0.5493 Acc 0.7081 Prec 0.6464 Rec 0.6588 F1 0.6526
  Epoch 28: Train Loss 0.5100 | Val Loss 0.5579 Acc 0.7169 Prec 0.6659 Rec 0.6418 F1 0.6536
  Epoch 29: Train Loss 0.5035 | Val Loss 0.5649 Acc 0.7081 Prec 0.6549 Rec 0.6311 F1 0.6428
  Epoch 30: Train Loss 0.4943 | Val Loss 0.5585 Acc 0.7196 Prec 0.6719 Rec 0.6375 F1 0.6543
  Epoch 31: Train Loss 0.4841 | Val Loss 0.5494 Acc 0.7240 Prec 0.6599 Rec 0.6951 F1 0.6771
  Epoch 32: Train Loss 0.4831 | Val Loss 0.5504 Acc 0.7196 Prec 0.6689 Rec 0.6461 F1 0.6573
  Epoch 33: Train Loss 0.4946 | Val Loss 0.5726 Acc 0.7143 Prec 0.6659 Rec 0.6290 F1 0.6469
  Epoch 34: Train Loss 0.5026 | Val Loss 0.5367 Acc 0.7347 Prec 0.6959 Rec 0.6439 F1 0.6689
  --> saved best model
  Epoch 35: Train Loss 0.5006 | Val Loss 0.5560 Acc 0.7223 Prec 0.6921 Rec 0.5991 F1 0.6423
  Fold 1 best-val F1  (no TTA): 0.6689
  Fold 1 best-val F1 (with TTA): 0.6629
  Fold 1 best threshold: 0.32 (val F1 0.7180 vs default-0.5 F1 0.6629)


========== Fold 2/5 ==========
  Epoch 1: Train Loss 0.6660 | Val Loss 0.6485 Acc 0.6167 Prec 0.5556 Rec 0.3846 F1 0.4545
  Epoch 2: Train Loss 0.6583 | Val Loss 0.6563 Acc 0.6034 Prec 0.5267 Rec 0.4423 F1 0.4808
  Epoch 3: Train Loss 0.6461 | Val Loss 0.6585 Acc 0.6318 Prec 0.6626 Rec 0.2308 F1 0.3423
  Epoch 4: Train Loss 0.6489 | Val Loss 0.6345 Acc 0.6398 Prec 0.6062 Rec 0.3782 F1 0.4658
  Unfreezing EfficientNet blocks: [8, 7]
  Epoch 5: Train Loss 0.6536 | Val Loss 0.6258 Acc 0.6362 Prec 0.5980 Rec 0.3782 F1 0.4634
  Epoch 6: Train Loss 0.6245 | Val Loss 0.6070 Acc 0.6548 Prec 0.6065 Rec 0.4808 F1 0.5364
  --> saved best model
  Epoch 7: Train Loss 0.6193 | Val Loss 0.6078 Acc 0.6593 Prec 0.6304 Rec 0.4338 F1 0.5139
  Epoch 8: Train Loss 0.6157 | Val Loss 0.6058 Acc 0.6504 Prec 0.6082 Rec 0.4444 F1 0.5136
  --> saved best model
  Epoch 9: Train Loss 0.6063 | Val Loss 0.6399 Acc 0.6433 Prec 0.6701 Rec 0.2778 F1 0.3927
  Epoch 10: Train Loss 0.5952 | Val Loss 0.5913 Acc 0.6557 Prec 0.6258 Rec 0.4252 F1 0.5064
  --> saved best model
  Unfreezing EfficientNet blocks: [6]
  Epoch 11: Train Loss 0.5987 | Val Loss 0.6002 Acc 0.6699 Prec 0.6030 Rec 0.6004 F1 0.6017
  Epoch 12: Train Loss 0.5978 | Val Loss 0.5989 Acc 0.6761 Prec 0.6873 Rec 0.4038 F1 0.5087
  Epoch 13: Train Loss 0.5842 | Val Loss 0.5723 Acc 0.6957 Prec 0.6457 Rec 0.5919 F1 0.6176
  --> saved best model
  Epoch 14: Train Loss 0.5747 | Val Loss 0.5593 Acc 0.6894 Prec 0.6639 Rec 0.5107 F1 0.5773
  --> saved best model
  Epoch 15: Train Loss 0.5691 | Val Loss 0.5755 Acc 0.6859 Prec 0.6815 Rec 0.4573 F1 0.5473
  Epoch 16: Train Loss 0.5622 | Val Loss 0.5716 Acc 0.7028 Prec 0.6973 Rec 0.5021 F1 0.5839
  Unfreezing EfficientNet blocks: [5]
  Epoch 17: Train Loss 0.5626 | Val Loss 0.5486 Acc 0.7036 Prec 0.6509 Rec 0.6175 F1 0.6338
  --> saved best model
  Epoch 18: Train Loss 0.5449 | Val Loss 0.5716 Acc 0.6957 Prec 0.6694 Rec 0.5278 F1 0.5902
  Epoch 19: Train Loss 0.5341 | Val Loss 0.5698 Acc 0.7028 Prec 0.6692 Rec 0.5620 F1 0.6109
  Epoch 20: Train Loss 0.5389 | Val Loss 0.5447 Acc 0.7010 Prec 0.6609 Rec 0.5748 F1 0.6149
  --> saved best model
  Epoch 21: Train Loss 0.5279 | Val Loss 0.5461 Acc 0.7081 Prec 0.6751 Rec 0.5726 F1 0.6197
  Epoch 22: Train Loss 0.5141 | Val Loss 0.5411 Acc 0.7125 Prec 0.6791 Rec 0.5833 F1 0.6276
  --> saved best model
  Epoch 23: Train Loss 0.5274 | Val Loss 0.5385 Acc 0.7214 Prec 0.7005 Rec 0.5748 F1 0.6315
  --> saved best model
  Epoch 24: Train Loss 0.5191 | Val Loss 0.5350 Acc 0.7161 Prec 0.6796 Rec 0.5983 F1 0.6364
  --> saved best model
  Epoch 25: Train Loss 0.5188 | Val Loss 0.5525 Acc 0.7125 Prec 0.6837 Rec 0.5726 F1 0.6233
  Epoch 26: Train Loss 0.5141 | Val Loss 0.5502 Acc 0.7205 Prec 0.6604 Rec 0.6731 F1 0.6667
  Epoch 27: Train Loss 0.5203 | Val Loss 0.5591 Acc 0.7116 Prec 0.6897 Rec 0.5556 F1 0.6154
  Epoch 28: Train Loss 0.4935 | Val Loss 0.5541 Acc 0.7125 Prec 0.6614 Rec 0.6303 F1 0.6455
  Epoch 29: Train Loss 0.4900 | Val Loss 0.5695 Acc 0.7143 Prec 0.6730 Rec 0.6068 F1 0.6382
  Epoch 30: Train Loss 0.4806 | Val Loss 0.5396 Acc 0.7294 Prec 0.6745 Rec 0.6731 F1 0.6738
  Epoch 31: Train Loss 0.4814 | Val Loss 0.5586 Acc 0.7196 Prec 0.6969 Rec 0.5748 F1 0.6300
  Epoch 32: Train Loss 0.4753 | Val Loss 0.5456 Acc 0.7223 Prec 0.6749 Rec 0.6389 F1 0.6564
  Epoch 33: Train Loss 0.4895 | Val Loss 0.5427 Acc 0.7311 Prec 0.6767 Rec 0.6752 F1 0.6759
  Epoch 34: Train Loss 0.4837 | Val Loss 0.5510 Acc 0.7294 Prec 0.6909 Rec 0.6303 F1 0.6592
  Early stop at epoch 34 (best F1 0.6364)
  Fold 2 best-val F1  (no TTA): 0.6364
  Fold 2 best-val F1 (with TTA): 0.6254
  Fold 2 best threshold: 0.27 (val F1 0.7033 vs default-0.5 F1 0.6254)


========== Fold 3/5 ==========
  Epoch 1: Train Loss 0.6735 | Val Loss 0.6372 Acc 0.6193 Prec 0.5589 Rec 0.3953 F1 0.4631
  Epoch 2: Train Loss 0.6634 | Val Loss 0.6172 Acc 0.6389 Prec 0.5927 Rec 0.4167 F1 0.4893
  Epoch 3: Train Loss 0.6578 | Val Loss 0.6270 Acc 0.6273 Prec 0.5580 Rec 0.4936 F1 0.5238
  Epoch 4: Train Loss 0.6455 | Val Loss 0.6291 Acc 0.6282 Prec 0.5553 Rec 0.5256 F1 0.5401
  Unfreezing EfficientNet blocks: [8, 7]
  Epoch 5: Train Loss 0.6590 | Val Loss 0.6273 Acc 0.6282 Prec 0.5814 Rec 0.3739 F1 0.4551
  Epoch 6: Train Loss 0.6391 | Val Loss 0.6145 Acc 0.6264 Prec 0.5614 Rec 0.4594 F1 0.5053
  --> saved best model
  Epoch 7: Train Loss 0.6260 | Val Loss 0.6051 Acc 0.6398 Prec 0.6026 Rec 0.3889 F1 0.4727
  --> saved best model
  Epoch 8: Train Loss 0.6170 | Val Loss 0.5977 Acc 0.6584 Prec 0.6487 Rec 0.3868 F1 0.4846
  --> saved best model
  Epoch 9: Train Loss 0.6180 | Val Loss 0.5936 Acc 0.6513 Prec 0.6119 Rec 0.4380 F1 0.5106
  --> saved best model
  Epoch 10: Train Loss 0.6021 | Val Loss 0.5985 Acc 0.6522 Prec 0.5995 Rec 0.4893 F1 0.5388
  Unfreezing EfficientNet blocks: [6]
  Epoch 11: Train Loss 0.6020 | Val Loss 0.6122 Acc 0.6469 Prec 0.6000 Rec 0.4487 F1 0.5134
  Epoch 12: Train Loss 0.6047 | Val Loss 0.5805 Acc 0.6726 Prec 0.6387 Rec 0.4872 F1 0.5527
  --> saved best model
  Epoch 13: Train Loss 0.5936 | Val Loss 0.5694 Acc 0.6761 Prec 0.6419 Rec 0.4979 F1 0.5608
  --> saved best model
  Epoch 14: Train Loss 0.5769 | Val Loss 0.5722 Acc 0.6894 Prec 0.6903 Rec 0.4573 F1 0.5501
  Epoch 15: Train Loss 0.5622 | Val Loss 0.5713 Acc 0.6850 Prec 0.6805 Rec 0.4551 F1 0.5455
  Epoch 16: Train Loss 0.5622 | Val Loss 0.5779 Acc 0.6770 Prec 0.6383 Rec 0.5128 F1 0.5687
  Unfreezing EfficientNet blocks: [5]
  Epoch 17: Train Loss 0.5537 | Val Loss 0.5675 Acc 0.6868 Prec 0.6667 Rec 0.4915 F1 0.5658
  --> saved best model
  Epoch 18: Train Loss 0.5557 | Val Loss 0.5686 Acc 0.6974 Prec 0.6819 Rec 0.5085 F1 0.5826
  Epoch 19: Train Loss 0.5389 | Val Loss 0.5608 Acc 0.7045 Prec 0.6934 Rec 0.5171 F1 0.5924
  --> saved best model
  Epoch 20: Train Loss 0.5288 | Val Loss 0.5556 Acc 0.7090 Prec 0.7000 Rec 0.5235 F1 0.5990
  --> saved best model
  Epoch 21: Train Loss 0.5256 | Val Loss 0.5579 Acc 0.7098 Prec 0.6921 Rec 0.5427 F1 0.6084
  Epoch 22: Train Loss 0.5220 | Val Loss 0.5224 Acc 0.7196 Prec 0.6727 Rec 0.6325 F1 0.6520
  --> saved best model
  Epoch 23: Train Loss 0.5137 | Val Loss 0.5422 Acc 0.7169 Prec 0.6822 Rec 0.5962 F1 0.6363
  Epoch 24: Train Loss 0.5227 | Val Loss 0.5479 Acc 0.7019 Prec 0.6813 Rec 0.5299 F1 0.5962
  Epoch 25: Train Loss 0.5370 | Val Loss 0.5379 Acc 0.7240 Prec 0.7357 Rec 0.5235 F1 0.6117
  Epoch 26: Train Loss 0.5206 | Val Loss 0.5241 Acc 0.7240 Prec 0.6501 Rec 0.7265 F1 0.6862
  Epoch 27: Train Loss 0.5166 | Val Loss 0.5326 Acc 0.7285 Prec 0.7045 Rec 0.5962 F1 0.6458
  Epoch 28: Train Loss 0.5108 | Val Loss 0.5226 Acc 0.7258 Prec 0.6953 Rec 0.6047 F1 0.6469
  Epoch 29: Train Loss 0.5005 | Val Loss 0.5404 Acc 0.7223 Prec 0.7273 Rec 0.5299 F1 0.6131
  Epoch 30: Train Loss 0.4945 | Val Loss 0.5107 Acc 0.7418 Prec 0.7092 Rec 0.6410 F1 0.6734
  --> saved best model
  Epoch 31: Train Loss 0.4998 | Val Loss 0.5365 Acc 0.7276 Prec 0.7255 Rec 0.5534 F1 0.6279
  Epoch 32: Train Loss 0.4792 | Val Loss 0.5223 Acc 0.7311 Prec 0.7089 Rec 0.5983 F1 0.6489
  Epoch 33: Train Loss 0.4973 | Val Loss 0.5339 Acc 0.7187 Prec 0.6728 Rec 0.6282 F1 0.6497
  Epoch 34: Train Loss 0.4931 | Val Loss 0.5467 Acc 0.7214 Prec 0.6944 Rec 0.5876 F1 0.6366
  Epoch 35: Train Loss 0.4842 | Val Loss 0.5343 Acc 0.7356 Prec 0.6914 Rec 0.6560 F1 0.6732
  Fold 3 best-val F1  (no TTA): 0.6734
  Fold 3 best-val F1 (with TTA): 0.6765
  Fold 3 best threshold: 0.27 (val F1 0.7367 vs default-0.5 F1 0.6765)


========== Fold 4/5 ==========
  Epoch 1: Train Loss 0.6726 | Val Loss 0.6357 Acc 0.6362 Prec 0.5589 Rec 0.5876 F1 0.5729
  Epoch 2: Train Loss 0.6593 | Val Loss 0.6251 Acc 0.6335 Prec 0.5806 Rec 0.4231 F1 0.4895
  Epoch 3: Train Loss 0.6630 | Val Loss 0.6481 Acc 0.6327 Prec 0.6055 Rec 0.3312 F1 0.4282
  Epoch 4: Train Loss 0.6462 | Val Loss 0.6396 Acc 0.6380 Prec 0.6415 Rec 0.2906 F1 0.4000
  Unfreezing EfficientNet blocks: [8, 7]
  Epoch 5: Train Loss 0.6609 | Val Loss 0.6479 Acc 0.6504 Prec 0.6609 Rec 0.3248 F1 0.4355
  Epoch 6: Train Loss 0.6390 | Val Loss 0.6574 Acc 0.6406 Prec 0.6493 Rec 0.2927 F1 0.4035
  --> saved best model
  Epoch 7: Train Loss 0.6263 | Val Loss 0.6124 Acc 0.6655 Prec 0.6472 Rec 0.4274 F1 0.5148
  --> saved best model
  Epoch 8: Train Loss 0.6175 | Val Loss 0.6431 Acc 0.6531 Prec 0.6522 Rec 0.3526 F1 0.4577
  Epoch 9: Train Loss 0.6062 | Val Loss 0.6445 Acc 0.6229 Prec 0.5536 Rec 0.4744 F1 0.5109
  Epoch 10: Train Loss 0.6032 | Val Loss 0.6078 Acc 0.6708 Prec 0.6540 Rec 0.4402 F1 0.5262
  --> saved best model
  Unfreezing EfficientNet blocks: [6]
  Epoch 11: Train Loss 0.6084 | Val Loss 0.5913 Acc 0.6894 Prec 0.6521 Rec 0.5406 F1 0.5911
  --> saved best model
  Epoch 12: Train Loss 0.5959 | Val Loss 0.5733 Acc 0.6974 Prec 0.7016 Rec 0.4722 F1 0.5645
  --> saved best model
  Epoch 13: Train Loss 0.5795 | Val Loss 0.5769 Acc 0.6992 Prec 0.6827 Rec 0.5150 F1 0.5871
  Epoch 14: Train Loss 0.5612 | Val Loss 0.5648 Acc 0.7072 Prec 0.6751 Rec 0.5684 F1 0.6172
  --> saved best model
  Epoch 15: Train Loss 0.5690 | Val Loss 0.5769 Acc 0.6974 Prec 0.6599 Rec 0.5598 F1 0.6058
  Epoch 16: Train Loss 0.5403 | Val Loss 0.6040 Acc 0.6983 Prec 0.6988 Rec 0.4808 F1 0.5696
  Unfreezing EfficientNet blocks: [5]
  Epoch 17: Train Loss 0.5509 | Val Loss 0.5986 Acc 0.7090 Prec 0.7273 Rec 0.4786 F1 0.5773
  Epoch 18: Train Loss 0.5460 | Val Loss 0.5809 Acc 0.7107 Prec 0.6811 Rec 0.5705 F1 0.6209
  Epoch 19: Train Loss 0.5458 | Val Loss 0.5682 Acc 0.7054 Prec 0.7061 Rec 0.4979 F1 0.5840
  Epoch 20: Train Loss 0.5398 | Val Loss 0.5636 Acc 0.7294 Prec 0.6856 Rec 0.6432 F1 0.6637
  --> saved best model
  Epoch 21: Train Loss 0.5245 | Val Loss 0.5567 Acc 0.7152 Prec 0.6682 Rec 0.6239 F1 0.6453
  --> saved best model
  Epoch 22: Train Loss 0.5228 | Val Loss 0.5471 Acc 0.7347 Prec 0.7066 Rec 0.6175 F1 0.6591
  --> saved best model
  Epoch 23: Train Loss 0.4970 | Val Loss 0.5486 Acc 0.7196 Prec 0.6784 Rec 0.6175 F1 0.6465
  Epoch 24: Train Loss 0.5029 | Val Loss 0.5665 Acc 0.7249 Prec 0.7297 Rec 0.5363 F1 0.6182
  Epoch 25: Train Loss 0.5235 | Val Loss 0.5961 Acc 0.7223 Prec 0.7313 Rec 0.5235 F1 0.6102
  Epoch 26: Train Loss 0.5088 | Val Loss 0.5759 Acc 0.7267 Prec 0.7210 Rec 0.5577 F1 0.6289
  Epoch 27: Train Loss 0.5101 | Val Loss 0.5971 Acc 0.7072 Prec 0.6960 Rec 0.5235 F1 0.5976
  Epoch 28: Train Loss 0.5056 | Val Loss 0.5911 Acc 0.7125 Prec 0.7222 Rec 0.5000 F1 0.5909
  Epoch 29: Train Loss 0.4907 | Val Loss 0.5813 Acc 0.7223 Prec 0.7195 Rec 0.5427 F1 0.6188
  Epoch 30: Train Loss 0.4938 | Val Loss 0.5876 Acc 0.7205 Prec 0.7311 Rec 0.5171 F1 0.6058
  Epoch 31: Train Loss 0.4823 | Val Loss 0.5683 Acc 0.7223 Prec 0.6886 Rec 0.6047 F1 0.6439
  Epoch 32: Train Loss 0.4862 | Val Loss 0.5683 Acc 0.7276 Prec 0.7147 Rec 0.5726 F1 0.6358
  Early stop at epoch 32 (best F1 0.6591)
  Fold 4 best-val F1  (no TTA): 0.6591
  Fold 4 best-val F1 (with TTA): 0.6560
  Fold 4 best threshold: 0.26 (val F1 0.7119 vs default-0.5 F1 0.6560)


========== Fold 5/5 ==========
  Epoch 1: Train Loss 0.6710 | Val Loss 0.6402 Acc 0.6385 Prec 0.5639 Rec 0.5748 F1 0.5693
  Epoch 2: Train Loss 0.6584 | Val Loss 0.6314 Acc 0.6412 Prec 0.6290 Rec 0.3333 F1 0.4358
  Epoch 3: Train Loss 0.6550 | Val Loss 0.6198 Acc 0.6545 Prec 0.6172 Rec 0.4444 F1 0.5168
  Epoch 4: Train Loss 0.6512 | Val Loss 0.6117 Acc 0.6528 Prec 0.5965 Rec 0.5085 F1 0.5490
  Unfreezing EfficientNet blocks: [8, 7]
  Epoch 5: Train Loss 0.6610 | Val Loss 0.6024 Acc 0.6714 Prec 0.6061 Rec 0.5983 F1 0.6022
  Epoch 6: Train Loss 0.6404 | Val Loss 0.6012 Acc 0.6687 Prec 0.6185 Rec 0.5299 F1 0.5708
  --> saved best model
  Epoch 7: Train Loss 0.6386 | Val Loss 0.5859 Acc 0.6865 Prec 0.6898 Rec 0.4466 F1 0.5422
  --> saved best model
  Epoch 8: Train Loss 0.6195 | Val Loss 0.5777 Acc 0.6998 Prec 0.7355 Rec 0.4338 F1 0.5457
  --> saved best model
  Epoch 9: Train Loss 0.6167 | Val Loss 0.5828 Acc 0.6874 Prec 0.6716 Rec 0.4850 F1 0.5633
  Epoch 10: Train Loss 0.6031 | Val Loss 0.5936 Acc 0.6696 Prec 0.6250 Rec 0.5128 F1 0.5634
  Unfreezing EfficientNet blocks: [6]
  Epoch 11: Train Loss 0.6086 | Val Loss 0.5824 Acc 0.6821 Prec 0.6846 Rec 0.4359 F1 0.5326
  Epoch 12: Train Loss 0.6004 | Val Loss 0.5769 Acc 0.6901 Prec 0.6798 Rec 0.4808 F1 0.5632
  --> saved best model
  Epoch 13: Train Loss 0.5865 | Val Loss 0.5695 Acc 0.7078 Prec 0.7026 Rec 0.5150 F1 0.5943
  --> saved best model
  Epoch 14: Train Loss 0.5867 | Val Loss 0.5714 Acc 0.7140 Prec 0.7160 Rec 0.5171 F1 0.6005
  Epoch 15: Train Loss 0.5682 | Val Loss 0.5312 Acc 0.7496 Prec 0.7372 Rec 0.6175 F1 0.6721
  --> saved best model
  Epoch 16: Train Loss 0.5575 | Val Loss 0.5433 Acc 0.7194 Prec 0.6881 Rec 0.5940 F1 0.6376
  Unfreezing EfficientNet blocks: [5]
  Epoch 17: Train Loss 0.5657 | Val Loss 0.5512 Acc 0.7282 Prec 0.7066 Rec 0.5919 F1 0.6442
  Epoch 18: Train Loss 0.5500 | Val Loss 0.5512 Acc 0.7167 Prec 0.6886 Rec 0.5812 F1 0.6304
  Epoch 19: Train Loss 0.5428 | Val Loss 0.5343 Acc 0.7274 Prec 0.6921 Rec 0.6197 F1 0.6539
  Epoch 20: Train Loss 0.5458 | Val Loss 0.5365 Acc 0.7274 Prec 0.6930 Rec 0.6175 F1 0.6531
  Epoch 21: Train Loss 0.5509 | Val Loss 0.5272 Acc 0.7362 Prec 0.7090 Rec 0.6197 F1 0.6613
  --> saved best model
  Epoch 22: Train Loss 0.5280 | Val Loss 0.5235 Acc 0.7336 Prec 0.6867 Rec 0.6603 F1 0.6732
  --> saved best model
  Epoch 23: Train Loss 0.5077 | Val Loss 0.5355 Acc 0.7318 Prec 0.7034 Rec 0.6132 F1 0.6553
  Epoch 24: Train Loss 0.5121 | Val Loss 0.5371 Acc 0.7336 Prec 0.7154 Rec 0.5962 F1 0.6503
  Epoch 25: Train Loss 0.5390 | Val Loss 0.5151 Acc 0.7460 Prec 0.7031 Rec 0.6731 F1 0.6878
  --> saved best model
  Epoch 26: Train Loss 0.5317 | Val Loss 0.5624 Acc 0.7265 Prec 0.7128 Rec 0.5726 F1 0.6351
  Epoch 27: Train Loss 0.5225 | Val Loss 0.5117 Acc 0.7398 Prec 0.6975 Rec 0.6603 F1 0.6784
  --> saved best model
  Epoch 28: Train Loss 0.5064 | Val Loss 0.5374 Acc 0.7265 Prec 0.6914 Rec 0.6175 F1 0.6524
  Epoch 29: Train Loss 0.5064 | Val Loss 0.5462 Acc 0.7256 Prec 0.6953 Rec 0.6047 F1 0.6469
  Epoch 30: Train Loss 0.4986 | Val Loss 0.5470 Acc 0.7327 Prec 0.7215 Rec 0.5812 F1 0.6438
  Epoch 31: Train Loss 0.4949 | Val Loss 0.5409 Acc 0.7282 Prec 0.7045 Rec 0.5962 F1 0.6458
  Epoch 32: Train Loss 0.4877 | Val Loss 0.5471 Acc 0.7336 Prec 0.7154 Rec 0.5962 F1 0.6503
  Epoch 33: Train Loss 0.5050 | Val Loss 0.5621 Acc 0.7291 Prec 0.6954 Rec 0.6197 F1 0.6554
  Epoch 34: Train Loss 0.4928 | Val Loss 0.5349 Acc 0.7398 Prec 0.7238 Rec 0.6047 F1 0.6589
  Epoch 35: Train Loss 0.4787 | Val Loss 0.5753 Acc 0.7140 Prec 0.6984 Rec 0.5491 F1 0.6148
  Fold 5 best-val F1  (no TTA): 0.6784
  Fold 5 best-val F1 (with TTA): 0.7071
  Fold 5 best threshold: 0.39 (val F1 0.7230 vs default-0.5 F1 0.7071)


========== Final Cross-Validation Results (EfficientNet) ==========
Mean Val Loss (last epoch): 0.5570 ± 0.0142
Mean Val Accuracy: 0.7258 ± 0.0072
Mean Val F1 Score: 0.6451 ± 0.0200
Per-fold thresholds: ['0.32', '0.27', '0.27', '0.26', '0.39']
