cuDNN benchmark enabled.
Using device: cuda
Found 10237 total JPG files
Loaded 2864 labelled samples from ['mass_train', 'calc_train'] (2864 full images + 0 cropped patches)
  - Benign: 1683
  - Malignant: 1181

========== Fold 1/3 ==========
  Epoch 1: Train Loss 0.6922 | Val Loss 0.6665 Acc 0.5927 Prec 0.5294 Rec 0.1142 F1 0.1879
  Epoch 2: Train Loss 0.6809 | Val Loss 0.6462 Acc 0.6084 Prec 0.5455 Rec 0.3046 F1 0.3909
  Epoch 3: Train Loss 0.6774 | Val Loss 0.6507 Acc 0.5937 Prec 0.5500 Rec 0.0838 F1 0.1454
  Epoch 4: Train Loss 0.6782 | Val Loss 0.6375 Acc 0.6073 Prec 0.5922 Rec 0.1548 F1 0.2455
  Unfreezing EfficientNet blocks: [8, 7]
  Epoch 5: Train Loss 0.6665 | Val Loss 0.6328 Acc 0.6188 Prec 0.6042 Rec 0.2208 F1 0.3234
  Epoch 6: Train Loss 0.6646 | Val Loss 0.6410 Acc 0.6335 Prec 0.6594 Rec 0.2310 F1 0.3421
  --> saved best model
  Epoch 7: Train Loss 0.6611 | Val Loss 0.6144 Acc 0.6576 Prec 0.6516 Rec 0.3655 F1 0.4683
  --> saved best model
  Epoch 8: Train Loss 0.6522 | Val Loss 0.6122 Acc 0.6461 Prec 0.6197 Rec 0.3680 F1 0.4618
  --> saved best model
  Epoch 9: Train Loss 0.6449 | Val Loss 0.6116 Acc 0.6524 Prec 0.6422 Rec 0.3553 F1 0.4575
  --> saved best model
  Epoch 10: Train Loss 0.6375 | Val Loss 0.6112 Acc 0.6429 Prec 0.7023 Rec 0.2335 F1 0.3505
  --> saved best model
  Unfreezing EfficientNet blocks: [6]
  Epoch 11: Train Loss 0.6489 | Val Loss 0.5748 Acc 0.6743 Prec 0.6640 Rec 0.4264 F1 0.5193
  --> saved best model
  Epoch 12: Train Loss 0.6431 | Val Loss 0.5895 Acc 0.6775 Prec 0.6920 Rec 0.3934 F1 0.5016
  Epoch 13: Train Loss 0.6377 | Val Loss 0.5897 Acc 0.6628 Prec 0.7000 Rec 0.3198 F1 0.4390
  Epoch 14: Train Loss 0.6259 | Val Loss 0.6082 Acc 0.6639 Prec 0.6911 Rec 0.3350 F1 0.4513
  Epoch 15: Train Loss 0.6198 | Val Loss 0.5681 Acc 0.6817 Prec 0.6596 Rec 0.4721 F1 0.5503
  --> saved best model
  Epoch 16: Train Loss 0.6114 | Val Loss 0.5686 Acc 0.6660 Prec 0.6459 Rec 0.4213 F1 0.5100
  Unfreezing EfficientNet blocks: [5]
  Epoch 17: Train Loss 0.6128 | Val Loss 0.5942 Acc 0.6607 Prec 0.6716 Rec 0.3477 F1 0.4582
  Epoch 18: Train Loss 0.6286 | Val Loss 0.6144 Acc 0.6461 Prec 0.7059 Rec 0.2437 F1 0.3623
  Epoch 19: Train Loss 0.6147 | Val Loss 0.5899 Acc 0.6702 Prec 0.6854 Rec 0.3706 F1 0.4811
  Epoch 20: Train Loss 0.6145 | Val Loss 0.5725 Acc 0.6901 Prec 0.6763 Rec 0.4772 F1 0.5595
  Epoch 21: Train Loss 0.6052 | Val Loss 0.5604 Acc 0.6995 Prec 0.6698 Rec 0.5355 F1 0.5952
  --> saved best model
  Epoch 22: Train Loss 0.5996 | Val Loss 0.5712 Acc 0.6848 Prec 0.6795 Rec 0.4467 F1 0.5391
  Epoch 23: Train Loss 0.5904 | Val Loss 0.5758 Acc 0.6817 Prec 0.6860 Rec 0.4213 F1 0.5220
  Epoch 24: Train Loss 0.5941 | Val Loss 0.5701 Acc 0.6890 Prec 0.7046 Rec 0.4239 F1 0.5293
  Epoch 25: Train Loss 0.6101 | Val Loss 0.5941 Acc 0.6639 Prec 0.6931 Rec 0.3325 F1 0.4494
  Epoch 26: Train Loss 0.6118 | Val Loss 0.5732 Acc 0.6733 Prec 0.6434 Rec 0.4670 F1 0.5412
  Epoch 27: Train Loss 0.5974 | Val Loss 0.5554 Acc 0.6911 Prec 0.6737 Rec 0.4873 F1 0.5655
  --> saved best model
  Epoch 28: Train Loss 0.5960 | Val Loss 0.5504 Acc 0.6974 Prec 0.6688 Rec 0.5279 F1 0.5901
  --> saved best model
  Epoch 29: Train Loss 0.5689 | Val Loss 0.5633 Acc 0.6984 Prec 0.6755 Rec 0.5178 F1 0.5862
  Epoch 30: Train Loss 0.5668 | Val Loss 0.5594 Acc 0.7079 Prec 0.6936 Rec 0.5228 F1 0.5962
  Epoch 31: Train Loss 0.5681 | Val Loss 0.5709 Acc 0.6995 Prec 0.7019 Rec 0.4721 F1 0.5645
  Epoch 32: Train Loss 0.5644 | Val Loss 0.5620 Acc 0.7099 Prec 0.6997 Rec 0.5203 F1 0.5968
  Epoch 33: Train Loss 0.5765 | Val Loss 0.5505 Acc 0.6880 Prec 0.6404 Rec 0.5558 F1 0.5951
  Epoch 34: Train Loss 0.5688 | Val Loss 0.5583 Acc 0.6942 Prec 0.6269 Rec 0.6396 F1 0.6332
  Epoch 35: Train Loss 0.5794 | Val Loss 0.5583 Acc 0.7016 Prec 0.6687 Rec 0.5482 F1 0.6025
  Fold 1 best-val F1  (no TTA): 0.5901
  Fold 1 best-val F1 (with TTA): 0.5971
  Fold 1 best threshold: 0.21 (val F1 0.6971 vs default-0.5 F1 0.5971)


========== Fold 2/3 ==========
  Epoch 1: Train Loss 0.6801 | Val Loss 0.6601 Acc 0.5906 Prec 0.5181 Rec 0.1091 F1 0.1803
  Epoch 2: Train Loss 0.6613 | Val Loss 0.6795 Acc 0.5916 Prec 0.5625 Rec 0.0457 F1 0.0845
  Epoch 3: Train Loss 0.6722 | Val Loss 0.6699 Acc 0.6042 Prec 0.7667 Rec 0.0584 F1 0.1085
  Epoch 4: Train Loss 0.6722 | Val Loss 0.6651 Acc 0.5979 Prec 0.5781 Rec 0.0939 F1 0.1616
  Unfreezing EfficientNet blocks: [8, 7]
  Epoch 5: Train Loss 0.6691 | Val Loss 0.6904 Acc 0.6031 Prec 0.6923 Rec 0.0685 F1 0.1247
  Epoch 6: Train Loss 0.6642 | Val Loss 0.6439 Acc 0.6178 Prec 0.5617 Rec 0.3350 F1 0.4197
  --> saved best model
  Epoch 7: Train Loss 0.6692 | Val Loss 0.6585 Acc 0.6115 Prec 0.6000 Rec 0.1751 F1 0.2711
  Epoch 8: Train Loss 0.6529 | Val Loss 0.6325 Acc 0.6366 Prec 0.6181 Rec 0.3122 F1 0.4148
  --> saved best model
  Epoch 9: Train Loss 0.6469 | Val Loss 0.6426 Acc 0.6366 Prec 0.6621 Rec 0.2437 F1 0.3562
  Epoch 10: Train Loss 0.6369 | Val Loss 0.6667 Acc 0.6157 Prec 0.6392 Rec 0.1574 F1 0.2525
  Unfreezing EfficientNet blocks: [6]
  Epoch 11: Train Loss 0.6494 | Val Loss 0.6542 Acc 0.6188 Prec 0.6014 Rec 0.2259 F1 0.3284
  Epoch 12: Train Loss 0.6387 | Val Loss 0.6455 Acc 0.6398 Prec 0.6344 Rec 0.2995 F1 0.4069
  Epoch 13: Train Loss 0.6235 | Val Loss 0.6418 Acc 0.6576 Prec 0.6914 Rec 0.3071 F1 0.4253
  Epoch 14: Train Loss 0.6197 | Val Loss 0.5983 Acc 0.6712 Prec 0.6361 Rec 0.4746 F1 0.5436
  --> saved best model
  Epoch 15: Train Loss 0.6135 | Val Loss 0.6290 Acc 0.6618 Prec 0.6859 Rec 0.3325 F1 0.4479
  Epoch 16: Train Loss 0.6070 | Val Loss 0.6143 Acc 0.6576 Prec 0.6588 Rec 0.3528 F1 0.4595
  Unfreezing EfficientNet blocks: [5]
  Epoch 17: Train Loss 0.6274 | Val Loss 0.5938 Acc 0.6681 Prec 0.6421 Rec 0.4416 F1 0.5233
  --> saved best model
  Epoch 18: Train Loss 0.6093 | Val Loss 0.6121 Acc 0.6754 Prec 0.6364 Rec 0.4975 F1 0.5584
  Epoch 19: Train Loss 0.6130 | Val Loss 0.6242 Acc 0.6545 Prec 0.6600 Rec 0.3350 F1 0.4444
  Epoch 20: Train Loss 0.6141 | Val Loss 0.6228 Acc 0.6702 Prec 0.6639 Rec 0.4061 F1 0.5039
  Epoch 21: Train Loss 0.6011 | Val Loss 0.6215 Acc 0.6597 Prec 0.6494 Rec 0.3807 F1 0.4800
  Epoch 22: Train Loss 0.5999 | Val Loss 0.6181 Acc 0.6649 Prec 0.6581 Rec 0.3909 F1 0.4904
  Epoch 23: Train Loss 0.5889 | Val Loss 0.6198 Acc 0.6628 Prec 0.6579 Rec 0.3807 F1 0.4823
  Epoch 24: Train Loss 0.5925 | Val Loss 0.6118 Acc 0.6691 Prec 0.6535 Rec 0.4213 F1 0.5123
  Epoch 25: Train Loss 0.6031 | Val Loss 0.6204 Acc 0.6712 Prec 0.6786 Rec 0.3858 F1 0.4919
  Epoch 26: Train Loss 0.5930 | Val Loss 0.5892 Acc 0.6838 Prec 0.6438 Rec 0.5228 F1 0.5770
  --> saved best model
  Epoch 27: Train Loss 0.5946 | Val Loss 0.5930 Acc 0.6764 Prec 0.6557 Rec 0.4543 F1 0.5367
  Epoch 28: Train Loss 0.5769 | Val Loss 0.6153 Acc 0.6723 Prec 0.6849 Rec 0.3807 F1 0.4894
  Epoch 29: Train Loss 0.5850 | Val Loss 0.5868 Acc 0.6838 Prec 0.6691 Rec 0.4619 F1 0.5465
  --> saved best model
  Epoch 30: Train Loss 0.5541 | Val Loss 0.6030 Acc 0.6806 Prec 0.6894 Rec 0.4112 F1 0.5151
  Epoch 31: Train Loss 0.5597 | Val Loss 0.5837 Acc 0.6921 Prec 0.6701 Rec 0.5000 F1 0.5727
  --> saved best model
  Epoch 32: Train Loss 0.5889 | Val Loss 0.6292 Acc 0.6702 Prec 0.7026 Rec 0.3477 F1 0.4652
  Epoch 33: Train Loss 0.5556 | Val Loss 0.5941 Acc 0.6880 Prec 0.6509 Rec 0.5254 F1 0.5815
  Epoch 34: Train Loss 0.5594 | Val Loss 0.6157 Acc 0.6733 Prec 0.6708 Rec 0.4086 F1 0.5079
  Epoch 35: Train Loss 0.5708 | Val Loss 0.6079 Acc 0.6953 Prec 0.6794 Rec 0.4949 F1 0.5727
  Fold 2 best-val F1  (no TTA): 0.5727
  Fold 2 best-val F1 (with TTA): 0.5789
  Fold 2 best threshold: 0.21 (val F1 0.6835 vs default-0.5 F1 0.5789)


========== Fold 3/3 ==========
  Epoch 1: Train Loss 0.6943 | Val Loss 0.6664 Acc 0.5901 Prec 0.5263 Rec 0.0509 F1 0.0928
  Epoch 2: Train Loss 0.6769 | Val Loss 0.6425 Acc 0.6216 Prec 0.6159 Rec 0.2163 F1 0.3202
  Epoch 3: Train Loss 0.6645 | Val Loss 0.6838 Acc 0.5964 Prec 0.6818 Rec 0.0382 F1 0.0723
  Epoch 4: Train Loss 0.6831 | Val Loss 0.6401 Acc 0.6205 Prec 0.6914 Rec 0.1425 F1 0.2363
  Unfreezing EfficientNet blocks: [8, 7]
  Epoch 5: Train Loss 0.6754 | Val Loss 0.8120 Acc 0.5901 Prec 0.7500 Rec 0.0076 F1 0.0151
  Epoch 6: Train Loss 0.6676 | Val Loss 0.6642 Acc 0.6027 Prec 0.6029 Rec 0.1043 F1 0.1779
  --> saved best model
  Epoch 7: Train Loss 0.6671 | Val Loss 0.6321 Acc 0.6174 Prec 0.5843 Rec 0.2468 F1 0.3470
  --> saved best model
  Epoch 8: Train Loss 0.6409 | Val Loss 0.6496 Acc 0.6226 Prec 0.6364 Rec 0.1959 F1 0.2996
  Epoch 9: Train Loss 0.6421 | Val Loss 0.6380 Acc 0.6352 Prec 0.6364 Rec 0.2672 F1 0.3763
  Epoch 10: Train Loss 0.6340 | Val Loss 0.6523 Acc 0.6226 Prec 0.6299 Rec 0.2036 F1 0.3077
  Unfreezing EfficientNet blocks: [6]
  Epoch 11: Train Loss 0.6534 | Val Loss 0.6127 Acc 0.6415 Prec 0.5815 Rec 0.4631 F1 0.5156
  --> saved best model
  Epoch 12: Train Loss 0.6349 | Val Loss 0.6706 Acc 0.6122 Prec 0.6292 Rec 0.1425 F1 0.2324
  Epoch 13: Train Loss 0.6318 | Val Loss 0.6381 Acc 0.6331 Prec 0.6641 Rec 0.2214 F1 0.3321
  Epoch 14: Train Loss 0.6268 | Val Loss 0.6833 Acc 0.6122 Prec 0.6456 Rec 0.1298 F1 0.2161
  Epoch 15: Train Loss 0.6173 | Val Loss 0.6484 Acc 0.6342 Prec 0.6692 Rec 0.2214 F1 0.3327
  Epoch 16: Train Loss 0.6115 | Val Loss 0.6283 Acc 0.6331 Prec 0.6272 Rec 0.2697 F1 0.3772
  Unfreezing EfficientNet blocks: [5]
  Epoch 17: Train Loss 0.6131 | Val Loss 0.6355 Acc 0.6499 Prec 0.7034 Rec 0.2595 F1 0.3792
  Epoch 18: Train Loss 0.6188 | Val Loss 0.6048 Acc 0.6614 Prec 0.6577 Rec 0.3715 F1 0.4748
  --> saved best model
  Epoch 19: Train Loss 0.6133 | Val Loss 0.6222 Acc 0.6583 Prec 0.6936 Rec 0.3053 F1 0.4240
  Epoch 20: Train Loss 0.5847 | Val Loss 0.6393 Acc 0.6468 Prec 0.6867 Rec 0.2621 F1 0.3794
  Epoch 21: Train Loss 0.5848 | Val Loss 0.6039 Acc 0.6751 Prec 0.7005 Rec 0.3690 F1 0.4833
  --> saved best model
  Epoch 22: Train Loss 0.5809 | Val Loss 0.5855 Acc 0.6866 Prec 0.6808 Rec 0.4504 F1 0.5421
  --> saved best model
  Epoch 23: Train Loss 0.5937 | Val Loss 0.5789 Acc 0.6782 Prec 0.6641 Rec 0.4427 F1 0.5313
  --> saved best model
  Epoch 24: Train Loss 0.5776 | Val Loss 0.5921 Acc 0.6730 Prec 0.6849 Rec 0.3817 F1 0.4902
  Epoch 25: Train Loss 0.6093 | Val Loss 0.5894 Acc 0.6761 Prec 0.6667 Rec 0.4275 F1 0.5209
  Epoch 26: Train Loss 0.5836 | Val Loss 0.5952 Acc 0.6803 Prec 0.6789 Rec 0.4249 F1 0.5227
  Epoch 27: Train Loss 0.5948 | Val Loss 0.6145 Acc 0.6635 Prec 0.6682 Rec 0.3639 F1 0.4712
  Epoch 28: Train Loss 0.5861 | Val Loss 0.5788 Acc 0.6782 Prec 0.6680 Rec 0.4351 F1 0.5270
  --> saved best model
  Epoch 29: Train Loss 0.5871 | Val Loss 0.5931 Acc 0.6698 Prec 0.6585 Rec 0.4122 F1 0.5070
  Epoch 30: Train Loss 0.5591 | Val Loss 0.6206 Acc 0.6583 Prec 0.6831 Rec 0.3181 F1 0.4340
  Epoch 31: Train Loss 0.5679 | Val Loss 0.5686 Acc 0.6971 Prec 0.6769 Rec 0.5064 F1 0.5793
  --> saved best model
  Epoch 32: Train Loss 0.5749 | Val Loss 0.5805 Acc 0.6908 Prec 0.6815 Rec 0.4682 F1 0.5551
  Epoch 33: Train Loss 0.5823 | Val Loss 0.5754 Acc 0.6845 Prec 0.6783 Rec 0.4453 F1 0.5376
  Epoch 34: Train Loss 0.5687 | Val Loss 0.5814 Acc 0.6918 Prec 0.6926 Rec 0.4529 F1 0.5477
  Epoch 35: Train Loss 0.5646 | Val Loss 0.6243 Acc 0.6593 Prec 0.7208 Rec 0.2824 F1 0.4059
  Fold 3 best-val F1  (no TTA): 0.5793
  Fold 3 best-val F1 (with TTA): 0.6034
  Fold 3 best threshold: 0.29 (val F1 0.6953 vs default-0.5 F1 0.6034)


========== Final Cross-Validation Results (EfficientNet) ==========
Mean Val Loss (last epoch): 0.5968 ± 0.0280
Mean Val Accuracy: 0.6854 ± 0.0186
Mean Val F1 Score: 0.5270 ± 0.0865
Per-fold thresholds: ['0.21', '0.21', '0.29']
