cuDNN benchmark enabled.
Using device: cuda
Found 10237 total JPG files
Loaded 2864 labelled samples from ['mass_train', 'calc_train'] (2864 full images + 0 cropped patches)
  - Benign: 1683
  - Malignant: 1181

========== Fold 1/5 ==========
  Epoch 1: Train Loss 0.6864 | Val Loss 0.6604 Acc 0.5812 Prec 0.4706 Rec 0.1013 F1 0.1667
  Epoch 2: Train Loss 0.6769 | Val Loss 0.6596 Acc 0.5986 Prec 0.6061 Rec 0.0844 F1 0.1481
  Epoch 3: Train Loss 0.6695 | Val Loss 0.6342 Acc 0.6195 Prec 0.6067 Rec 0.2278 F1 0.3313
  Epoch 4: Train Loss 0.6761 | Val Loss 0.6455 Acc 0.6178 Prec 0.5818 Rec 0.2700 F1 0.3689
  Unfreezing EfficientNet blocks: [8, 7]
  Epoch 5: Train Loss 0.6828 | Val Loss 0.6309 Acc 0.6230 Prec 0.5778 Rec 0.3291 F1 0.4194
  Epoch 6: Train Loss 0.6661 | Val Loss 0.6162 Acc 0.6510 Prec 0.6832 Rec 0.2911 F1 0.4083
  --> saved best model
  Epoch 7: Train Loss 0.6541 | Val Loss 0.6113 Acc 0.6422 Prec 0.6818 Rec 0.2532 F1 0.3692
  --> saved best model
  Epoch 8: Train Loss 0.6473 | Val Loss 0.6130 Acc 0.6353 Prec 0.6273 Rec 0.2911 F1 0.3977
  Epoch 9: Train Loss 0.6421 | Val Loss 0.6003 Acc 0.6387 Prec 0.6316 Rec 0.3038 F1 0.4103
  --> saved best model
  Epoch 10: Train Loss 0.6338 | Val Loss 0.5888 Acc 0.6475 Prec 0.6241 Rec 0.3713 F1 0.4656
  --> saved best model
  Unfreezing EfficientNet blocks: [6]
  Epoch 11: Train Loss 0.6472 | Val Loss 0.6053 Acc 0.6579 Prec 0.6916 Rec 0.3122 F1 0.4302
  Epoch 12: Train Loss 0.6342 | Val Loss 0.5863 Acc 0.6579 Prec 0.6395 Rec 0.3966 F1 0.4896
  --> saved best model
  Epoch 13: Train Loss 0.6349 | Val Loss 0.5869 Acc 0.6510 Prec 0.6555 Rec 0.3291 F1 0.4382
  Epoch 14: Train Loss 0.6251 | Val Loss 0.5792 Acc 0.6789 Prec 0.6906 Rec 0.4051 F1 0.5106
  --> saved best model
  Epoch 15: Train Loss 0.6154 | Val Loss 0.5588 Acc 0.6859 Prec 0.6575 Rec 0.5021 F1 0.5694
  --> saved best model
  Epoch 16: Train Loss 0.6091 | Val Loss 0.5834 Acc 0.6667 Prec 0.6742 Rec 0.3755 F1 0.4824
  Unfreezing EfficientNet blocks: [5]
  Epoch 17: Train Loss 0.6198 | Val Loss 0.5559 Acc 0.6911 Prec 0.6596 Rec 0.5232 F1 0.5835
  --> saved best model
  Epoch 18: Train Loss 0.5994 | Val Loss 0.5760 Acc 0.6806 Prec 0.6824 Rec 0.4262 F1 0.5247
  Epoch 19: Train Loss 0.6143 | Val Loss 0.5795 Acc 0.6719 Prec 0.6384 Rec 0.4768 F1 0.5459
  Epoch 20: Train Loss 0.6083 | Val Loss 0.5735 Acc 0.6789 Prec 0.6550 Rec 0.4726 F1 0.5490
  Epoch 21: Train Loss 0.5794 | Val Loss 0.5678 Acc 0.6789 Prec 0.6550 Rec 0.4726 F1 0.5490
  Epoch 22: Train Loss 0.5853 | Val Loss 0.5512 Acc 0.6894 Prec 0.6545 Rec 0.5274 F1 0.5841
  --> saved best model
  Epoch 23: Train Loss 0.5862 | Val Loss 0.5530 Acc 0.6998 Prec 0.6702 Rec 0.5401 F1 0.5981
  Epoch 24: Train Loss 0.5922 | Val Loss 0.5684 Acc 0.6963 Prec 0.7114 Rec 0.4473 F1 0.5492
  Epoch 25: Train Loss 0.5898 | Val Loss 0.5967 Acc 0.6789 Prec 0.7732 Rec 0.3165 F1 0.4491
  Epoch 26: Train Loss 0.5895 | Val Loss 0.6123 Acc 0.6789 Prec 0.8272 Rec 0.2827 F1 0.4214
  Epoch 27: Train Loss 0.5769 | Val Loss 0.5545 Acc 0.7051 Prec 0.6977 Rec 0.5063 F1 0.5868
  Epoch 28: Train Loss 0.5826 | Val Loss 0.6022 Acc 0.6771 Prec 0.7321 Rec 0.3460 F1 0.4699
  Epoch 29: Train Loss 0.5843 | Val Loss 0.5597 Acc 0.6998 Prec 0.7372 Rec 0.4262 F1 0.5401
  Epoch 30: Train Loss 0.5725 | Val Loss 0.5858 Acc 0.6824 Prec 0.7523 Rec 0.3460 F1 0.4740
  Epoch 31: Train Loss 0.5689 | Val Loss 0.5560 Acc 0.6876 Prec 0.6883 Rec 0.4473 F1 0.5422
  Epoch 32: Train Loss 0.5602 | Val Loss 0.5669 Acc 0.6894 Prec 0.7153 Rec 0.4135 F1 0.5241
  Early stop at epoch 32 (best F1 0.5841)
  Fold 1 best-val F1  (no TTA): 0.5841
  Fold 1 best-val F1 (with TTA): 0.5841
  Fold 1 best threshold: 0.28 (val F1 0.6980 vs default-0.5 F1 0.5841)


========== Fold 2/5 ==========
  Epoch 1: Train Loss 0.6850 | Val Loss 0.6892 Acc 0.5986 Prec 0.6071 Rec 0.0720 F1 0.1288
  Epoch 2: Train Loss 0.6820 | Val Loss 0.6786 Acc 0.6161 Prec 0.7353 Rec 0.1059 F1 0.1852
  Epoch 3: Train Loss 0.6636 | Val Loss 0.6565 Acc 0.6143 Prec 0.5573 Rec 0.3093 F1 0.3978
  Epoch 4: Train Loss 0.6668 | Val Loss 0.6411 Acc 0.6440 Prec 0.6026 Rec 0.3983 F1 0.4796
  Unfreezing EfficientNet blocks: [8, 7]
  Epoch 5: Train Loss 0.6845 | Val Loss 0.6576 Acc 0.6387 Prec 0.7101 Rec 0.2076 F1 0.3213
  Epoch 6: Train Loss 0.6711 | Val Loss 0.6860 Acc 0.6195 Prec 0.6800 Rec 0.1441 F1 0.2378
  --> saved best model
  Epoch 7: Train Loss 0.6456 | Val Loss 0.7077 Acc 0.5969 Prec 0.5641 Rec 0.0932 F1 0.1600
  Epoch 8: Train Loss 0.6470 | Val Loss 0.6145 Acc 0.6492 Prec 0.6378 Rec 0.3432 F1 0.4463
  --> saved best model
  Epoch 9: Train Loss 0.6450 | Val Loss 0.6556 Acc 0.6300 Prec 0.6667 Rec 0.2034 F1 0.3117
  Epoch 10: Train Loss 0.6352 | Val Loss 0.6533 Acc 0.6213 Prec 0.6267 Rec 0.1992 F1 0.3023
  Unfreezing EfficientNet blocks: [6]
  Epoch 11: Train Loss 0.6412 | Val Loss 0.6574 Acc 0.6248 Prec 0.6105 Rec 0.2458 F1 0.3505
  Epoch 12: Train Loss 0.6339 | Val Loss 0.6167 Acc 0.6597 Prec 0.6723 Rec 0.3390 F1 0.4507
  Epoch 13: Train Loss 0.6265 | Val Loss 0.6181 Acc 0.6387 Prec 0.6058 Rec 0.3517 F1 0.4450
  Epoch 14: Train Loss 0.6186 | Val Loss 0.6101 Acc 0.6614 Prec 0.6615 Rec 0.3644 F1 0.4699
  --> saved best model
  Epoch 15: Train Loss 0.6165 | Val Loss 0.6406 Acc 0.6440 Prec 0.6860 Rec 0.2500 F1 0.3665
  Epoch 16: Train Loss 0.6123 | Val Loss 0.6402 Acc 0.6440 Prec 0.6509 Rec 0.2924 F1 0.4035
  Unfreezing EfficientNet blocks: [5]
  Epoch 17: Train Loss 0.6099 | Val Loss 0.6432 Acc 0.6562 Prec 0.6822 Rec 0.3093 F1 0.4257
  Epoch 18: Train Loss 0.6085 | Val Loss 0.6487 Acc 0.6457 Prec 0.6299 Rec 0.3390 F1 0.4408
  Epoch 19: Train Loss 0.6057 | Val Loss 0.5938 Acc 0.6562 Prec 0.5990 Rec 0.5000 F1 0.5450
  --> saved best model
  Epoch 20: Train Loss 0.6021 | Val Loss 0.6170 Acc 0.6492 Prec 0.6259 Rec 0.3686 F1 0.4640
  Epoch 21: Train Loss 0.5889 | Val Loss 0.5897 Acc 0.6614 Prec 0.6094 Rec 0.4958 F1 0.5467
  --> saved best model
  Epoch 22: Train Loss 0.5878 | Val Loss 0.5816 Acc 0.6614 Prec 0.6329 Rec 0.4237 F1 0.5076
  --> saved best model
  Epoch 23: Train Loss 0.5766 | Val Loss 0.5973 Acc 0.6736 Prec 0.6644 Rec 0.4195 F1 0.5143
  Epoch 24: Train Loss 0.5878 | Val Loss 0.5924 Acc 0.6649 Prec 0.6325 Rec 0.4449 F1 0.5224
  Epoch 25: Train Loss 0.5850 | Val Loss 0.5653 Acc 0.6963 Prec 0.6566 Rec 0.5508 F1 0.5991
  --> saved best model
  Epoch 26: Train Loss 0.5792 | Val Loss 0.5701 Acc 0.6859 Prec 0.6239 Rec 0.5975 F1 0.6104
  Epoch 27: Train Loss 0.5889 | Val Loss 0.5935 Acc 0.6789 Prec 0.6884 Rec 0.4025 F1 0.5080
  Epoch 28: Train Loss 0.5871 | Val Loss 0.5971 Acc 0.6771 Prec 0.6667 Rec 0.4322 F1 0.5244
  Epoch 29: Train Loss 0.5756 | Val Loss 0.5740 Acc 0.6859 Prec 0.6308 Rec 0.5720 F1 0.6000
  Epoch 30: Train Loss 0.5707 | Val Loss 0.5691 Acc 0.6876 Prec 0.6492 Rec 0.5254 F1 0.5808
  Epoch 31: Train Loss 0.5642 | Val Loss 0.5638 Acc 0.6894 Prec 0.6510 Rec 0.5297 F1 0.5841
  --> saved best model
  Epoch 32: Train Loss 0.5713 | Val Loss 0.5614 Acc 0.7016 Prec 0.6720 Rec 0.5381 F1 0.5976
  --> saved best model
  Epoch 33: Train Loss 0.5763 | Val Loss 0.6158 Acc 0.6754 Prec 0.6838 Rec 0.3941 F1 0.5000
  Epoch 34: Train Loss 0.5747 | Val Loss 0.5823 Acc 0.6684 Prec 0.6292 Rec 0.4746 F1 0.5411
  Epoch 35: Train Loss 0.5542 | Val Loss 0.6148 Acc 0.6719 Prec 0.6446 Rec 0.4534 F1 0.5323
  Fold 2 best-val F1  (no TTA): 0.5976
  Fold 2 best-val F1 (with TTA): 0.5672
  Fold 2 best threshold: 0.26 (val F1 0.6949 vs default-0.5 F1 0.5672)


========== Fold 3/5 ==========
  Epoch 1: Train Loss 0.6830 | Val Loss 0.6621 Acc 0.6126 Prec 0.6458 Rec 0.1314 F1 0.2183
  Epoch 2: Train Loss 0.6767 | Val Loss 0.6542 Acc 0.6073 Prec 0.5632 Rec 0.2076 F1 0.3034
  Epoch 3: Train Loss 0.6709 | Val Loss 0.6450 Acc 0.6405 Prec 0.6339 Rec 0.3008 F1 0.4080
  Epoch 4: Train Loss 0.6642 | Val Loss 0.6398 Acc 0.6300 Prec 0.6224 Rec 0.2585 F1 0.3653
  Unfreezing EfficientNet blocks: [8, 7]
  Epoch 5: Train Loss 0.6748 | Val Loss 0.6184 Acc 0.6562 Prec 0.6140 Rec 0.4449 F1 0.5160
  Epoch 6: Train Loss 0.6692 | Val Loss 0.6169 Acc 0.6370 Prec 0.6148 Rec 0.3178 F1 0.4190
  --> saved best model
  Epoch 7: Train Loss 0.6615 | Val Loss 0.6377 Acc 0.6335 Prec 0.7407 Rec 0.1695 F1 0.2759
  Epoch 8: Train Loss 0.6564 | Val Loss 0.6060 Acc 0.6667 Prec 0.6433 Rec 0.4280 F1 0.5140
  --> saved best model
  Epoch 9: Train Loss 0.6359 | Val Loss 0.6138 Acc 0.6649 Prec 0.7500 Rec 0.2797 F1 0.4074
  Epoch 10: Train Loss 0.6395 | Val Loss 0.6045 Acc 0.6736 Prec 0.7059 Rec 0.3559 F1 0.4732
  --> saved best model
  Unfreezing EfficientNet blocks: [6]
  Epoch 11: Train Loss 0.6470 | Val Loss 0.5904 Acc 0.6719 Prec 0.6200 Rec 0.5254 F1 0.5688
  --> saved best model
  Epoch 12: Train Loss 0.6416 | Val Loss 0.5816 Acc 0.6876 Prec 0.6223 Rec 0.6144 F1 0.6183
  --> saved best model
  Epoch 13: Train Loss 0.6311 | Val Loss 0.5799 Acc 0.7016 Prec 0.7273 Rec 0.4407 F1 0.5488
  --> saved best model
  Epoch 14: Train Loss 0.6215 | Val Loss 0.6710 Acc 0.6300 Prec 0.7609 Rec 0.1483 F1 0.2482
  Epoch 15: Train Loss 0.6238 | Val Loss 0.6087 Acc 0.6684 Prec 0.8286 Rec 0.2458 F1 0.3791
  Epoch 16: Train Loss 0.6080 | Val Loss 0.6031 Acc 0.6806 Prec 0.7789 Rec 0.3136 F1 0.4471
  Unfreezing EfficientNet blocks: [5]
  Epoch 17: Train Loss 0.6224 | Val Loss 0.6088 Acc 0.6649 Prec 0.7821 Rec 0.2585 F1 0.3885
  Epoch 18: Train Loss 0.6147 | Val Loss 0.5510 Acc 0.7347 Prec 0.7360 Rec 0.5551 F1 0.6329
  --> saved best model
  Epoch 19: Train Loss 0.6026 | Val Loss 0.6699 Acc 0.6422 Prec 0.7925 Rec 0.1780 F1 0.2907
  Epoch 20: Train Loss 0.6051 | Val Loss 0.6043 Acc 0.6771 Prec 0.7865 Rec 0.2966 F1 0.4308
  Epoch 21: Train Loss 0.6024 | Val Loss 0.5870 Acc 0.6841 Prec 0.8161 Rec 0.3008 F1 0.4396
  Epoch 22: Train Loss 0.5966 | Val Loss 0.5913 Acc 0.6946 Prec 0.7850 Rec 0.3559 F1 0.4898
  Epoch 23: Train Loss 0.5842 | Val Loss 0.5861 Acc 0.6998 Prec 0.7759 Rec 0.3814 F1 0.5114
  Epoch 24: Train Loss 0.5974 | Val Loss 0.5607 Acc 0.7208 Prec 0.7794 Rec 0.4492 F1 0.5699
  Epoch 25: Train Loss 0.5984 | Val Loss 0.5506 Acc 0.7208 Prec 0.7639 Rec 0.4661 F1 0.5789
  --> saved best model
  Epoch 26: Train Loss 0.5809 | Val Loss 0.5538 Acc 0.7243 Prec 0.7241 Rec 0.5339 F1 0.6146
  Epoch 27: Train Loss 0.5827 | Val Loss 0.5787 Acc 0.7208 Prec 0.7969 Rec 0.4322 F1 0.5604
  Epoch 28: Train Loss 0.5722 | Val Loss 0.5574 Acc 0.7103 Prec 0.7465 Rec 0.4492 F1 0.5608
  Epoch 29: Train Loss 0.5777 | Val Loss 0.5519 Acc 0.7312 Prec 0.7531 Rec 0.5169 F1 0.6131
  Epoch 30: Train Loss 0.5814 | Val Loss 0.5543 Acc 0.7155 Prec 0.7552 Rec 0.4576 F1 0.5699
  Epoch 31: Train Loss 0.5616 | Val Loss 0.5588 Acc 0.7295 Prec 0.7755 Rec 0.4831 F1 0.5953
  Epoch 32: Train Loss 0.5616 | Val Loss 0.5796 Acc 0.7138 Prec 0.7857 Rec 0.4195 F1 0.5470
  Epoch 33: Train Loss 0.5749 | Val Loss 0.5847 Acc 0.7086 Prec 0.7717 Rec 0.4153 F1 0.5399
  Epoch 34: Train Loss 0.5775 | Val Loss 0.5364 Acc 0.7155 Prec 0.7039 Rec 0.5339 F1 0.6072
  --> saved best model
  Epoch 35: Train Loss 0.5737 | Val Loss 0.5429 Acc 0.7173 Prec 0.7500 Rec 0.4703 F1 0.5781
  Fold 3 best-val F1  (no TTA): 0.6072
  Fold 3 best-val F1 (with TTA): 0.6621
  Fold 3 best threshold: 0.28 (val F1 0.7039 vs default-0.5 F1 0.6621)


========== Fold 4/5 ==========
  Epoch 1: Train Loss 0.6879 | Val Loss 0.6723 Acc 0.5934 Prec 0.6364 Rec 0.0297 F1 0.0567
  Epoch 2: Train Loss 0.6827 | Val Loss 0.6386 Acc 0.6213 Prec 0.5798 Rec 0.2924 F1 0.3887
  Epoch 3: Train Loss 0.6769 | Val Loss 0.6421 Acc 0.5986 Prec 0.5349 Rec 0.1949 F1 0.2857
  Epoch 4: Train Loss 0.6692 | Val Loss 0.6347 Acc 0.6195 Prec 0.6154 Rec 0.2034 F1 0.3057
  Unfreezing EfficientNet blocks: [8, 7]
  Epoch 5: Train Loss 0.6732 | Val Loss 0.6961 Acc 0.5969 Prec 0.6087 Rec 0.0593 F1 0.1081
  Epoch 6: Train Loss 0.6700 | Val Loss 0.7282 Acc 0.5846 Prec 0.4375 Rec 0.0297 F1 0.0556
  --> saved best model
  Epoch 7: Train Loss 0.6488 | Val Loss 0.6097 Acc 0.6492 Prec 0.6400 Rec 0.3390 F1 0.4432
  --> saved best model
  Epoch 8: Train Loss 0.6538 | Val Loss 0.5976 Acc 0.6562 Prec 0.6466 Rec 0.3644 F1 0.4661
  --> saved best model
  Epoch 9: Train Loss 0.6514 | Val Loss 0.6206 Acc 0.6370 Prec 0.6321 Rec 0.2839 F1 0.3918
  Epoch 10: Train Loss 0.6444 | Val Loss 0.6212 Acc 0.6283 Prec 0.6716 Rec 0.1907 F1 0.2970
  Unfreezing EfficientNet blocks: [6]
  Epoch 11: Train Loss 0.6401 | Val Loss 0.6386 Acc 0.6353 Prec 0.7143 Rec 0.1907 F1 0.3010
  Epoch 12: Train Loss 0.6302 | Val Loss 0.6504 Acc 0.6283 Prec 0.6667 Rec 0.1949 F1 0.3016
  Epoch 13: Train Loss 0.6248 | Val Loss 0.6110 Acc 0.6440 Prec 0.6429 Rec 0.3051 F1 0.4138
  Epoch 14: Train Loss 0.6251 | Val Loss 0.5828 Acc 0.6667 Prec 0.6552 Rec 0.4025 F1 0.4987
  --> saved best model
  Epoch 15: Train Loss 0.6096 | Val Loss 0.6002 Acc 0.6492 Prec 0.6277 Rec 0.3644 F1 0.4611
  Epoch 16: Train Loss 0.6075 | Val Loss 0.6373 Acc 0.6492 Prec 0.6768 Rec 0.2839 F1 0.4000
  Unfreezing EfficientNet blocks: [5]
  Epoch 17: Train Loss 0.6277 | Val Loss 0.5995 Acc 0.6702 Prec 0.7374 Rec 0.3093 F1 0.4358
  Epoch 18: Train Loss 0.6053 | Val Loss 0.5900 Acc 0.6667 Prec 0.6772 Rec 0.3644 F1 0.4738
  Epoch 19: Train Loss 0.5979 | Val Loss 0.6329 Acc 0.6614 Prec 0.6909 Rec 0.3220 F1 0.4393
  Epoch 20: Train Loss 0.5996 | Val Loss 0.6275 Acc 0.6527 Prec 0.6869 Rec 0.2881 F1 0.4060
  Epoch 21: Train Loss 0.5927 | Val Loss 0.5860 Acc 0.6754 Prec 0.6923 Rec 0.3814 F1 0.4918
  Epoch 22: Train Loss 0.5875 | Val Loss 0.6324 Acc 0.6562 Prec 0.6893 Rec 0.3008 F1 0.4189
  Epoch 23: Train Loss 0.5834 | Val Loss 0.5876 Acc 0.6806 Prec 0.6803 Rec 0.4237 F1 0.5222
  Epoch 24: Train Loss 0.5892 | Val Loss 0.5902 Acc 0.6754 Prec 0.6812 Rec 0.3983 F1 0.5027
  Epoch 25: Train Loss 0.5912 | Val Loss 0.6115 Acc 0.6876 Prec 0.7395 Rec 0.3729 F1 0.4958
  Epoch 26: Train Loss 0.5776 | Val Loss 0.5628 Acc 0.7051 Prec 0.6718 Rec 0.5551 F1 0.6079
  --> saved best model
  Epoch 27: Train Loss 0.5926 | Val Loss 0.5751 Acc 0.7068 Prec 0.7267 Rec 0.4619 F1 0.5648
  Epoch 28: Train Loss 0.5847 | Val Loss 0.5590 Acc 0.7138 Prec 0.7143 Rec 0.5085 F1 0.5941
  --> saved best model
  Epoch 29: Train Loss 0.5699 | Val Loss 0.5737 Acc 0.6946 Prec 0.6918 Rec 0.4661 F1 0.5570
  Epoch 30: Train Loss 0.5633 | Val Loss 0.5761 Acc 0.6963 Prec 0.6890 Rec 0.4788 F1 0.5650
  Epoch 31: Train Loss 0.5608 | Val Loss 0.5780 Acc 0.6789 Prec 0.6781 Rec 0.4195 F1 0.5183
  Epoch 32: Train Loss 0.5675 | Val Loss 0.6068 Acc 0.6894 Prec 0.7164 Rec 0.4068 F1 0.5189
  Epoch 33: Train Loss 0.5722 | Val Loss 0.5784 Acc 0.6946 Prec 0.6871 Rec 0.4746 F1 0.5614
  Epoch 34: Train Loss 0.5900 | Val Loss 0.5879 Acc 0.6894 Prec 0.6986 Rec 0.4322 F1 0.5340
  Epoch 35: Train Loss 0.5504 | Val Loss 0.6559 Acc 0.6667 Prec 0.7064 Rec 0.3263 F1 0.4464
  Fold 4 best-val F1  (no TTA): 0.5941
  Fold 4 best-val F1 (with TTA): 0.5899
  Fold 4 best threshold: 0.24 (val F1 0.7100 vs default-0.5 F1 0.5899)


========== Fold 5/5 ==========
  Epoch 1: Train Loss 0.6880 | Val Loss 0.6529 Acc 0.5962 Prec 0.5301 Rec 0.1864 F1 0.2759
  Epoch 2: Train Loss 0.6812 | Val Loss 0.6518 Acc 0.6189 Prec 0.5417 Rec 0.4958 F1 0.5177
  Epoch 3: Train Loss 0.6755 | Val Loss 0.6549 Acc 0.6014 Prec 0.5606 Rec 0.1568 F1 0.2450
  Epoch 4: Train Loss 0.6666 | Val Loss 0.6556 Acc 0.6101 Prec 0.6066 Rec 0.1568 F1 0.2492
  Unfreezing EfficientNet blocks: [8, 7]
  Epoch 5: Train Loss 0.6692 | Val Loss 0.6666 Acc 0.6119 Prec 0.6458 Rec 0.1314 F1 0.2183
  Epoch 6: Train Loss 0.6556 | Val Loss 0.6612 Acc 0.6119 Prec 0.6167 Rec 0.1568 F1 0.2500
  --> saved best model
  Epoch 7: Train Loss 0.6458 | Val Loss 0.6412 Acc 0.6224 Prec 0.6042 Rec 0.2458 F1 0.3494
  --> saved best model
  Epoch 8: Train Loss 0.6540 | Val Loss 0.6293 Acc 0.6206 Prec 0.5979 Rec 0.2458 F1 0.3483
  --> saved best model
  Epoch 9: Train Loss 0.6379 | Val Loss 0.6516 Acc 0.6171 Prec 0.6393 Rec 0.1653 F1 0.2626
  Epoch 10: Train Loss 0.6350 | Val Loss 0.6285 Acc 0.6259 Prec 0.5982 Rec 0.2839 F1 0.3851
  --> saved best model
  Unfreezing EfficientNet blocks: [6]
  Epoch 11: Train Loss 0.6614 | Val Loss 0.6173 Acc 0.6259 Prec 0.5696 Rec 0.3814 F1 0.4569
  --> saved best model
  Epoch 12: Train Loss 0.6324 | Val Loss 0.6302 Acc 0.6311 Prec 0.5874 Rec 0.3559 F1 0.4433
  Epoch 13: Train Loss 0.6239 | Val Loss 0.6086 Acc 0.6469 Prec 0.6269 Rec 0.3559 F1 0.4541
  --> saved best model
  Epoch 14: Train Loss 0.6258 | Val Loss 0.5922 Acc 0.6399 Prec 0.5735 Rec 0.4958 F1 0.5318
  --> saved best model
  Epoch 15: Train Loss 0.6066 | Val Loss 0.5950 Acc 0.6451 Prec 0.5954 Rec 0.4364 F1 0.5037
  Epoch 16: Train Loss 0.5968 | Val Loss 0.5992 Acc 0.6329 Prec 0.5942 Rec 0.3475 F1 0.4385
  Unfreezing EfficientNet blocks: [5]
  Epoch 17: Train Loss 0.6132 | Val Loss 0.6350 Acc 0.6416 Prec 0.7123 Rec 0.2203 F1 0.3366
  Epoch 18: Train Loss 0.6101 | Val Loss 0.6096 Acc 0.6626 Prec 0.6720 Rec 0.3559 F1 0.4654
  Epoch 19: Train Loss 0.5851 | Val Loss 0.6456 Acc 0.6643 Prec 0.7200 Rec 0.3051 F1 0.4286
  Epoch 20: Train Loss 0.6143 | Val Loss 0.6211 Acc 0.6643 Prec 0.7000 Rec 0.3263 F1 0.4451
  Epoch 21: Train Loss 0.5879 | Val Loss 0.5854 Acc 0.6731 Prec 0.6581 Rec 0.4322 F1 0.5217
  --> saved best model
  Epoch 22: Train Loss 0.5861 | Val Loss 0.6049 Acc 0.6731 Prec 0.7059 Rec 0.3559 F1 0.4732
  Epoch 23: Train Loss 0.5938 | Val Loss 0.6224 Acc 0.6766 Prec 0.7257 Rec 0.3475 F1 0.4699
  Epoch 24: Train Loss 0.5678 | Val Loss 0.5758 Acc 0.6923 Prec 0.6852 Rec 0.4703 F1 0.5578
  --> saved best model
  Epoch 25: Train Loss 0.5859 | Val Loss 0.5776 Acc 0.6993 Prec 0.7192 Rec 0.4449 F1 0.5497
  Epoch 26: Train Loss 0.5914 | Val Loss 0.5826 Acc 0.6958 Prec 0.7095 Rec 0.4449 F1 0.5469
  Epoch 27: Train Loss 0.5846 | Val Loss 0.6121 Acc 0.6888 Prec 0.7101 Rec 0.4153 F1 0.5241
  Epoch 28: Train Loss 0.5696 | Val Loss 0.5875 Acc 0.7045 Prec 0.7081 Rec 0.4831 F1 0.5743
  Epoch 29: Train Loss 0.5763 | Val Loss 0.6039 Acc 0.7010 Prec 0.7519 Rec 0.4110 F1 0.5315
  Epoch 30: Train Loss 0.5580 | Val Loss 0.5806 Acc 0.6906 Prec 0.6903 Rec 0.4534 F1 0.5473
  Epoch 31: Train Loss 0.5583 | Val Loss 0.5798 Acc 0.7045 Prec 0.7310 Rec 0.4492 F1 0.5564
  Epoch 32: Train Loss 0.5592 | Val Loss 0.5559 Acc 0.6888 Prec 0.6510 Rec 0.5297 F1 0.5841
  --> saved best model
  Epoch 33: Train Loss 0.5778 | Val Loss 0.5831 Acc 0.6888 Prec 0.6813 Rec 0.4619 F1 0.5505
  Epoch 34: Train Loss 0.5655 | Val Loss 0.5689 Acc 0.7098 Prec 0.6923 Rec 0.5339 F1 0.6029
  Epoch 35: Train Loss 0.5598 | Val Loss 0.5508 Acc 0.7063 Prec 0.6466 Rec 0.6356 F1 0.6410
  --> saved best model
  Fold 5 best-val F1  (no TTA): 0.6410
  Fold 5 best-val F1 (with TTA): 0.6761
  Fold 5 best threshold: 0.36 (val F1 0.6988 vs default-0.5 F1 0.6761)


========== Final Cross-Validation Results (EfficientNet) ==========
Mean Val Loss (last epoch): 0.5862 ± 0.0428
Mean Val Accuracy: 0.6903 ± 0.0194
Mean Val F1 Score: 0.5444 ± 0.0643
Per-fold thresholds: ['0.28', '0.26', '0.28', '0.24', '0.36']
