cuDNN benchmark enabled.
Using device: cuda
Found 10237 total JPG files
Loaded 2864 labelled samples from ['mass_train', 'calc_train'] (2864 full images + 0 cropped patches)
  - Benign: 1683
  - Malignant: 1181

========== Fold 1/10 ==========
  Epoch 1: Train Loss 0.6832 | Val Loss 0.6693 Acc 0.5854 Prec 0.5000 Rec 0.2185 F1 0.3041
  Epoch 2: Train Loss 0.6807 | Val Loss 0.7047 Acc 0.5819 Prec 0.4000 Rec 0.0168 F1 0.0323
  Epoch 3: Train Loss 0.6782 | Val Loss 0.6508 Acc 0.5784 Prec 0.4444 Rec 0.0672 F1 0.1168
  Epoch 4: Train Loss 0.6657 | Val Loss 0.6410 Acc 0.5923 Prec 0.5263 Rec 0.1681 F1 0.2548
  Unfreezing EfficientNet blocks: [8, 7]
  Epoch 5: Train Loss 0.6823 | Val Loss 0.6737 Acc 0.6028 Prec 0.7273 Rec 0.0672 F1 0.1231
  Epoch 6: Train Loss 0.6680 | Val Loss 0.6109 Acc 0.6307 Prec 0.5730 Rec 0.4286 F1 0.4904
  --> saved best model
  Epoch 7: Train Loss 0.6565 | Val Loss 0.7041 Acc 0.6098 Prec 0.8889 Rec 0.0672 F1 0.1250
  Epoch 8: Train Loss 0.6552 | Val Loss 0.6140 Acc 0.6202 Prec 0.5862 Rec 0.2857 F1 0.3842
  Epoch 9: Train Loss 0.6445 | Val Loss 0.6196 Acc 0.6376 Prec 0.6744 Rec 0.2437 F1 0.3580
  Epoch 10: Train Loss 0.6325 | Val Loss 0.6096 Acc 0.6237 Prec 0.5965 Rec 0.2857 F1 0.3864
  --> saved best model
  Unfreezing EfficientNet blocks: [6]
  Epoch 11: Train Loss 0.6407 | Val Loss 0.6159 Acc 0.6202 Prec 0.6042 Rec 0.2437 F1 0.3473
  Epoch 12: Train Loss 0.6413 | Val Loss 0.5890 Acc 0.6481 Prec 0.6250 Rec 0.3782 F1 0.4712
  --> saved best model
  Epoch 13: Train Loss 0.6232 | Val Loss 0.5599 Acc 0.6864 Prec 0.6835 Rec 0.4538 F1 0.5455
  --> saved best model
  Epoch 14: Train Loss 0.6280 | Val Loss 0.5731 Acc 0.6585 Prec 0.5963 Rec 0.5462 F1 0.5702
  Epoch 15: Train Loss 0.6134 | Val Loss 0.6025 Acc 0.6585 Prec 0.6981 Rec 0.3109 F1 0.4302
  Epoch 16: Train Loss 0.5994 | Val Loss 0.5824 Acc 0.6620 Prec 0.6774 Rec 0.3529 F1 0.4641
  Unfreezing EfficientNet blocks: [5]
  Epoch 17: Train Loss 0.6181 | Val Loss 0.5710 Acc 0.6585 Prec 0.6615 Rec 0.3613 F1 0.4674
  Epoch 18: Train Loss 0.6203 | Val Loss 0.5775 Acc 0.6620 Prec 0.6774 Rec 0.3529 F1 0.4641
  Epoch 19: Train Loss 0.6095 | Val Loss 0.5757 Acc 0.6864 Prec 0.6790 Rec 0.4622 F1 0.5500
  Epoch 20: Train Loss 0.6047 | Val Loss 0.5602 Acc 0.6899 Prec 0.6364 Rec 0.5882 F1 0.6114
  Epoch 21: Train Loss 0.5954 | Val Loss 0.5535 Acc 0.6725 Prec 0.6000 Rec 0.6303 F1 0.6148
  --> saved best model
  Epoch 22: Train Loss 0.5941 | Val Loss 0.5506 Acc 0.6864 Prec 0.6283 Rec 0.5966 F1 0.6121
  --> saved best model
  Epoch 23: Train Loss 0.5734 | Val Loss 0.5494 Acc 0.6760 Prec 0.6226 Rec 0.5546 F1 0.5867
  --> saved best model
  Epoch 24: Train Loss 0.5797 | Val Loss 0.5522 Acc 0.6969 Prec 0.6633 Rec 0.5462 F1 0.5991
  Epoch 25: Train Loss 0.5730 | Val Loss 0.5580 Acc 0.6794 Prec 0.6286 Rec 0.5546 F1 0.5893
  Epoch 26: Train Loss 0.5977 | Val Loss 0.5422 Acc 0.6934 Prec 0.6535 Rec 0.5546 F1 0.6000
  --> saved best model
  Epoch 27: Train Loss 0.5879 | Val Loss 0.5515 Acc 0.7038 Prec 0.6771 Rec 0.5462 F1 0.6047
  Epoch 28: Train Loss 0.5857 | Val Loss 0.5494 Acc 0.7073 Prec 0.6699 Rec 0.5798 F1 0.6216
  Epoch 29: Train Loss 0.5742 | Val Loss 0.5706 Acc 0.6969 Prec 0.6600 Rec 0.5546 F1 0.6027
  Epoch 30: Train Loss 0.5654 | Val Loss 0.5487 Acc 0.7038 Prec 0.6349 Rec 0.6723 F1 0.6531
  Epoch 31: Train Loss 0.5573 | Val Loss 0.5623 Acc 0.7073 Prec 0.6882 Rec 0.5378 F1 0.6038
  Epoch 32: Train Loss 0.5614 | Val Loss 0.5631 Acc 0.7038 Prec 0.6977 Rec 0.5042 F1 0.5854
  Epoch 33: Train Loss 0.5840 | Val Loss 0.5387 Acc 0.7143 Prec 0.6529 Rec 0.6639 F1 0.6583
  --> saved best model
  Epoch 34: Train Loss 0.5763 | Val Loss 0.5622 Acc 0.6934 Prec 0.6505 Rec 0.5630 F1 0.6036
  Epoch 35: Train Loss 0.5733 | Val Loss 0.5568 Acc 0.7073 Prec 0.6966 Rec 0.5210 F1 0.5962
  Fold 1 best-val F1  (no TTA): 0.6583
  Fold 1 best-val F1 (with TTA): 0.6582
  Fold 1 best threshold: 0.40 (val F1 0.7122 vs default-0.5 F1 0.6582)


========== Fold 2/10 ==========
  Epoch 1: Train Loss 0.6928 | Val Loss 0.6932 Acc 0.5889 Prec 0.0000 Rec 0.0000 F1 0.0000
  Epoch 2: Train Loss 0.6799 | Val Loss 0.6717 Acc 0.5854 Prec 0.4615 Rec 0.0508 F1 0.0916
  Epoch 3: Train Loss 0.6750 | Val Loss 0.6470 Acc 0.6132 Prec 0.6522 Rec 0.1271 F1 0.2128
  Epoch 4: Train Loss 0.6616 | Val Loss 0.6687 Acc 0.5993 Prec 0.6154 Rec 0.0678 F1 0.1221
  Unfreezing EfficientNet blocks: [8, 7]
  Epoch 5: Train Loss 0.6778 | Val Loss 0.6263 Acc 0.6202 Prec 0.5882 Rec 0.2542 F1 0.3550
  Epoch 6: Train Loss 0.6670 | Val Loss 0.6225 Acc 0.6202 Prec 0.6216 Rec 0.1949 F1 0.2968
  --> saved best model
  Epoch 7: Train Loss 0.6563 | Val Loss 0.6377 Acc 0.6237 Prec 0.7500 Rec 0.1271 F1 0.2174
  Epoch 8: Train Loss 0.6635 | Val Loss 0.5776 Acc 0.6969 Prec 0.6824 Rec 0.4915 F1 0.5714
  --> saved best model
  Epoch 9: Train Loss 0.6421 | Val Loss 0.5981 Acc 0.6307 Prec 0.6154 Rec 0.2712 F1 0.3765
  Epoch 10: Train Loss 0.6426 | Val Loss 0.5946 Acc 0.6551 Prec 0.7021 Rec 0.2797 F1 0.4000
  Unfreezing EfficientNet blocks: [6]
  Epoch 11: Train Loss 0.6391 | Val Loss 0.5647 Acc 0.6725 Prec 0.6304 Rec 0.4915 F1 0.5524
  --> saved best model
  Epoch 12: Train Loss 0.6378 | Val Loss 0.5914 Acc 0.6655 Prec 0.7115 Rec 0.3136 F1 0.4353
  Epoch 13: Train Loss 0.6308 | Val Loss 0.6149 Acc 0.6585 Prec 0.7273 Rec 0.2712 F1 0.3951
  Epoch 14: Train Loss 0.6250 | Val Loss 0.5837 Acc 0.6585 Prec 0.6515 Rec 0.3644 F1 0.4674
  Epoch 15: Train Loss 0.6085 | Val Loss 0.5648 Acc 0.6864 Prec 0.6591 Rec 0.4915 F1 0.5631
  Epoch 16: Train Loss 0.6124 | Val Loss 0.5869 Acc 0.6376 Prec 0.5972 Rec 0.3644 F1 0.4526
  Unfreezing EfficientNet blocks: [5]
  Epoch 17: Train Loss 0.6131 | Val Loss 0.5952 Acc 0.6620 Prec 0.6438 Rec 0.3983 F1 0.4921
  Epoch 18: Train Loss 0.6092 | Val Loss 0.6057 Acc 0.6690 Prec 0.6825 Rec 0.3644 F1 0.4751
  Epoch 19: Train Loss 0.5888 | Val Loss 0.5797 Acc 0.6620 Prec 0.6235 Rec 0.4492 F1 0.5222
  Epoch 20: Train Loss 0.5931 | Val Loss 0.5639 Acc 0.6899 Prec 0.6465 Rec 0.5424 F1 0.5899
  --> saved best model
  Epoch 21: Train Loss 0.5734 | Val Loss 0.5829 Acc 0.6864 Prec 0.6321 Rec 0.5678 F1 0.5982
  Epoch 22: Train Loss 0.5787 | Val Loss 0.5698 Acc 0.6655 Prec 0.6279 Rec 0.4576 F1 0.5294
  Epoch 23: Train Loss 0.5961 | Val Loss 0.5885 Acc 0.6725 Prec 0.6463 Rec 0.4492 F1 0.5300
  Epoch 24: Train Loss 0.5719 | Val Loss 0.5807 Acc 0.6794 Prec 0.6857 Rec 0.4068 F1 0.5106
  Epoch 25: Train Loss 0.5968 | Val Loss 0.5987 Acc 0.6620 Prec 0.6400 Rec 0.4068 F1 0.4974
  Epoch 26: Train Loss 0.5957 | Val Loss 0.5566 Acc 0.6829 Prec 0.6116 Rec 0.6271 F1 0.6192
  --> saved best model
  Epoch 27: Train Loss 0.5852 | Val Loss 0.5686 Acc 0.6934 Prec 0.6389 Rec 0.5847 F1 0.6106
  Epoch 28: Train Loss 0.5823 | Val Loss 0.5502 Acc 0.7213 Prec 0.6532 Rec 0.6864 F1 0.6694
  --> saved best model
  Epoch 29: Train Loss 0.5604 | Val Loss 0.5260 Acc 0.7108 Prec 0.6549 Rec 0.6271 F1 0.6407
  --> saved best model
  Epoch 30: Train Loss 0.5653 | Val Loss 0.5923 Acc 0.6794 Prec 0.6757 Rec 0.4237 F1 0.5208
  Epoch 31: Train Loss 0.5591 | Val Loss 0.5731 Acc 0.6690 Prec 0.6620 Rec 0.3983 F1 0.4974
  Epoch 32: Train Loss 0.5496 | Val Loss 0.5550 Acc 0.7038 Prec 0.6854 Rec 0.5169 F1 0.5894
  Epoch 33: Train Loss 0.5792 | Val Loss 0.5739 Acc 0.6760 Prec 0.6712 Rec 0.4153 F1 0.5131
  Epoch 34: Train Loss 0.5623 | Val Loss 0.5730 Acc 0.6829 Prec 0.6262 Rec 0.5678 F1 0.5956
  Epoch 35: Train Loss 0.5629 | Val Loss 0.5799 Acc 0.6760 Prec 0.6404 Rec 0.4831 F1 0.5507
  Fold 2 best-val F1  (no TTA): 0.6407
  Fold 2 best-val F1 (with TTA): 0.6266
  Fold 2 best threshold: 0.25 (val F1 0.7249 vs default-0.5 F1 0.6266)


========== Fold 3/10 ==========
  Epoch 1: Train Loss 0.6873 | Val Loss 0.6699 Acc 0.5889 Prec 0.5000 Rec 0.1017 F1 0.1690
  Epoch 2: Train Loss 0.6845 | Val Loss 0.6609 Acc 0.5784 Prec 0.4516 Rec 0.1186 F1 0.1879
  Epoch 3: Train Loss 0.6738 | Val Loss 0.6607 Acc 0.6063 Prec 0.6000 Rec 0.1271 F1 0.2098
  Epoch 4: Train Loss 0.6667 | Val Loss 0.6395 Acc 0.6132 Prec 0.5686 Rec 0.2458 F1 0.3432
  Unfreezing EfficientNet blocks: [8, 7]
  Epoch 5: Train Loss 0.6762 | Val Loss 0.6633 Acc 0.6446 Prec 0.7857 Rec 0.1864 F1 0.3014
  Epoch 6: Train Loss 0.6640 | Val Loss 0.6399 Acc 0.6028 Prec 0.5526 Rec 0.1780 F1 0.2692
  --> saved best model
  Epoch 7: Train Loss 0.6580 | Val Loss 0.6459 Acc 0.6063 Prec 0.5676 Rec 0.1780 F1 0.2710
  Epoch 8: Train Loss 0.6582 | Val Loss 0.6553 Acc 0.5958 Prec 0.5417 Rec 0.1102 F1 0.1831
  Epoch 9: Train Loss 0.6370 | Val Loss 0.6176 Acc 0.6481 Prec 0.6977 Rec 0.2542 F1 0.3727
  --> saved best model
  Epoch 10: Train Loss 0.6436 | Val Loss 0.5967 Acc 0.6585 Prec 0.6389 Rec 0.3898 F1 0.4842
  --> saved best model
  Unfreezing EfficientNet blocks: [6]
  Epoch 11: Train Loss 0.6410 | Val Loss 0.6426 Acc 0.6132 Prec 0.5854 Rec 0.2034 F1 0.3019
  Epoch 12: Train Loss 0.6378 | Val Loss 0.5557 Acc 0.7143 Prec 0.6579 Rec 0.6356 F1 0.6466
  --> saved best model
  Epoch 13: Train Loss 0.6337 | Val Loss 0.5778 Acc 0.6690 Prec 0.6667 Rec 0.3898 F1 0.4920
  Epoch 14: Train Loss 0.6192 | Val Loss 0.5824 Acc 0.6725 Prec 0.7222 Rec 0.3305 F1 0.4535
  Epoch 15: Train Loss 0.6096 | Val Loss 0.5567 Acc 0.6899 Prec 0.7377 Rec 0.3814 F1 0.5028
  Epoch 16: Train Loss 0.6122 | Val Loss 0.5555 Acc 0.6760 Prec 0.6667 Rec 0.4237 F1 0.5181
  --> saved best model
  Unfreezing EfficientNet blocks: [5]
  Epoch 17: Train Loss 0.5918 | Val Loss 0.5295 Acc 0.7003 Prec 0.6739 Rec 0.5254 F1 0.5905
  --> saved best model
  Epoch 18: Train Loss 0.6085 | Val Loss 0.5343 Acc 0.7073 Prec 0.6889 Rec 0.5254 F1 0.5962
  Epoch 19: Train Loss 0.6233 | Val Loss 0.5505 Acc 0.6934 Prec 0.7778 Rec 0.3559 F1 0.4884
  Epoch 20: Train Loss 0.6006 | Val Loss 0.5182 Acc 0.7213 Prec 0.6759 Rec 0.6186 F1 0.6460
  --> saved best model
  Epoch 21: Train Loss 0.5901 | Val Loss 0.5405 Acc 0.6794 Prec 0.6711 Rec 0.4322 F1 0.5258
  Epoch 22: Train Loss 0.5924 | Val Loss 0.5138 Acc 0.7282 Prec 0.6961 Rec 0.6017 F1 0.6455
  --> saved best model
  Epoch 23: Train Loss 0.5809 | Val Loss 0.5199 Acc 0.7003 Prec 0.6600 Rec 0.5593 F1 0.6055
  Epoch 24: Train Loss 0.5861 | Val Loss 0.5217 Acc 0.6934 Prec 0.6829 Rec 0.4746 F1 0.5600
  Epoch 25: Train Loss 0.5935 | Val Loss 0.5802 Acc 0.7108 Prec 0.8302 Rec 0.3729 F1 0.5146
  Epoch 26: Train Loss 0.5864 | Val Loss 0.5549 Acc 0.6760 Prec 0.6812 Rec 0.3983 F1 0.5027
  Epoch 27: Train Loss 0.5791 | Val Loss 0.5119 Acc 0.7282 Prec 0.7128 Rec 0.5678 F1 0.6321
  --> saved best model
  Epoch 28: Train Loss 0.5768 | Val Loss 0.5293 Acc 0.7178 Prec 0.7534 Rec 0.4661 F1 0.5759
  Epoch 29: Train Loss 0.5670 | Val Loss 0.5175 Acc 0.7282 Prec 0.7564 Rec 0.5000 F1 0.6020
  Epoch 30: Train Loss 0.5651 | Val Loss 0.5192 Acc 0.7282 Prec 0.7439 Rec 0.5169 F1 0.6100
  Epoch 31: Train Loss 0.5646 | Val Loss 0.5018 Acc 0.7247 Prec 0.6970 Rec 0.5847 F1 0.6359
  --> saved best model
  Epoch 32: Train Loss 0.5613 | Val Loss 0.5378 Acc 0.7282 Prec 0.7778 Rec 0.4746 F1 0.5895
  Epoch 33: Train Loss 0.5648 | Val Loss 0.5096 Acc 0.7213 Prec 0.7500 Rec 0.4831 F1 0.5876
  Epoch 34: Train Loss 0.5791 | Val Loss 0.5401 Acc 0.7247 Prec 0.8095 Rec 0.4322 F1 0.5635
  Epoch 35: Train Loss 0.5765 | Val Loss 0.4988 Acc 0.7317 Prec 0.6916 Rec 0.6271 F1 0.6578
  --> saved best model
  Fold 3 best-val F1  (no TTA): 0.6578
  Fold 3 best-val F1 (with TTA): 0.6484
  Fold 3 best threshold: 0.24 (val F1 0.7309 vs default-0.5 F1 0.6484)


========== Fold 4/10 ==========
  Epoch 1: Train Loss 0.6861 | Val Loss 0.6604 Acc 0.5958 Prec 0.5208 Rec 0.2119 F1 0.3012
  Epoch 2: Train Loss 0.6736 | Val Loss 0.6533 Acc 0.6551 Prec 0.6173 Rec 0.4237 F1 0.5025
  Epoch 3: Train Loss 0.6751 | Val Loss 0.6626 Acc 0.6063 Prec 0.5758 Rec 0.1610 F1 0.2517
  Epoch 4: Train Loss 0.6697 | Val Loss 0.6659 Acc 0.6202 Prec 0.7143 Rec 0.1271 F1 0.2158
  Unfreezing EfficientNet blocks: [8, 7]
  Epoch 5: Train Loss 0.6779 | Val Loss 0.6861 Acc 0.5993 Prec 0.5484 Rec 0.1441 F1 0.2282
  Epoch 6: Train Loss 0.6635 | Val Loss 0.6744 Acc 0.6167 Prec 0.6333 Rec 0.1610 F1 0.2568
  --> saved best model
  Epoch 7: Train Loss 0.6585 | Val Loss 0.6682 Acc 0.6167 Prec 0.5800 Rec 0.2458 F1 0.3452
  --> saved best model
  Epoch 8: Train Loss 0.6494 | Val Loss 0.6623 Acc 0.6272 Prec 0.6667 Rec 0.1864 F1 0.2914
  --> saved best model
  Epoch 9: Train Loss 0.6342 | Val Loss 0.6431 Acc 0.6411 Prec 0.6415 Rec 0.2881 F1 0.3977
  --> saved best model
  Epoch 10: Train Loss 0.6272 | Val Loss 0.6629 Acc 0.6341 Prec 0.6512 Rec 0.2373 F1 0.3478
  Unfreezing EfficientNet blocks: [6]
  Epoch 11: Train Loss 0.6310 | Val Loss 0.6814 Acc 0.6132 Prec 0.5593 Rec 0.2797 F1 0.3729
  Epoch 12: Train Loss 0.6218 | Val Loss 0.6488 Acc 0.6272 Prec 0.5579 Rec 0.4492 F1 0.4977
  Epoch 13: Train Loss 0.6261 | Val Loss 0.7106 Acc 0.6028 Prec 0.5435 Rec 0.2119 F1 0.3049
  Epoch 14: Train Loss 0.6248 | Val Loss 0.6469 Acc 0.6481 Prec 0.6133 Rec 0.3898 F1 0.4767
  Epoch 15: Train Loss 0.6158 | Val Loss 0.6405 Acc 0.6272 Prec 0.5714 Rec 0.3729 F1 0.4513
  --> saved best model
  Epoch 16: Train Loss 0.6147 | Val Loss 0.6127 Acc 0.6481 Prec 0.5794 Rec 0.5254 F1 0.5511
  --> saved best model
  Unfreezing EfficientNet blocks: [5]
  Epoch 17: Train Loss 0.6109 | Val Loss 0.6526 Acc 0.6307 Prec 0.6000 Rec 0.3051 F1 0.4045
  Epoch 18: Train Loss 0.5918 | Val Loss 0.6164 Acc 0.6516 Prec 0.6154 Rec 0.4068 F1 0.4898
  Epoch 19: Train Loss 0.6048 | Val Loss 0.6437 Acc 0.6516 Prec 0.6552 Rec 0.3220 F1 0.4318
  Epoch 20: Train Loss 0.5950 | Val Loss 0.6120 Acc 0.6411 Prec 0.5949 Rec 0.3983 F1 0.4772
  --> saved best model
  Epoch 21: Train Loss 0.5867 | Val Loss 0.6402 Acc 0.6516 Prec 0.6071 Rec 0.4322 F1 0.5050
  Epoch 22: Train Loss 0.5825 | Val Loss 0.6681 Acc 0.6167 Prec 0.5606 Rec 0.3136 F1 0.4022
  Epoch 23: Train Loss 0.5760 | Val Loss 0.6974 Acc 0.6341 Prec 0.6140 Rec 0.2966 F1 0.4000
  Epoch 24: Train Loss 0.5792 | Val Loss 0.6726 Acc 0.6167 Prec 0.5769 Rec 0.2542 F1 0.3529
  Epoch 25: Train Loss 0.5977 | Val Loss 0.6234 Acc 0.6341 Prec 0.5915 Rec 0.3559 F1 0.4444
  Epoch 26: Train Loss 0.5707 | Val Loss 0.5999 Acc 0.6620 Prec 0.6019 Rec 0.5254 F1 0.5611
  --> saved best model
  Epoch 27: Train Loss 0.5884 | Val Loss 0.6366 Acc 0.6341 Prec 0.6182 Rec 0.2881 F1 0.3931
  Epoch 28: Train Loss 0.5694 | Val Loss 0.6581 Acc 0.6620 Prec 0.6721 Rec 0.3475 F1 0.4581
  Epoch 29: Train Loss 0.5650 | Val Loss 0.6219 Acc 0.6829 Prec 0.7077 Rec 0.3898 F1 0.5027
  Epoch 30: Train Loss 0.5576 | Val Loss 0.6141 Acc 0.6585 Prec 0.6351 Rec 0.3983 F1 0.4896
  Epoch 31: Train Loss 0.5493 | Val Loss 0.5885 Acc 0.6655 Prec 0.6250 Rec 0.4661 F1 0.5340
  --> saved best model
  Epoch 32: Train Loss 0.5565 | Val Loss 0.5978 Acc 0.6690 Prec 0.6353 Rec 0.4576 F1 0.5320
  Epoch 33: Train Loss 0.5695 | Val Loss 0.6005 Acc 0.6516 Prec 0.6023 Rec 0.4492 F1 0.5146
  Epoch 34: Train Loss 0.5745 | Val Loss 0.7254 Acc 0.6272 Prec 0.6122 Rec 0.2542 F1 0.3593
  Epoch 35: Train Loss 0.5577 | Val Loss 0.6547 Acc 0.6516 Prec 0.6324 Rec 0.3644 F1 0.4624
  Fold 4 best-val F1  (no TTA): 0.5340
  Fold 4 best-val F1 (with TTA): 0.5634
  Fold 4 best threshold: 0.28 (val F1 0.6894 vs default-0.5 F1 0.5634)


========== Fold 5/10 ==========
  Epoch 1: Train Loss 0.6853 | Val Loss 0.6620 Acc 0.6084 Prec 0.5652 Rec 0.2203 F1 0.3171
  Epoch 2: Train Loss 0.6744 | Val Loss 0.6545 Acc 0.5979 Prec 0.5517 Rec 0.1356 F1 0.2177
  Epoch 3: Train Loss 0.6737 | Val Loss 0.6591 Acc 0.5979 Prec 0.6364 Rec 0.0593 F1 0.1085
  Epoch 4: Train Loss 0.6734 | Val Loss 0.6536 Acc 0.6049 Prec 0.6471 Rec 0.0932 F1 0.1630
  Unfreezing EfficientNet blocks: [8, 7]
  Epoch 5: Train Loss 0.6661 | Val Loss 0.6448 Acc 0.6224 Prec 0.6389 Rec 0.1949 F1 0.2987
  Epoch 6: Train Loss 0.6674 | Val Loss 0.6656 Acc 0.6329 Prec 0.7097 Rec 0.1864 F1 0.2953
  --> saved best model
  Epoch 7: Train Loss 0.6594 | Val Loss 0.6220 Acc 0.6573 Prec 0.6923 Rec 0.3051 F1 0.4235
  --> saved best model
  Epoch 8: Train Loss 0.6442 | Val Loss 0.6374 Acc 0.6538 Prec 0.6377 Rec 0.3729 F1 0.4706
  Epoch 9: Train Loss 0.6343 | Val Loss 0.6247 Acc 0.6608 Prec 0.6615 Rec 0.3644 F1 0.4699
  Epoch 10: Train Loss 0.6427 | Val Loss 0.6313 Acc 0.6364 Prec 0.6346 Rec 0.2797 F1 0.3882
  Unfreezing EfficientNet blocks: [6]
  Epoch 11: Train Loss 0.6398 | Val Loss 0.6184 Acc 0.6748 Prec 0.6866 Rec 0.3898 F1 0.4973
  --> saved best model
  Epoch 12: Train Loss 0.6364 | Val Loss 0.5870 Acc 0.6888 Prec 0.6986 Rec 0.4322 F1 0.5340
  --> saved best model
  Epoch 13: Train Loss 0.6220 | Val Loss 0.5876 Acc 0.6783 Prec 0.6912 Rec 0.3983 F1 0.5054
  Epoch 14: Train Loss 0.6107 | Val Loss 0.5870 Acc 0.7028 Prec 0.7200 Rec 0.4576 F1 0.5596
  Epoch 15: Train Loss 0.6134 | Val Loss 0.5802 Acc 0.7028 Prec 0.7143 Rec 0.4661 F1 0.5641
  --> saved best model
  Epoch 16: Train Loss 0.6158 | Val Loss 0.5647 Acc 0.6958 Prec 0.6667 Rec 0.5254 F1 0.5877
  --> saved best model
  Unfreezing EfficientNet blocks: [5]
  Epoch 17: Train Loss 0.5912 | Val Loss 0.5928 Acc 0.7203 Prec 0.7714 Rec 0.4576 F1 0.5745
  Epoch 18: Train Loss 0.6070 | Val Loss 0.5773 Acc 0.7028 Prec 0.7538 Rec 0.4153 F1 0.5355
  Epoch 19: Train Loss 0.5865 | Val Loss 0.5729 Acc 0.7308 Prec 0.7733 Rec 0.4915 F1 0.6010
  Epoch 20: Train Loss 0.5863 | Val Loss 0.5516 Acc 0.7273 Prec 0.6887 Rec 0.6186 F1 0.6518
  --> saved best model
  Epoch 21: Train Loss 0.5964 | Val Loss 0.5594 Acc 0.7238 Prec 0.7294 Rec 0.5254 F1 0.6108
  Epoch 22: Train Loss 0.5946 | Val Loss 0.5619 Acc 0.7238 Prec 0.7468 Rec 0.5000 F1 0.5990
  Epoch 23: Train Loss 0.5672 | Val Loss 0.5546 Acc 0.7273 Prec 0.7222 Rec 0.5508 F1 0.6250
  Epoch 24: Train Loss 0.5776 | Val Loss 0.5603 Acc 0.7098 Prec 0.7215 Rec 0.4831 F1 0.5787
  Epoch 25: Train Loss 0.5762 | Val Loss 0.5630 Acc 0.7378 Prec 0.7263 Rec 0.5847 F1 0.6479
  Epoch 26: Train Loss 0.5824 | Val Loss 0.5665 Acc 0.7238 Prec 0.7294 Rec 0.5254 F1 0.6108
  Epoch 27: Train Loss 0.5931 | Val Loss 0.5571 Acc 0.7273 Prec 0.7326 Rec 0.5339 F1 0.6176
  Epoch 28: Train Loss 0.5736 | Val Loss 0.5660 Acc 0.7168 Prec 0.7284 Rec 0.5000 F1 0.5930
  Epoch 29: Train Loss 0.5750 | Val Loss 0.5634 Acc 0.7238 Prec 0.7746 Rec 0.4661 F1 0.5820
  Epoch 30: Train Loss 0.5651 | Val Loss 0.5662 Acc 0.7098 Prec 0.7215 Rec 0.4831 F1 0.5787
  Early stop at epoch 30 (best F1 0.6518)
  Fold 5 best-val F1  (no TTA): 0.6518
  Fold 5 best-val F1 (with TTA): 0.6860
  Fold 5 best threshold: 0.35 (val F1 0.7047 vs default-0.5 F1 0.6860)


========== Fold 6/10 ==========
  Epoch 1: Train Loss 0.6882 | Val Loss 0.6676 Acc 0.6014 Prec 0.7500 Rec 0.0508 F1 0.0952
  Epoch 2: Train Loss 0.6822 | Val Loss 0.6532 Acc 0.6084 Prec 0.7500 Rec 0.0763 F1 0.1385
  Epoch 3: Train Loss 0.6755 | Val Loss 0.6667 Acc 0.6014 Prec 0.7500 Rec 0.0508 F1 0.0952
  Epoch 4: Train Loss 0.6655 | Val Loss 0.6830 Acc 0.5909 Prec 0.6667 Rec 0.0169 F1 0.0331
  Unfreezing EfficientNet blocks: [8, 7]
  Epoch 5: Train Loss 0.6707 | Val Loss 0.6776 Acc 0.5874 Prec 0.5000 Rec 0.0254 F1 0.0484
  Epoch 6: Train Loss 0.6684 | Val Loss 0.6069 Acc 0.6608 Prec 0.7561 Rec 0.2627 F1 0.3899
  --> saved best model
  Epoch 7: Train Loss 0.6575 | Val Loss 0.6346 Acc 0.6434 Prec 0.8077 Rec 0.1780 F1 0.2917
  Epoch 8: Train Loss 0.6557 | Val Loss 0.5979 Acc 0.6748 Prec 0.7778 Rec 0.2966 F1 0.4294
  --> saved best model
  Epoch 9: Train Loss 0.6324 | Val Loss 0.6284 Acc 0.6608 Prec 0.9200 Rec 0.1949 F1 0.3217
  Epoch 10: Train Loss 0.6346 | Val Loss 0.6084 Acc 0.6643 Prec 0.8235 Rec 0.2373 F1 0.3684
  Unfreezing EfficientNet blocks: [6]
  Epoch 11: Train Loss 0.6439 | Val Loss 0.6037 Acc 0.6748 Prec 0.7193 Rec 0.3475 F1 0.4686
  Epoch 12: Train Loss 0.6417 | Val Loss 0.5897 Acc 0.6678 Prec 0.6420 Rec 0.4407 F1 0.5226
  --> saved best model
  Epoch 13: Train Loss 0.6324 | Val Loss 0.5586 Acc 0.6643 Prec 0.6410 Rec 0.4237 F1 0.5102
  --> saved best model
  Epoch 14: Train Loss 0.6268 | Val Loss 0.5670 Acc 0.6923 Prec 0.7885 Rec 0.3475 F1 0.4824
  Epoch 15: Train Loss 0.6098 | Val Loss 0.5484 Acc 0.6678 Prec 0.6769 Rec 0.3729 F1 0.4809
  --> saved best model
  Epoch 16: Train Loss 0.6106 | Val Loss 0.5655 Acc 0.6713 Prec 0.7222 Rec 0.3305 F1 0.4535
  Unfreezing EfficientNet blocks: [5]
  Epoch 17: Train Loss 0.6140 | Val Loss 0.5307 Acc 0.7098 Prec 0.6733 Rec 0.5763 F1 0.6210
  --> saved best model
  Epoch 18: Train Loss 0.6196 | Val Loss 0.5533 Acc 0.6993 Prec 0.7500 Rec 0.4068 F1 0.5275
  Epoch 19: Train Loss 0.5916 | Val Loss 0.5434 Acc 0.7133 Prec 0.7500 Rec 0.4576 F1 0.5684
  Epoch 20: Train Loss 0.5880 | Val Loss 0.5208 Acc 0.6923 Prec 0.6786 Rec 0.4831 F1 0.5644
  --> saved best model
  Epoch 21: Train Loss 0.5821 | Val Loss 0.5410 Acc 0.7063 Prec 0.6977 Rec 0.5085 F1 0.5882
  Epoch 22: Train Loss 0.5825 | Val Loss 0.5241 Acc 0.7238 Prec 0.7294 Rec 0.5254 F1 0.6108
  Epoch 23: Train Loss 0.5954 | Val Loss 0.5247 Acc 0.6958 Prec 0.6914 Rec 0.4746 F1 0.5628
  Epoch 24: Train Loss 0.5810 | Val Loss 0.5194 Acc 0.7238 Prec 0.7191 Rec 0.5424 F1 0.6184
  --> saved best model
  Epoch 25: Train Loss 0.5874 | Val Loss 0.4965 Acc 0.7413 Prec 0.7075 Rec 0.6356 F1 0.6696
  --> saved best model
  Epoch 26: Train Loss 0.5882 | Val Loss 0.5002 Acc 0.7378 Prec 0.7792 Rec 0.5085 F1 0.6154
  Epoch 27: Train Loss 0.5775 | Val Loss 0.4972 Acc 0.7587 Prec 0.7526 Rec 0.6186 F1 0.6791
  Epoch 28: Train Loss 0.5697 | Val Loss 0.4887 Acc 0.7378 Prec 0.7009 Rec 0.6356 F1 0.6667
  --> saved best model
  Epoch 29: Train Loss 0.5839 | Val Loss 0.4854 Acc 0.7552 Prec 0.7400 Rec 0.6271 F1 0.6789
  --> saved best model
  Epoch 30: Train Loss 0.5766 | Val Loss 0.4958 Acc 0.7273 Prec 0.7326 Rec 0.5339 F1 0.6176
  Epoch 31: Train Loss 0.5777 | Val Loss 0.4955 Acc 0.7413 Prec 0.7500 Rec 0.5593 F1 0.6408
  Epoch 32: Train Loss 0.5599 | Val Loss 0.4975 Acc 0.7343 Prec 0.7333 Rec 0.5593 F1 0.6346
  Epoch 33: Train Loss 0.5653 | Val Loss 0.4842 Acc 0.7622 Prec 0.7660 Rec 0.6102 F1 0.6792
  --> saved best model
  Epoch 34: Train Loss 0.5678 | Val Loss 0.5283 Acc 0.7308 Prec 0.7971 Rec 0.4661 F1 0.5882
  Epoch 35: Train Loss 0.5587 | Val Loss 0.4827 Acc 0.7378 Prec 0.7172 Rec 0.6017 F1 0.6544
  --> saved best model
  Fold 6 best-val F1  (no TTA): 0.6544
  Fold 6 best-val F1 (with TTA): 0.6606
  Fold 6 best threshold: 0.38 (val F1 0.7273 vs default-0.5 F1 0.6606)


========== Fold 7/10 ==========
  Epoch 1: Train Loss 0.6803 | Val Loss 0.6685 Acc 0.6049 Prec 0.6923 Rec 0.0763 F1 0.1374
  Epoch 2: Train Loss 0.6752 | Val Loss 0.7012 Acc 0.5909 Prec 0.5714 Rec 0.0339 F1 0.0640
  Epoch 3: Train Loss 0.6603 | Val Loss 0.6650 Acc 0.6189 Prec 0.6667 Rec 0.1525 F1 0.2483
  Epoch 4: Train Loss 0.6728 | Val Loss 0.6414 Acc 0.6189 Prec 0.6800 Rec 0.1441 F1 0.2378
  Unfreezing EfficientNet blocks: [8, 7]
  Epoch 5: Train Loss 0.6765 | Val Loss 0.7277 Acc 0.5944 Prec 0.5625 Rec 0.0763 F1 0.1343
  Epoch 6: Train Loss 0.6636 | Val Loss 0.7113 Acc 0.6049 Prec 0.6190 Rec 0.1102 F1 0.1871
  --> saved best model
  Epoch 7: Train Loss 0.6626 | Val Loss 0.6227 Acc 0.6503 Prec 0.6364 Rec 0.3559 F1 0.4565
  --> saved best model
  Epoch 8: Train Loss 0.6446 | Val Loss 0.6635 Acc 0.6294 Prec 0.7143 Rec 0.1695 F1 0.2740
  Epoch 9: Train Loss 0.6351 | Val Loss 0.6478 Acc 0.6399 Prec 0.6923 Rec 0.2288 F1 0.3439
  Epoch 10: Train Loss 0.6467 | Val Loss 0.7177 Acc 0.6084 Prec 0.6667 Rec 0.1017 F1 0.1765
  Unfreezing EfficientNet blocks: [6]
  Epoch 11: Train Loss 0.6444 | Val Loss 0.6631 Acc 0.6294 Prec 0.6429 Rec 0.2288 F1 0.3375
  Epoch 12: Train Loss 0.6368 | Val Loss 0.6467 Acc 0.6399 Prec 0.6531 Rec 0.2712 F1 0.3832
  Epoch 13: Train Loss 0.6255 | Val Loss 0.6670 Acc 0.6119 Prec 0.6000 Rec 0.1780 F1 0.2745
  Epoch 14: Train Loss 0.6202 | Val Loss 0.6319 Acc 0.6154 Prec 0.5690 Rec 0.2797 F1 0.3750
  Epoch 15: Train Loss 0.6084 | Val Loss 0.6830 Acc 0.6119 Prec 0.5946 Rec 0.1864 F1 0.2839
  Epoch 16: Train Loss 0.5969 | Val Loss 0.6477 Acc 0.6189 Prec 0.5818 Rec 0.2712 F1 0.3699
  Unfreezing EfficientNet blocks: [5]
  Epoch 17: Train Loss 0.6166 | Val Loss 0.6273 Acc 0.6259 Prec 0.5902 Rec 0.3051 F1 0.4022
  Epoch 18: Train Loss 0.6047 | Val Loss 0.6269 Acc 0.6399 Prec 0.6154 Rec 0.3390 F1 0.4372
  Epoch 19: Train Loss 0.6061 | Val Loss 0.6247 Acc 0.6329 Prec 0.6102 Rec 0.3051 F1 0.4068
  Epoch 20: Train Loss 0.5834 | Val Loss 0.6796 Acc 0.6154 Prec 0.5800 Rec 0.2458 F1 0.3452
  Epoch 21: Train Loss 0.5947 | Val Loss 0.6364 Acc 0.6434 Prec 0.6290 Rec 0.3305 F1 0.4333
  Epoch 22: Train Loss 0.5920 | Val Loss 0.6322 Acc 0.6538 Prec 0.6338 Rec 0.3814 F1 0.4762
  Epoch 23: Train Loss 0.5801 | Val Loss 0.6308 Acc 0.6503 Prec 0.6452 Rec 0.3390 F1 0.4444
  Epoch 24: Train Loss 0.5670 | Val Loss 0.6086 Acc 0.6608 Prec 0.6329 Rec 0.4237 F1 0.5076
  --> saved best model
  Epoch 25: Train Loss 0.5880 | Val Loss 0.6483 Acc 0.6469 Prec 0.6393 Rec 0.3305 F1 0.4358
  Epoch 26: Train Loss 0.5701 | Val Loss 0.5869 Acc 0.6818 Prec 0.6286 Rec 0.5593 F1 0.5919
  --> saved best model
  Epoch 27: Train Loss 0.5794 | Val Loss 0.6444 Acc 0.6434 Prec 0.6176 Rec 0.3559 F1 0.4516
  Epoch 28: Train Loss 0.5721 | Val Loss 0.6181 Acc 0.6608 Prec 0.6296 Rec 0.4322 F1 0.5126
  Epoch 29: Train Loss 0.5757 | Val Loss 0.5842 Acc 0.6783 Prec 0.6477 Rec 0.4831 F1 0.5534
  --> saved best model
  Epoch 30: Train Loss 0.5718 | Val Loss 0.6114 Acc 0.6608 Prec 0.6479 Rec 0.3898 F1 0.4868
  Epoch 31: Train Loss 0.5596 | Val Loss 0.6149 Acc 0.6538 Prec 0.6462 Rec 0.3559 F1 0.4590
  Epoch 32: Train Loss 0.5688 | Val Loss 0.6010 Acc 0.6643 Prec 0.6279 Rec 0.4576 F1 0.5294
  Epoch 33: Train Loss 0.5620 | Val Loss 0.6481 Acc 0.6608 Prec 0.6667 Rec 0.3559 F1 0.4641
  Epoch 34: Train Loss 0.5667 | Val Loss 0.6395 Acc 0.6538 Prec 0.6727 Rec 0.3136 F1 0.4277
  Epoch 35: Train Loss 0.5702 | Val Loss 0.6085 Acc 0.6643 Prec 0.6618 Rec 0.3814 F1 0.4839
  Fold 7 best-val F1  (no TTA): 0.5534
  Fold 7 best-val F1 (with TTA): 0.5561
  Fold 7 best threshold: 0.26 (val F1 0.6871 vs default-0.5 F1 0.5561)


========== Fold 8/10 ==========
  Epoch 1: Train Loss 0.6870 | Val Loss 0.6693 Acc 0.5944 Prec 0.6667 Rec 0.0339 F1 0.0645
  Epoch 2: Train Loss 0.6799 | Val Loss 0.6589 Acc 0.5944 Prec 0.5217 Rec 0.2034 F1 0.2927
  Epoch 3: Train Loss 0.6697 | Val Loss 0.6603 Acc 0.6049 Prec 0.6000 Rec 0.1271 F1 0.2098
  Epoch 4: Train Loss 0.6629 | Val Loss 0.6446 Acc 0.6189 Prec 0.6286 Rec 0.1864 F1 0.2876
  Unfreezing EfficientNet blocks: [8, 7]
  Epoch 5: Train Loss 0.6798 | Val Loss 0.6272 Acc 0.6294 Prec 0.7000 Rec 0.1780 F1 0.2838
  Epoch 6: Train Loss 0.6705 | Val Loss 0.6084 Acc 0.6434 Prec 0.7222 Rec 0.2203 F1 0.3377
  --> saved best model
  Epoch 7: Train Loss 0.6554 | Val Loss 0.6332 Acc 0.6329 Prec 0.7600 Rec 0.1610 F1 0.2657
  Epoch 8: Train Loss 0.6540 | Val Loss 0.6043 Acc 0.6678 Prec 0.7347 Rec 0.3051 F1 0.4311
  --> saved best model
  Epoch 9: Train Loss 0.6435 | Val Loss 0.5879 Acc 0.6853 Prec 0.7593 Rec 0.3475 F1 0.4767
  --> saved best model
  Epoch 10: Train Loss 0.6419 | Val Loss 0.5776 Acc 0.6678 Prec 0.6716 Rec 0.3814 F1 0.4865
  --> saved best model
  Unfreezing EfficientNet blocks: [6]
  Epoch 11: Train Loss 0.6531 | Val Loss 0.6260 Acc 0.6538 Prec 0.8065 Rec 0.2119 F1 0.3356
  Epoch 12: Train Loss 0.6363 | Val Loss 0.5672 Acc 0.6958 Prec 0.7246 Rec 0.4237 F1 0.5348
  --> saved best model
  Epoch 13: Train Loss 0.6282 | Val Loss 0.6122 Acc 0.6434 Prec 0.7105 Rec 0.2288 F1 0.3462
  Epoch 14: Train Loss 0.6221 | Val Loss 0.5782 Acc 0.6783 Prec 0.6912 Rec 0.3983 F1 0.5054
  Epoch 15: Train Loss 0.6131 | Val Loss 0.5644 Acc 0.6888 Prec 0.6933 Rec 0.4407 F1 0.5389
  --> saved best model
  Epoch 16: Train Loss 0.6000 | Val Loss 0.5782 Acc 0.6783 Prec 0.6970 Rec 0.3898 F1 0.5000
  Unfreezing EfficientNet blocks: [5]
  Epoch 17: Train Loss 0.6034 | Val Loss 0.5877 Acc 0.6678 Prec 0.7347 Rec 0.3051 F1 0.4311
  Epoch 18: Train Loss 0.6127 | Val Loss 0.5678 Acc 0.7133 Prec 0.7368 Rec 0.4746 F1 0.5773
  Epoch 19: Train Loss 0.5964 | Val Loss 0.5553 Acc 0.6853 Prec 0.6795 Rec 0.4492 F1 0.5408
  --> saved best model
  Epoch 20: Train Loss 0.6011 | Val Loss 0.5713 Acc 0.6958 Prec 0.7460 Rec 0.3983 F1 0.5193
  Epoch 21: Train Loss 0.5982 | Val Loss 0.5996 Acc 0.6818 Prec 0.7647 Rec 0.3305 F1 0.4615
  Epoch 22: Train Loss 0.5975 | Val Loss 0.5450 Acc 0.7098 Prec 0.7215 Rec 0.4831 F1 0.5787
  --> saved best model
  Epoch 23: Train Loss 0.5890 | Val Loss 0.5445 Acc 0.7098 Prec 0.7160 Rec 0.4915 F1 0.5829
  --> saved best model
  Epoch 24: Train Loss 0.5929 | Val Loss 0.5546 Acc 0.6958 Prec 0.7246 Rec 0.4237 F1 0.5348
  Epoch 25: Train Loss 0.5973 | Val Loss 0.5857 Acc 0.7028 Prec 0.7895 Rec 0.3814 F1 0.5143
  Epoch 26: Train Loss 0.5957 | Val Loss 0.5371 Acc 0.7028 Prec 0.6941 Rec 0.5000 F1 0.5813
  --> saved best model
  Epoch 27: Train Loss 0.5755 | Val Loss 0.5589 Acc 0.6923 Prec 0.6875 Rec 0.4661 F1 0.5556
  Epoch 28: Train Loss 0.5724 | Val Loss 0.5524 Acc 0.6923 Prec 0.6829 Rec 0.4746 F1 0.5600
  Epoch 29: Train Loss 0.5549 | Val Loss 0.5405 Acc 0.7028 Prec 0.6941 Rec 0.5000 F1 0.5813
  Epoch 30: Train Loss 0.5659 | Val Loss 0.5407 Acc 0.7203 Prec 0.7209 Rec 0.5254 F1 0.6078
  Epoch 31: Train Loss 0.5663 | Val Loss 0.5384 Acc 0.7098 Prec 0.6966 Rec 0.5254 F1 0.5990
  Epoch 32: Train Loss 0.5667 | Val Loss 0.5556 Acc 0.6993 Prec 0.6905 Rec 0.4915 F1 0.5743
  Epoch 33: Train Loss 0.5729 | Val Loss 0.5522 Acc 0.7133 Prec 0.7308 Rec 0.4831 F1 0.5816
  Epoch 34: Train Loss 0.5753 | Val Loss 0.5803 Acc 0.6993 Prec 0.7105 Rec 0.4576 F1 0.5567
  Epoch 35: Train Loss 0.5688 | Val Loss 0.5843 Acc 0.6888 Prec 0.7231 Rec 0.3983 F1 0.5137
  Fold 8 best-val F1  (no TTA): 0.5813
  Fold 8 best-val F1 (with TTA): 0.6078
  Fold 8 best threshold: 0.31 (val F1 0.7341 vs default-0.5 F1 0.6078)


========== Fold 9/10 ==========
  Epoch 1: Train Loss 0.6851 | Val Loss 0.6691 Acc 0.5944 Prec 0.5139 Rec 0.3136 F1 0.3895
  Epoch 2: Train Loss 0.6746 | Val Loss 0.6939 Acc 0.5874 Prec 0.5000 Rec 0.0424 F1 0.0781
  Epoch 3: Train Loss 0.6680 | Val Loss 0.7163 Acc 0.5909 Prec 0.5556 Rec 0.0424 F1 0.0787
  Epoch 4: Train Loss 0.6662 | Val Loss 0.6714 Acc 0.6014 Prec 0.5556 Rec 0.1695 F1 0.2597
  Unfreezing EfficientNet blocks: [8, 7]
  Epoch 5: Train Loss 0.6738 | Val Loss 0.6627 Acc 0.6084 Prec 0.5484 Rec 0.2881 F1 0.3778
  Epoch 6: Train Loss 0.6620 | Val Loss 0.6406 Acc 0.6154 Prec 0.5526 Rec 0.3559 F1 0.4330
  --> saved best model
  Epoch 7: Train Loss 0.6597 | Val Loss 0.6629 Acc 0.6259 Prec 0.6486 Rec 0.2034 F1 0.3097
  Epoch 8: Train Loss 0.6527 | Val Loss 0.6374 Acc 0.6503 Prec 0.6250 Rec 0.3814 F1 0.4737
  --> saved best model
  Epoch 9: Train Loss 0.6311 | Val Loss 0.6438 Acc 0.6399 Prec 0.6364 Rec 0.2966 F1 0.4046
  Epoch 10: Train Loss 0.6221 | Val Loss 0.6374 Acc 0.6364 Prec 0.6000 Rec 0.3559 F1 0.4468
  --> saved best model
  Unfreezing EfficientNet blocks: [6]
  Epoch 11: Train Loss 0.6375 | Val Loss 0.6342 Acc 0.6259 Prec 0.5679 Rec 0.3898 F1 0.4623
  --> saved best model
  Epoch 12: Train Loss 0.6297 | Val Loss 0.6579 Acc 0.6084 Prec 0.5625 Rec 0.2288 F1 0.3253
  Epoch 13: Train Loss 0.6208 | Val Loss 0.6433 Acc 0.6224 Prec 0.5926 Rec 0.2712 F1 0.3721
  Epoch 14: Train Loss 0.6146 | Val Loss 0.6391 Acc 0.6399 Prec 0.6271 Rec 0.3136 F1 0.4181
  Epoch 15: Train Loss 0.6093 | Val Loss 0.6268 Acc 0.6678 Prec 0.6420 Rec 0.4407 F1 0.5226
  --> saved best model
  Epoch 16: Train Loss 0.5961 | Val Loss 0.6102 Acc 0.6573 Prec 0.6250 Rec 0.4237 F1 0.5051
  --> saved best model
  Unfreezing EfficientNet blocks: [5]
  Epoch 17: Train Loss 0.6187 | Val Loss 0.6104 Acc 0.6469 Prec 0.6164 Rec 0.3814 F1 0.4712
  Epoch 18: Train Loss 0.5997 | Val Loss 0.6297 Acc 0.6434 Prec 0.5976 Rec 0.4153 F1 0.4900
  Epoch 19: Train Loss 0.5993 | Val Loss 0.6143 Acc 0.6399 Prec 0.6087 Rec 0.3559 F1 0.4492
  Epoch 20: Train Loss 0.5868 | Val Loss 0.6009 Acc 0.6818 Prec 0.6364 Rec 0.5339 F1 0.5806
  --> saved best model
  Epoch 21: Train Loss 0.5877 | Val Loss 0.5845 Acc 0.6853 Prec 0.6556 Rec 0.5000 F1 0.5673
  --> saved best model
  Epoch 22: Train Loss 0.5898 | Val Loss 0.6081 Acc 0.6713 Prec 0.6500 Rec 0.4407 F1 0.5253
  Epoch 23: Train Loss 0.5793 | Val Loss 0.6054 Acc 0.6713 Prec 0.6622 Rec 0.4153 F1 0.5104
  Epoch 24: Train Loss 0.5802 | Val Loss 0.6051 Acc 0.6608 Prec 0.6400 Rec 0.4068 F1 0.4974
  Epoch 25: Train Loss 0.5875 | Val Loss 0.6120 Acc 0.6538 Prec 0.6173 Rec 0.4237 F1 0.5025
  Epoch 26: Train Loss 0.5815 | Val Loss 0.6043 Acc 0.6573 Prec 0.6042 Rec 0.4915 F1 0.5421
  Epoch 27: Train Loss 0.5805 | Val Loss 0.6902 Acc 0.6364 Prec 0.6842 Rec 0.2203 F1 0.3333
  Epoch 28: Train Loss 0.5797 | Val Loss 0.6191 Acc 0.6434 Prec 0.6026 Rec 0.3983 F1 0.4796
  Epoch 29: Train Loss 0.5723 | Val Loss 0.6151 Acc 0.6434 Prec 0.6081 Rec 0.3814 F1 0.4688
  Epoch 30: Train Loss 0.5551 | Val Loss 0.6038 Acc 0.6538 Prec 0.6044 Rec 0.4661 F1 0.5263
  Epoch 31: Train Loss 0.5587 | Val Loss 0.6371 Acc 0.6399 Prec 0.6190 Rec 0.3305 F1 0.4309
  Early stop at epoch 31 (best F1 0.5673)
  Fold 9 best-val F1  (no TTA): 0.5673
  Fold 9 best-val F1 (with TTA): 0.5845
  Fold 9 best threshold: 0.38 (val F1 0.6891 vs default-0.5 F1 0.5845)


========== Fold 10/10 ==========
  Epoch 1: Train Loss 0.6838 | Val Loss 0.6502 Acc 0.5979 Prec 0.5455 Rec 0.1525 F1 0.2384
  Epoch 2: Train Loss 0.6742 | Val Loss 0.6565 Acc 0.6049 Prec 0.6667 Rec 0.0847 F1 0.1504
  Epoch 3: Train Loss 0.6774 | Val Loss 0.6515 Acc 0.5839 Prec 0.4872 Rec 0.1610 F1 0.2420
  Epoch 4: Train Loss 0.6712 | Val Loss 0.6616 Acc 0.5804 Prec 0.4444 Rec 0.0678 F1 0.1176
  Unfreezing EfficientNet blocks: [8, 7]
  Epoch 5: Train Loss 0.6771 | Val Loss 0.6411 Acc 0.6224 Prec 0.5403 Rec 0.5678 F1 0.5537
  Epoch 6: Train Loss 0.6586 | Val Loss 0.6858 Acc 0.5874 Prec 0.5000 Rec 0.0932 F1 0.1571
  --> saved best model
  Epoch 7: Train Loss 0.6610 | Val Loss 0.6610 Acc 0.5874 Prec 0.5000 Rec 0.1949 F1 0.2805
  --> saved best model
  Epoch 8: Train Loss 0.6509 | Val Loss 0.6463 Acc 0.6224 Prec 0.7083 Rec 0.1441 F1 0.2394
  --> saved best model
  Epoch 9: Train Loss 0.6416 | Val Loss 0.6147 Acc 0.6259 Prec 0.6667 Rec 0.1864 F1 0.2914
  --> saved best model
  Epoch 10: Train Loss 0.6394 | Val Loss 0.6218 Acc 0.6259 Prec 0.6897 Rec 0.1695 F1 0.2721
  Unfreezing EfficientNet blocks: [6]
  Epoch 11: Train Loss 0.6437 | Val Loss 0.6015 Acc 0.6399 Prec 0.6364 Rec 0.2966 F1 0.4046
  --> saved best model
  Epoch 12: Train Loss 0.6263 | Val Loss 0.6117 Acc 0.6294 Prec 0.6579 Rec 0.2119 F1 0.3205
  Epoch 13: Train Loss 0.6401 | Val Loss 0.5836 Acc 0.6713 Prec 0.6132 Rec 0.5508 F1 0.5804
  --> saved best model
  Epoch 14: Train Loss 0.6092 | Val Loss 0.6140 Acc 0.6259 Prec 0.6170 Rec 0.2458 F1 0.3515
  Epoch 15: Train Loss 0.5992 | Val Loss 0.6089 Acc 0.6678 Prec 0.6885 Rec 0.3559 F1 0.4693
  Epoch 16: Train Loss 0.6120 | Val Loss 0.5835 Acc 0.6678 Prec 0.6885 Rec 0.3559 F1 0.4693
  --> saved best model
  Unfreezing EfficientNet blocks: [5]
  Epoch 17: Train Loss 0.6085 | Val Loss 0.5680 Acc 0.6923 Prec 0.6974 Rec 0.4492 F1 0.5464
  --> saved best model
  Epoch 18: Train Loss 0.6166 | Val Loss 0.6532 Acc 0.6538 Prec 0.7436 Rec 0.2458 F1 0.3694
  Epoch 19: Train Loss 0.6087 | Val Loss 0.5444 Acc 0.7063 Prec 0.7179 Rec 0.4746 F1 0.5714
  --> saved best model
  Epoch 20: Train Loss 0.5940 | Val Loss 0.6412 Acc 0.6503 Prec 0.7250 Rec 0.2458 F1 0.3671
  Epoch 21: Train Loss 0.6000 | Val Loss 0.5710 Acc 0.7063 Prec 0.7429 Rec 0.4407 F1 0.5532
  Epoch 22: Train Loss 0.5924 | Val Loss 0.5516 Acc 0.7028 Prec 0.7089 Rec 0.4746 F1 0.5685
  Epoch 23: Train Loss 0.5889 | Val Loss 0.5335 Acc 0.6958 Prec 0.6703 Rec 0.5169 F1 0.5837
  --> saved best model
  Epoch 24: Train Loss 0.5799 | Val Loss 0.5377 Acc 0.7098 Prec 0.6923 Rec 0.5339 F1 0.6029
  Epoch 25: Train Loss 0.5870 | Val Loss 0.5647 Acc 0.6958 Prec 0.7183 Rec 0.4322 F1 0.5397
  Epoch 26: Train Loss 0.5852 | Val Loss 0.6124 Acc 0.6608 Prec 0.6667 Rec 0.3559 F1 0.4641
  Epoch 27: Train Loss 0.5855 | Val Loss 0.6170 Acc 0.6853 Prec 0.7333 Rec 0.3729 F1 0.4944
  Epoch 28: Train Loss 0.5700 | Val Loss 0.5914 Acc 0.6888 Prec 0.7231 Rec 0.3983 F1 0.5137
  Epoch 29: Train Loss 0.5632 | Val Loss 0.5816 Acc 0.6853 Prec 0.6944 Rec 0.4237 F1 0.5263
  Epoch 30: Train Loss 0.5628 | Val Loss 0.5539 Acc 0.7098 Prec 0.7465 Rec 0.4492 F1 0.5608
  Epoch 31: Train Loss 0.5584 | Val Loss 0.5797 Acc 0.6923 Prec 0.7206 Rec 0.4153 F1 0.5269
  Epoch 32: Train Loss 0.5664 | Val Loss 0.5757 Acc 0.6923 Prec 0.7206 Rec 0.4153 F1 0.5269
  Epoch 33: Train Loss 0.5710 | Val Loss 0.5817 Acc 0.6923 Prec 0.7143 Rec 0.4237 F1 0.5319
  Early stop at epoch 33 (best F1 0.5837)
  Fold 10 best-val F1  (no TTA): 0.5837
  Fold 10 best-val F1 (with TTA): 0.6637
  Fold 10 best threshold: 0.35 (val F1 0.7174 vs default-0.5 F1 0.6637)


========== Final Cross-Validation Results (EfficientNet) ==========
Mean Val Loss (last epoch): 0.5751 ± 0.0512
Mean Val Accuracy: 0.6899 ± 0.0309
Mean Val F1 Score: 0.5460 ± 0.0729
Per-fold thresholds: ['0.40', '0.25', '0.24', '0.28', '0.35', '0.38', '0.26', '0.31', '0.38', '0.35']
