Found 10237 total JPG files
Loaded 2864 labelled samples from ['mass_train', 'calc_train'] (2864 full images + 0 cropped patches)
  - Benign: 1683
  - Malignant: 1181

==================================================
  Fold 1 / 5
==================================================
  Epoch  1 | Train Loss 0.5251 | Val Loss 0.6341 Acc 0.6353 Prec 0.5437 Rec 0.7119 F1 0.6165
  Epoch  2 | Train Loss 0.4995 | Val Loss 0.6282 Acc 0.6161 Prec 0.5388 Rec 0.4703 F1 0.5023
  Epoch  3 | Train Loss 0.4699 | Val Loss 0.5989 Acc 0.6597 Prec 0.5858 Rec 0.5932 F1 0.5895
  Epoch  4 | Train Loss 0.4655 | Val Loss 0.5778 Acc 0.6684 Prec 0.6173 Rec 0.5127 F1 0.5602
  [Fold 1] Epoch 5: Unfreezing ['layer4']
  [Warmup] Freshly-unfrozen LR = 2.00e-05 (step 1/2)
  Epoch  5 | Train Loss 0.4663 | Val Loss 0.6073 Acc 0.6178 Prec 0.5365 Rec 0.5297 F1 0.5330
  [Warmup] Freshly-unfrozen LR = 4.00e-05 (step 2/2)
  Epoch  6 | Train Loss 0.4489 | Val Loss 0.5679 Acc 0.6876 Prec 0.5893 Rec 0.7966 F1 0.6775
  Epoch  7 | Train Loss 0.4413 | Val Loss 0.5834 Acc 0.6702 Prec 0.5673 Rec 0.8390 F1 0.6769
  Epoch  8 | Train Loss 0.4324 | Val Loss 0.5560 Acc 0.6632 Prec 0.5657 Rec 0.7839 F1 0.6572
  --> saved best model
  Epoch  9 | Train Loss 0.4236 | Val Loss 0.5464 Acc 0.6614 Prec 0.5714 Rec 0.7119 F1 0.6340
  --> saved best model
  [Fold 1] Epoch 10: Unfreezing ['layer3']
  [Warmup] Freshly-unfrozen LR = 2.00e-05 (step 1/2)
  Epoch 10 | Train Loss 0.4211 | Val Loss 0.5623 Acc 0.6824 Prec 0.5758 Rec 0.8686 F1 0.6926
  [Warmup] Freshly-unfrozen LR = 4.00e-05 (step 2/2)
  Epoch 11 | Train Loss 0.4214 | Val Loss 0.5869 Acc 0.6614 Prec 0.5556 Rec 0.8898 F1 0.6840
  Epoch 12 | Train Loss 0.4090 | Val Loss 0.5412 Acc 0.6719 Prec 0.5795 Rec 0.7415 F1 0.6506
  --> saved best model
  Epoch 13 | Train Loss 0.4013 | Val Loss 0.5405 Acc 0.6894 Prec 0.5824 Rec 0.8686 F1 0.6973
  --> saved best model
  Epoch 14 | Train Loss 0.3941 | Val Loss 0.5497 Acc 0.6981 Prec 0.5873 Rec 0.8983 F1 0.7102
  Epoch 15 | Train Loss 0.3787 | Val Loss 0.5083 Acc 0.6981 Prec 0.5963 Rec 0.8263 F1 0.6927
  --> saved best model
  Epoch 16 | Train Loss 0.3687 | Val Loss 0.5378 Acc 0.6824 Prec 0.5699 Rec 0.9322 F1 0.7074
  Epoch 17 | Train Loss 0.3651 | Val Loss 0.5311 Acc 0.6876 Prec 0.5794 Rec 0.8814 F1 0.6992
  Epoch 18 | Train Loss 0.3534 | Val Loss 0.5088 Acc 0.6946 Prec 0.5874 Rec 0.8686 F1 0.7009
  Epoch 19 | Train Loss 0.3477 | Val Loss 0.5247 Acc 0.6981 Prec 0.5918 Rec 0.8602 F1 0.7012
  Epoch 20 | Train Loss 0.3399 | Val Loss 0.5076 Acc 0.6894 Prec 0.5848 Rec 0.8475 F1 0.6920
  --> saved best model
  Epoch 21 | Train Loss 0.3323 | Val Loss 0.5251 Acc 0.7016 Prec 0.5881 Rec 0.9195 F1 0.7174
  Epoch 22 | Train Loss 0.3320 | Val Loss 0.5103 Acc 0.6946 Prec 0.5894 Rec 0.8517 F1 0.6967
  Epoch 23 | Train Loss 0.3301 | Val Loss 0.5340 Acc 0.6998 Prec 0.5860 Rec 0.9237 F1 0.7171
  Epoch 24 | Train Loss 0.3231 | Val Loss 0.5243 Acc 0.7155 Prec 0.6000 Rec 0.9280 F1 0.7288
  Epoch 25 | Train Loss 0.3352 | Val Loss 0.5072 Acc 0.7033 Prec 0.6012 Rec 0.8305 F1 0.6975
  --> saved best model
  Epoch 26 | Train Loss 0.3345 | Val Loss 0.5044 Acc 0.7086 Prec 0.6018 Rec 0.8644 F1 0.7096
  --> saved best model
  Epoch 27 | Train Loss 0.3245 | Val Loss 0.5137 Acc 0.7173 Prec 0.6095 Rec 0.8729 F1 0.7178
  Epoch 28 | Train Loss 0.3173 | Val Loss 0.5018 Acc 0.7295 Prec 0.6346 Rec 0.8093 F1 0.7114
  --> saved best model
  Epoch 29 | Train Loss 0.3187 | Val Loss 0.4905 Acc 0.7295 Prec 0.6346 Rec 0.8093 F1 0.7114
  --> saved best model
  Epoch 30 | Train Loss 0.3032 | Val Loss 0.4994 Acc 0.7295 Prec 0.6262 Rec 0.8517 F1 0.7217
  Epoch 31 | Train Loss 0.2868 | Val Loss 0.4877 Acc 0.7504 Prec 0.6486 Rec 0.8602 F1 0.7395
  --> saved best model
  Epoch 32 | Train Loss 0.2821 | Val Loss 0.5016 Acc 0.7365 Prec 0.6324 Rec 0.8602 F1 0.7289
  Epoch 33 | Train Loss 0.2773 | Val Loss 0.5070 Acc 0.7225 Prec 0.6296 Rec 0.7924 F1 0.7017
  Epoch 34 | Train Loss 0.2686 | Val Loss 0.4938 Acc 0.7260 Prec 0.6416 Rec 0.7585 F1 0.6951
  Epoch 35 | Train Loss 0.2659 | Val Loss 0.5028 Acc 0.7469 Prec 0.6585 Rec 0.8008 F1 0.7228
  Epoch 36 | Train Loss 0.2553 | Val Loss 0.4876 Acc 0.7347 Prec 0.6533 Rec 0.7585 F1 0.7020
  --> saved best model
  Epoch 37 | Train Loss 0.2524 | Val Loss 0.5245 Acc 0.7435 Prec 0.6369 Rec 0.8771 F1 0.7380
  Epoch 38 | Train Loss 0.2507 | Val Loss 0.4913 Acc 0.7452 Prec 0.6552 Rec 0.8051 F1 0.7224
  Epoch 39 | Train Loss 0.2485 | Val Loss 0.5230 Acc 0.7400 Prec 0.6355 Rec 0.8644 F1 0.7325
  Epoch 40 | Train Loss 0.2576 | Val Loss 0.5232 Acc 0.7277 Prec 0.6227 Rec 0.8602 F1 0.7224
  Epoch 41 | Train Loss 0.2572 | Val Loss 0.5088 Acc 0.7382 Prec 0.6387 Rec 0.8390 F1 0.7253
  Epoch 42 | Train Loss 0.2543 | Val Loss 0.5266 Acc 0.7243 Prec 0.6283 Rec 0.8093 F1 0.7074
  Epoch 43 | Train Loss 0.2555 | Val Loss 0.5144 Acc 0.7277 Prec 0.6379 Rec 0.7839 F1 0.7034
  Epoch 44 | Train Loss 0.2465 | Val Loss 0.5095 Acc 0.7435 Prec 0.6642 Rec 0.7627 F1 0.7101
  Epoch 45 | Train Loss 0.2385 | Val Loss 0.4870 Acc 0.7435 Prec 0.6642 Rec 0.7627 F1 0.7101
  --> saved best model
  Epoch 46 | Train Loss 0.2312 | Val Loss 0.5053 Acc 0.7312 Prec 0.6464 Rec 0.7669 F1 0.7016
  Epoch 47 | Train Loss 0.2117 | Val Loss 0.5277 Acc 0.7417 Prec 0.6429 Rec 0.8390 F1 0.7279
  Epoch 48 | Train Loss 0.2187 | Val Loss 0.5076 Acc 0.7312 Prec 0.6464 Rec 0.7669 F1 0.7016
  Epoch 49 | Train Loss 0.2108 | Val Loss 0.4961 Acc 0.7295 Prec 0.6588 Rec 0.7119 F1 0.6843
  Epoch 50 | Train Loss 0.1973 | Val Loss 0.5099 Acc 0.7365 Prec 0.6491 Rec 0.7839 F1 0.7102
  Epoch 51 | Train Loss 0.1929 | Val Loss 0.5321 Acc 0.7487 Prec 0.6544 Rec 0.8263 F1 0.7303
  Epoch 52 | Train Loss 0.1901 | Val Loss 0.5346 Acc 0.7435 Prec 0.6519 Rec 0.8093 F1 0.7221
  Epoch 53 | Train Loss 0.1889 | Val Loss 0.5022 Acc 0.7539 Prec 0.7056 Rec 0.6907 F1 0.6981
  Epoch 54 | Train Loss 0.1924 | Val Loss 0.5772 Acc 0.7347 Prec 0.6312 Rec 0.8559 F1 0.7266
  Epoch 55 | Train Loss 0.2035 | Val Loss 0.5111 Acc 0.7522 Prec 0.6556 Rec 0.8390 F1 0.7361
  Fold 1 best-val F1  (no TTA): 0.7101
  Fold 1 best-val F1 (with TTA): 0.7129
  Fold 1 best threshold: 0.42 (val F1 0.7397 vs default-0.5 F1 0.7129)


==================================================
  Fold 2 / 5
==================================================
  Epoch  1 | Train Loss 0.5214 | Val Loss 0.6294 Acc 0.6446 Prec 0.5583 Rec 0.6667 F1 0.6077
  Epoch  2 | Train Loss 0.4976 | Val Loss 0.6104 Acc 0.6446 Prec 0.6012 Rec 0.4135 F1 0.4900
  Epoch  3 | Train Loss 0.4783 | Val Loss 0.6510 Acc 0.6028 Prec 0.5123 Rec 0.7890 F1 0.6213
  Epoch  4 | Train Loss 0.4536 | Val Loss 0.6189 Acc 0.6098 Prec 0.5284 Rec 0.5105 F1 0.5193
  [Fold 2] Epoch 5: Unfreezing ['layer4']
  [Warmup] Freshly-unfrozen LR = 2.00e-05 (step 1/2)
  Epoch  5 | Train Loss 0.4611 | Val Loss 0.6344 Acc 0.6551 Prec 0.5534 Rec 0.8523 F1 0.6711
  [Warmup] Freshly-unfrozen LR = 4.00e-05 (step 2/2)
  Epoch  6 | Train Loss 0.4586 | Val Loss 0.5941 Acc 0.6672 Prec 0.5865 Rec 0.6582 F1 0.6203
  Epoch  7 | Train Loss 0.4382 | Val Loss 0.5978 Acc 0.6551 Prec 0.5596 Rec 0.7722 F1 0.6489
  Epoch  8 | Train Loss 0.4240 | Val Loss 0.5702 Acc 0.6882 Prec 0.6074 Rec 0.6920 F1 0.6469
  --> saved best model
  Epoch  9 | Train Loss 0.4197 | Val Loss 0.5757 Acc 0.6864 Prec 0.5922 Rec 0.7722 F1 0.6703
  [Fold 2] Epoch 10: Unfreezing ['layer3']
  [Warmup] Freshly-unfrozen LR = 2.00e-05 (step 1/2)
  Epoch 10 | Train Loss 0.4231 | Val Loss 0.5653 Acc 0.6725 Prec 0.5825 Rec 0.7300 F1 0.6479
  --> saved best model
  [Warmup] Freshly-unfrozen LR = 4.00e-05 (step 2/2)
  Epoch 11 | Train Loss 0.4111 | Val Loss 0.5884 Acc 0.7021 Prec 0.5912 Rec 0.9030 F1 0.7145
  Epoch 12 | Train Loss 0.4036 | Val Loss 0.5534 Acc 0.6812 Prec 0.5789 Rec 0.8354 F1 0.6839
  --> saved best model
  Epoch 13 | Train Loss 0.3886 | Val Loss 0.5374 Acc 0.7056 Prec 0.5988 Rec 0.8692 F1 0.7091
  --> saved best model
  Epoch 14 | Train Loss 0.3770 | Val Loss 0.5479 Acc 0.7003 Prec 0.6080 Rec 0.7722 F1 0.6803
  Epoch 15 | Train Loss 0.3708 | Val Loss 0.5286 Acc 0.7021 Prec 0.6019 Rec 0.8228 F1 0.6952
  --> saved best model
  Epoch 16 | Train Loss 0.3536 | Val Loss 0.5650 Acc 0.7073 Prec 0.5989 Rec 0.8819 F1 0.7133
  Epoch 17 | Train Loss 0.3539 | Val Loss 0.5261 Acc 0.6986 Prec 0.6151 Rec 0.7215 F1 0.6641
  --> saved best model
  Epoch 18 | Train Loss 0.3444 | Val Loss 0.5368 Acc 0.7178 Prec 0.6325 Rec 0.7553 F1 0.6885
  Epoch 19 | Train Loss 0.3387 | Val Loss 0.5075 Acc 0.7195 Prec 0.6508 Rec 0.6920 F1 0.6708
  --> saved best model
  Epoch 20 | Train Loss 0.3295 | Val Loss 0.5141 Acc 0.7334 Prec 0.6364 Rec 0.8270 F1 0.7193
  Epoch 21 | Train Loss 0.3253 | Val Loss 0.5015 Acc 0.7108 Prec 0.6511 Rec 0.6456 F1 0.6483
  --> saved best model
  Epoch 22 | Train Loss 0.3214 | Val Loss 0.5084 Acc 0.7213 Prec 0.6341 Rec 0.7679 F1 0.6947
  Epoch 23 | Train Loss 0.3216 | Val Loss 0.5179 Acc 0.7265 Prec 0.6325 Rec 0.8059 F1 0.7087
  Epoch 24 | Train Loss 0.3226 | Val Loss 0.5270 Acc 0.7265 Prec 0.6266 Rec 0.8354 F1 0.7161
  Epoch 25 | Train Loss 0.3282 | Val Loss 0.5026 Acc 0.7178 Prec 0.6230 Rec 0.8017 F1 0.7011
  Epoch 26 | Train Loss 0.3239 | Val Loss 0.5238 Acc 0.7003 Prec 0.6019 Rec 0.8101 F1 0.6906
  Epoch 27 | Train Loss 0.3172 | Val Loss 0.5076 Acc 0.7369 Prec 0.6483 Rec 0.7932 F1 0.7135
  Epoch 28 | Train Loss 0.3094 | Val Loss 0.5175 Acc 0.7073 Prec 0.6169 Rec 0.7679 F1 0.6842
  Epoch 29 | Train Loss 0.2994 | Val Loss 0.5103 Acc 0.7317 Prec 0.6708 Rec 0.6878 F1 0.6792
  Epoch 30 | Train Loss 0.2919 | Val Loss 0.5135 Acc 0.7160 Prec 0.7056 Rec 0.5359 F1 0.6091
  Epoch 31 | Train Loss 0.2900 | Val Loss 0.5130 Acc 0.7247 Prec 0.6639 Rec 0.6751 F1 0.6695
  Epoch 32 | Train Loss 0.2817 | Val Loss 0.5278 Acc 0.7247 Prec 0.6436 Rec 0.7468 F1 0.6914
  Epoch 33 | Train Loss 0.2755 | Val Loss 0.5204 Acc 0.7334 Prec 0.6469 Rec 0.7806 F1 0.7075
  Early stop at epoch 33 (best F1 0.6483 at epoch 21)
  Fold 2 best-val F1  (no TTA): 0.6483
  Fold 2 best-val F1 (with TTA): 0.6996
  Fold 2 best threshold: 0.43 (val F1 0.7215 vs default-0.5 F1 0.6996)


==================================================
  Fold 3 / 5
==================================================
  Epoch  1 | Train Loss 0.5208 | Val Loss 0.6478 Acc 0.6056 Prec 0.5174 Rec 0.6314 F1 0.5687
  Epoch  2 | Train Loss 0.4808 | Val Loss 0.6256 Acc 0.6492 Prec 0.5549 Rec 0.7500 F1 0.6378
  Epoch  3 | Train Loss 0.4705 | Val Loss 0.5991 Acc 0.6387 Prec 0.5597 Rec 0.5763 F1 0.5678
  Epoch  4 | Train Loss 0.4664 | Val Loss 0.6035 Acc 0.6545 Prec 0.5688 Rec 0.6653 F1 0.6133
  [Fold 3] Epoch 5: Unfreezing ['layer4']
  [Warmup] Freshly-unfrozen LR = 2.00e-05 (step 1/2)
  Epoch  5 | Train Loss 0.4612 | Val Loss 0.6105 Acc 0.6335 Prec 0.5419 Rec 0.7119 F1 0.6154
  [Warmup] Freshly-unfrozen LR = 4.00e-05 (step 2/2)
  Epoch  6 | Train Loss 0.4494 | Val Loss 0.5793 Acc 0.6545 Prec 0.5841 Rec 0.5593 F1 0.5714
  Epoch  7 | Train Loss 0.4350 | Val Loss 0.5869 Acc 0.6387 Prec 0.5393 Rec 0.8432 F1 0.6579
  Epoch  8 | Train Loss 0.4279 | Val Loss 0.5660 Acc 0.6597 Prec 0.5568 Rec 0.8517 F1 0.6734
  --> saved best model
  Epoch  9 | Train Loss 0.4160 | Val Loss 0.5738 Acc 0.6510 Prec 0.5469 Rec 0.8898 F1 0.6774
  [Fold 3] Epoch 10: Unfreezing ['layer3']
  [Warmup] Freshly-unfrozen LR = 2.00e-05 (step 1/2)
  Epoch 10 | Train Loss 0.4166 | Val Loss 0.5828 Acc 0.6440 Prec 0.5388 Rec 0.9407 F1 0.6852
  [Warmup] Freshly-unfrozen LR = 4.00e-05 (step 2/2)
  Epoch 11 | Train Loss 0.4132 | Val Loss 0.5772 Acc 0.6579 Prec 0.5505 Rec 0.9237 F1 0.6899
  Epoch 12 | Train Loss 0.4034 | Val Loss 0.5359 Acc 0.6702 Prec 0.5647 Rec 0.8686 F1 0.6845
  --> saved best model
  Epoch 13 | Train Loss 0.3914 | Val Loss 0.5763 Acc 0.6440 Prec 0.5396 Rec 0.9237 F1 0.6813
  Epoch 14 | Train Loss 0.3843 | Val Loss 0.5350 Acc 0.6719 Prec 0.5656 Rec 0.8771 F1 0.6877
  --> saved best model
  Epoch 15 | Train Loss 0.3800 | Val Loss 0.5451 Acc 0.6859 Prec 0.5782 Rec 0.8771 F1 0.6970
  Epoch 16 | Train Loss 0.3692 | Val Loss 0.5364 Acc 0.6736 Prec 0.5694 Rec 0.8517 F1 0.6825
  Epoch 17 | Train Loss 0.3621 | Val Loss 0.5953 Acc 0.6370 Prec 0.5343 Rec 0.9237 F1 0.6770
  Epoch 18 | Train Loss 0.3547 | Val Loss 0.5313 Acc 0.6894 Prec 0.5788 Rec 0.9025 F1 0.7053
  --> saved best model
  Epoch 19 | Train Loss 0.3517 | Val Loss 0.5117 Acc 0.6876 Prec 0.5826 Rec 0.8517 F1 0.6919
  --> saved best model
  Epoch 20 | Train Loss 0.3425 | Val Loss 0.5464 Acc 0.6806 Prec 0.5703 Rec 0.9110 F1 0.7015
  Epoch 21 | Train Loss 0.3424 | Val Loss 0.5485 Acc 0.6771 Prec 0.5673 Rec 0.9110 F1 0.6992
  Epoch 22 | Train Loss 0.3388 | Val Loss 0.5169 Acc 0.6963 Prec 0.5871 Rec 0.8856 F1 0.7061
  Epoch 23 | Train Loss 0.3354 | Val Loss 0.5225 Acc 0.6998 Prec 0.5879 Rec 0.9068 F1 0.7133
  Epoch 24 | Train Loss 0.3396 | Val Loss 0.5108 Acc 0.7051 Prec 0.5938 Rec 0.8983 F1 0.7150
  --> saved best model
  Epoch 25 | Train Loss 0.3537 | Val Loss 0.5179 Acc 0.6981 Prec 0.5940 Rec 0.8432 F1 0.6970
  Epoch 26 | Train Loss 0.3447 | Val Loss 0.5096 Acc 0.7033 Prec 0.5959 Rec 0.8686 F1 0.7069
  --> saved best model
  Epoch 27 | Train Loss 0.3388 | Val Loss 0.4877 Acc 0.7452 Prec 0.6758 Rec 0.7331 F1 0.7033
  --> saved best model
  Epoch 28 | Train Loss 0.3328 | Val Loss 0.5017 Acc 0.7225 Prec 0.6238 Rec 0.8220 F1 0.7093
  Epoch 29 | Train Loss 0.3168 | Val Loss 0.4998 Acc 0.7155 Prec 0.6090 Rec 0.8644 F1 0.7145
  Epoch 30 | Train Loss 0.3162 | Val Loss 0.5031 Acc 0.7086 Prec 0.6075 Rec 0.8263 F1 0.7002
  Epoch 31 | Train Loss 0.3118 | Val Loss 0.4897 Acc 0.7120 Prec 0.6106 Rec 0.8305 F1 0.7038
  Epoch 32 | Train Loss 0.3008 | Val Loss 0.4685 Acc 0.7644 Prec 0.7045 Rec 0.7373 F1 0.7205
  --> saved best model
  Epoch 33 | Train Loss 0.2811 | Val Loss 0.4751 Acc 0.7661 Prec 0.7090 Rec 0.7331 F1 0.7208
  Epoch 34 | Train Loss 0.2731 | Val Loss 0.4836 Acc 0.7277 Prec 0.6299 Rec 0.8220 F1 0.7132
  Epoch 35 | Train Loss 0.2760 | Val Loss 0.4860 Acc 0.7365 Prec 0.6393 Rec 0.8263 F1 0.7209
  Epoch 36 | Train Loss 0.2676 | Val Loss 0.4624 Acc 0.7539 Prec 0.6678 Rec 0.8008 F1 0.7283
  --> saved best model
  Epoch 37 | Train Loss 0.2748 | Val Loss 0.4861 Acc 0.7295 Prec 0.6278 Rec 0.8432 F1 0.7197
  Epoch 38 | Train Loss 0.2697 | Val Loss 0.4738 Acc 0.7365 Prec 0.6367 Rec 0.8390 F1 0.7239
  Epoch 39 | Train Loss 0.2664 | Val Loss 0.4953 Acc 0.7312 Prec 0.6281 Rec 0.8517 F1 0.7230
  Epoch 40 | Train Loss 0.2796 | Val Loss 0.4909 Acc 0.7295 Prec 0.6254 Rec 0.8559 F1 0.7227
  Epoch 41 | Train Loss 0.2761 | Val Loss 0.4868 Acc 0.7400 Prec 0.6475 Rec 0.8093 F1 0.7194
  Epoch 42 | Train Loss 0.2775 | Val Loss 0.4891 Acc 0.7225 Prec 0.6246 Rec 0.8178 F1 0.7083
  Epoch 43 | Train Loss 0.2683 | Val Loss 0.4703 Acc 0.7295 Prec 0.6441 Rec 0.7669 F1 0.7002
  Epoch 44 | Train Loss 0.2535 | Val Loss 0.5268 Acc 0.7051 Prec 0.5954 Rec 0.8856 F1 0.7121
  Epoch 45 | Train Loss 0.2501 | Val Loss 0.4663 Acc 0.7592 Prec 0.6885 Rec 0.7585 F1 0.7218
  Epoch 46 | Train Loss 0.2381 | Val Loss 0.4619 Acc 0.7609 Prec 0.7089 Rec 0.7119 F1 0.7104
  --> saved best model
  Epoch 47 | Train Loss 0.2335 | Val Loss 0.4599 Acc 0.7696 Prec 0.6985 Rec 0.7754 F1 0.7349
  --> saved best model
  Epoch 48 | Train Loss 0.2261 | Val Loss 0.4699 Acc 0.7504 Prec 0.6655 Rec 0.7924 F1 0.7234
  Epoch 49 | Train Loss 0.2144 | Val Loss 0.4652 Acc 0.7522 Prec 0.6632 Rec 0.8093 F1 0.7290
  Epoch 50 | Train Loss 0.2173 | Val Loss 0.4707 Acc 0.7487 Prec 0.6679 Rec 0.7754 F1 0.7176
  Epoch 51 | Train Loss 0.2099 | Val Loss 0.4738 Acc 0.7487 Prec 0.6631 Rec 0.7924 F1 0.7220
  Epoch 52 | Train Loss 0.2131 | Val Loss 0.4624 Acc 0.7714 Prec 0.7011 Rec 0.7754 F1 0.7364
  Epoch 53 | Train Loss 0.2000 | Val Loss 0.4669 Acc 0.7592 Prec 0.6775 Rec 0.7924 F1 0.7305
  Epoch 54 | Train Loss 0.2057 | Val Loss 0.4606 Acc 0.7714 Prec 0.7108 Rec 0.7500 F1 0.7299
  Epoch 55 | Train Loss 0.2203 | Val Loss 0.5140 Acc 0.7400 Prec 0.6381 Rec 0.8517 F1 0.7296
  Fold 3 best-val F1  (no TTA): 0.7349
  Fold 3 best-val F1 (with TTA): 0.7319
  Fold 3 best threshold: 0.49 (val F1 0.7390 vs default-0.5 F1 0.7319)


==================================================
  Fold 4 / 5
==================================================
  Epoch  1 | Train Loss 0.5156 | Val Loss 0.6573 Acc 0.6077 Prec 0.5170 Rec 0.7106 F1 0.5986
  Epoch  2 | Train Loss 0.4843 | Val Loss 0.6185 Acc 0.6392 Prec 0.5479 Rec 0.7064 F1 0.6171
  Epoch  3 | Train Loss 0.4664 | Val Loss 0.6456 Acc 0.6095 Prec 0.5161 Rec 0.8170 F1 0.6326
  Epoch  4 | Train Loss 0.4541 | Val Loss 0.6244 Acc 0.6532 Prec 0.5920 Rec 0.5064 F1 0.5459
  [Fold 4] Epoch 5: Unfreezing ['layer4']
  [Warmup] Freshly-unfrozen LR = 2.00e-05 (step 1/2)
  Epoch  5 | Train Loss 0.4715 | Val Loss 0.5967 Acc 0.6655 Prec 0.5853 Rec 0.6426 F1 0.6126
  [Warmup] Freshly-unfrozen LR = 4.00e-05 (step 2/2)
  Epoch  6 | Train Loss 0.4480 | Val Loss 0.5798 Acc 0.6602 Prec 0.5724 Rec 0.6894 F1 0.6255
  Epoch  7 | Train Loss 0.4324 | Val Loss 0.5770 Acc 0.6883 Prec 0.6000 Rec 0.7277 F1 0.6577
  Epoch  8 | Train Loss 0.4203 | Val Loss 0.5557 Acc 0.6778 Prec 0.6032 Rec 0.6340 F1 0.6183
  --> saved best model
  Epoch  9 | Train Loss 0.4111 | Val Loss 0.5606 Acc 0.6708 Prec 0.5689 Rec 0.8255 F1 0.6736
  [Fold 4] Epoch 10: Unfreezing ['layer3']
  [Warmup] Freshly-unfrozen LR = 2.00e-05 (step 1/2)
  Epoch 10 | Train Loss 0.4152 | Val Loss 0.5554 Acc 0.6865 Prec 0.5903 Rec 0.7787 F1 0.6716
  --> saved best model
  [Warmup] Freshly-unfrozen LR = 4.00e-05 (step 2/2)
  Epoch 11 | Train Loss 0.4142 | Val Loss 0.5462 Acc 0.7058 Prec 0.6037 Rec 0.8298 F1 0.6989
  --> saved best model
  Epoch 12 | Train Loss 0.3971 | Val Loss 0.5372 Acc 0.7040 Prec 0.6058 Rec 0.8043 F1 0.6910
  --> saved best model
  Epoch 13 | Train Loss 0.3895 | Val Loss 0.5344 Acc 0.7093 Prec 0.6102 Rec 0.8128 F1 0.6971
  --> saved best model
  Epoch 14 | Train Loss 0.3793 | Val Loss 0.5301 Acc 0.7058 Prec 0.6084 Rec 0.8000 F1 0.6912
  --> saved best model
  Epoch 15 | Train Loss 0.3650 | Val Loss 0.5203 Acc 0.7285 Prec 0.6361 Rec 0.7957 F1 0.7070
  --> saved best model
  Epoch 16 | Train Loss 0.3642 | Val Loss 0.5537 Acc 0.6690 Prec 0.5642 Rec 0.8596 F1 0.6813
  Epoch 17 | Train Loss 0.3493 | Val Loss 0.5191 Acc 0.7233 Prec 0.6464 Rec 0.7234 F1 0.6827
  --> saved best model
  Epoch 18 | Train Loss 0.3396 | Val Loss 0.5267 Acc 0.7215 Prec 0.6319 Rec 0.7745 F1 0.6960
  Epoch 19 | Train Loss 0.3351 | Val Loss 0.5151 Acc 0.7303 Prec 0.6452 Rec 0.7660 F1 0.7004
  --> saved best model
  Epoch 20 | Train Loss 0.3293 | Val Loss 0.5026 Acc 0.7461 Prec 0.7009 Rec 0.6681 F1 0.6841
  --> saved best model
  Epoch 21 | Train Loss 0.3258 | Val Loss 0.5163 Acc 0.7408 Prec 0.6593 Rec 0.7660 F1 0.7087
  Epoch 22 | Train Loss 0.3180 | Val Loss 0.5151 Acc 0.7233 Prec 0.6442 Rec 0.7319 F1 0.6853
  Epoch 23 | Train Loss 0.3211 | Val Loss 0.5206 Acc 0.7215 Prec 0.6310 Rec 0.7787 F1 0.6971
  Epoch 24 | Train Loss 0.3145 | Val Loss 0.5160 Acc 0.7338 Prec 0.6578 Rec 0.7362 F1 0.6948
  Epoch 25 | Train Loss 0.3254 | Val Loss 0.5188 Acc 0.7268 Prec 0.6357 Rec 0.7872 F1 0.7034
  Epoch 26 | Train Loss 0.3217 | Val Loss 0.5363 Acc 0.7040 Prec 0.6093 Rec 0.7830 F1 0.6853
  Epoch 27 | Train Loss 0.3124 | Val Loss 0.5369 Acc 0.7110 Prec 0.6250 Rec 0.7447 F1 0.6796
  Epoch 28 | Train Loss 0.3104 | Val Loss 0.5190 Acc 0.7285 Prec 0.6724 Rec 0.6638 F1 0.6681
  Epoch 29 | Train Loss 0.2997 | Val Loss 0.5309 Acc 0.7093 Prec 0.6154 Rec 0.7830 F1 0.6891
  Epoch 30 | Train Loss 0.2890 | Val Loss 0.5155 Acc 0.7303 Prec 0.6849 Rec 0.6383 F1 0.6608
  Epoch 31 | Train Loss 0.2841 | Val Loss 0.5178 Acc 0.7268 Prec 0.6639 Rec 0.6809 F1 0.6723
  Epoch 32 | Train Loss 0.2715 | Val Loss 0.5236 Acc 0.7198 Prec 0.6271 Rec 0.7872 F1 0.6981
  Early stop at epoch 32 (best F1 0.6841 at epoch 20)
  Fold 4 best-val F1  (no TTA): 0.6841
  Fold 4 best-val F1 (with TTA): 0.6835
  Fold 4 best threshold: 0.43 (val F1 0.7148 vs default-0.5 F1 0.6835)


==================================================
  Fold 5 / 5
==================================================
  Epoch  1 | Train Loss 0.5233 | Val Loss 0.6953 Acc 0.5393 Prec 0.4676 Rec 0.8228 F1 0.5963
  Epoch  2 | Train Loss 0.4892 | Val Loss 0.6340 Acc 0.6003 Prec 0.5125 Rec 0.6920 F1 0.5889
  Epoch  3 | Train Loss 0.4795 | Val Loss 0.5943 Acc 0.6771 Prec 0.6193 Rec 0.5696 F1 0.5934
  Epoch  4 | Train Loss 0.4611 | Val Loss 0.6194 Acc 0.6230 Prec 0.5308 Rec 0.7637 F1 0.6263
  [Fold 5] Epoch 5: Unfreezing ['layer4']
  [Warmup] Freshly-unfrozen LR = 2.00e-05 (step 1/2)
  Epoch  5 | Train Loss 0.4671 | Val Loss 0.6028 Acc 0.6789 Prec 0.5764 Rec 0.8439 F1 0.6849
  [Warmup] Freshly-unfrozen LR = 4.00e-05 (step 2/2)
  Epoch  6 | Train Loss 0.4449 | Val Loss 0.5640 Acc 0.7155 Prec 0.6555 Rec 0.6582 F1 0.6568
  Epoch  7 | Train Loss 0.4331 | Val Loss 0.5662 Acc 0.6859 Prec 0.5888 Rec 0.7975 F1 0.6774
  Epoch  8 | Train Loss 0.4229 | Val Loss 0.5676 Acc 0.6963 Prec 0.5903 Rec 0.8692 F1 0.7031
  --> saved best model
  Epoch  9 | Train Loss 0.4106 | Val Loss 0.5458 Acc 0.7260 Prec 0.6266 Rec 0.8354 F1 0.7161
  --> saved best model
  [Fold 5] Epoch 10: Unfreezing ['layer3']
  [Warmup] Freshly-unfrozen LR = 2.00e-05 (step 1/2)
  Epoch 10 | Train Loss 0.4163 | Val Loss 0.5645 Acc 0.6667 Prec 0.5635 Rec 0.8608 F1 0.6811
  [Warmup] Freshly-unfrozen LR = 4.00e-05 (step 2/2)
  Epoch 11 | Train Loss 0.4172 | Val Loss 0.5824 Acc 0.6702 Prec 0.5597 Rec 0.9494 F1 0.7042
  Epoch 12 | Train Loss 0.4059 | Val Loss 0.5543 Acc 0.6841 Prec 0.5757 Rec 0.8987 F1 0.7018
  Epoch 13 | Train Loss 0.3923 | Val Loss 0.5658 Acc 0.6806 Prec 0.5678 Rec 0.9536 F1 0.7118
  Epoch 14 | Train Loss 0.3773 | Val Loss 0.5402 Acc 0.6876 Prec 0.5763 Rec 0.9241 F1 0.7099
  --> saved best model
  Epoch 15 | Train Loss 0.3723 | Val Loss 0.4983 Acc 0.7295 Prec 0.6250 Rec 0.8650 F1 0.7257
  --> saved best model
  Epoch 16 | Train Loss 0.3727 | Val Loss 0.5509 Acc 0.6841 Prec 0.5714 Rec 0.9451 F1 0.7122
  Epoch 17 | Train Loss 0.3556 | Val Loss 0.5229 Acc 0.7435 Prec 0.6331 Rec 0.9030 F1 0.7443
  Epoch 18 | Train Loss 0.3457 | Val Loss 0.4864 Acc 0.7714 Prec 0.6866 Rec 0.8228 F1 0.7486
  --> saved best model
  Epoch 19 | Train Loss 0.3440 | Val Loss 0.4968 Acc 0.7504 Prec 0.6460 Rec 0.8776 F1 0.7442
  Epoch 20 | Train Loss 0.3398 | Val Loss 0.5046 Acc 0.7679 Prec 0.6857 Rec 0.8101 F1 0.7427
  Epoch 21 | Train Loss 0.3273 | Val Loss 0.4958 Acc 0.7627 Prec 0.6724 Rec 0.8312 F1 0.7434
  Epoch 22 | Train Loss 0.3260 | Val Loss 0.5081 Acc 0.7435 Prec 0.6442 Rec 0.8481 F1 0.7322
  Epoch 23 | Train Loss 0.3249 | Val Loss 0.4890 Acc 0.7714 Prec 0.6791 Rec 0.8481 F1 0.7542
  Epoch 24 | Train Loss 0.3229 | Val Loss 0.5006 Acc 0.7661 Prec 0.6711 Rec 0.8523 F1 0.7509
  Epoch 25 | Train Loss 0.3435 | Val Loss 0.5212 Acc 0.7365 Prec 0.6378 Rec 0.8397 F1 0.7250
  Epoch 26 | Train Loss 0.3432 | Val Loss 0.5011 Acc 0.7574 Prec 0.6623 Rec 0.8439 F1 0.7421
  Epoch 27 | Train Loss 0.3211 | Val Loss 0.4691 Acc 0.7836 Prec 0.7404 Rec 0.7342 F1 0.7373
  --> saved best model
  Epoch 28 | Train Loss 0.3183 | Val Loss 0.5049 Acc 0.7487 Prec 0.6449 Rec 0.8734 F1 0.7419
  Epoch 29 | Train Loss 0.3149 | Val Loss 0.4718 Acc 0.7679 Prec 0.7342 Rec 0.6878 F1 0.7102
  Epoch 30 | Train Loss 0.3003 | Val Loss 0.4949 Acc 0.7627 Prec 0.6760 Rec 0.8186 F1 0.7405
  Epoch 31 | Train Loss 0.2935 | Val Loss 0.4695 Acc 0.7714 Prec 0.7172 Rec 0.7384 F1 0.7277
  Epoch 32 | Train Loss 0.2923 | Val Loss 0.4855 Acc 0.7679 Prec 0.6926 Rec 0.7890 F1 0.7377
  Epoch 33 | Train Loss 0.2866 | Val Loss 0.4889 Acc 0.7504 Prec 0.6556 Rec 0.8354 F1 0.7347
  Epoch 34 | Train Loss 0.2749 | Val Loss 0.4769 Acc 0.7853 Prec 0.7127 Rec 0.8059 F1 0.7564
  Epoch 35 | Train Loss 0.2673 | Val Loss 0.4930 Acc 0.7592 Prec 0.6840 Rec 0.7764 F1 0.7273
  Epoch 36 | Train Loss 0.2613 | Val Loss 0.4656 Acc 0.7627 Prec 0.7371 Rec 0.6624 F1 0.6978
  --> saved best model
  Epoch 37 | Train Loss 0.2550 | Val Loss 0.5032 Acc 0.7592 Prec 0.6787 Rec 0.7932 F1 0.7315
  Epoch 38 | Train Loss 0.2524 | Val Loss 0.4985 Acc 0.7539 Prec 0.6739 Rec 0.7848 F1 0.7251
  Epoch 39 | Train Loss 0.2525 | Val Loss 0.4628 Acc 0.7679 Prec 0.7407 Rec 0.6751 F1 0.7064
  --> saved best model
  Epoch 40 | Train Loss 0.2662 | Val Loss 0.5105 Acc 0.7365 Prec 0.6483 Rec 0.7932 F1 0.7135
  Epoch 41 | Train Loss 0.2632 | Val Loss 0.4988 Acc 0.7539 Prec 0.6589 Rec 0.8397 F1 0.7384
  Epoch 42 | Train Loss 0.2622 | Val Loss 0.4740 Acc 0.7644 Prec 0.7257 Rec 0.6920 F1 0.7084
  Epoch 43 | Train Loss 0.2525 | Val Loss 0.5223 Acc 0.7435 Prec 0.6461 Rec 0.8397 F1 0.7303
  Epoch 44 | Train Loss 0.2497 | Val Loss 0.4758 Acc 0.7661 Prec 0.7784 Rec 0.6076 F1 0.6825
  Epoch 45 | Train Loss 0.2385 | Val Loss 0.5308 Acc 0.7330 Prec 0.6355 Rec 0.8312 F1 0.7203
  Epoch 46 | Train Loss 0.2310 | Val Loss 0.5430 Acc 0.7277 Prec 0.6364 Rec 0.7975 F1 0.7079
  Epoch 47 | Train Loss 0.2210 | Val Loss 0.5286 Acc 0.7365 Prec 0.6483 Rec 0.7932 F1 0.7135
  Epoch 48 | Train Loss 0.2129 | Val Loss 0.4652 Acc 0.7661 Prec 0.7373 Rec 0.6751 F1 0.7048
  Epoch 49 | Train Loss 0.2164 | Val Loss 0.4800 Acc 0.7714 Prec 0.7227 Rec 0.7257 F1 0.7242
  Epoch 50 | Train Loss 0.2113 | Val Loss 0.4928 Acc 0.7627 Prec 0.7012 Rec 0.7426 F1 0.7213
  Epoch 51 | Train Loss 0.1990 | Val Loss 0.4739 Acc 0.7627 Prec 0.7028 Rec 0.7384 F1 0.7202
  Early stop at epoch 51 (best F1 0.7064 at epoch 39)
  Fold 5 best-val F1  (no TTA): 0.7064
  Fold 5 best-val F1 (with TTA): 0.7265
  Fold 5 best threshold: 0.42 (val F1 0.7467 vs default-0.5 F1 0.7265)


==================================================
  Final cross-validation results (ResNet-50 v2)
==================================================
  Val F1 no-TTA  (mean ± std): 0.6968 ± 0.0291
  Val F1 TTA     (mean ± std): 0.7109 ± 0.0177
  Per-fold thresholds: ['0.42', '0.43', '0.49', '0.43', '0.42']
==================================================
