forrtl: error (200): program aborting due to window-CLOSE event
Image              PC                Routine            Line        Source             
KERNELBASE.dll     00007FFD48453BDD  Unknown               Unknown  Unknown
KERNEL32.DLL       00007FFD49FFCCB7  Unknown               Unknown  Unknown
ntdll.dll          00007FFD4B22AD6C  Unknown               Unknown  Unknown
forrtl: error (200): program aborting due to window-CLOSE event
Image              PC                Routine            Line        Source             
KERNELBASE.dll     00007FFD48453BDD  Unknown               Unknown  Unknown
KERNEL32.DLL       00007FFD49FFCCB7  Unknown               Unknown  Unknown
ntdll.dll          00007FFD4B22AD6C  Unknown               Unknown  Unknown
forrtl: error (200): program aborting due to window-CLOSE event
Image              PC                Routine            Line        Source             
KERNELBASE.dll     00007FFD48453BDD  Unknown               Unknown  Unknown
KERNEL32.DLL       00007FFD49FFCCB7  Unknown               Unknown  Unknown
ntdll.dll          00007FFD4B22AD6C  Unknown               Unknown  Unknown
forrtl: error (200): program aborting due to window-CLOSE event
Image              PC                Routine            Line        Source             
KERNELBASE.dll     00007FFD48453BDD  Unknown               Unknown  Unknown
KERNEL32.DLL       00007FFD49FFCCB7  Unknown               Unknown  Unknown
ntdll.dll          00007FFD4B22AD6C  Unknown               Unknown  Unknown
forrtl: error (200): program aborting due to window-CLOSE event
Image              PC                Routine            Line        Source             
KERNELBASE.dll     00007FFD48453BDD  Unknown               Unknown  Unknown
KERNEL32.DLL       00007FFD49FFCCB7  Unknown               Unknown  Unknown
ntdll.dll          00007FFD4B22AD6C  Unknown               Unknown  Unknown
