Found 10237 total JPG files
Loaded 2864 labelled samples from ['mass_train', 'calc_train']
  - Benign: 1683
  - Malignant: 1181

==================================================
  Fold 1 / 5
==================================================
  Epoch  1 | Train Loss 0.6928 | Val Loss 0.6391 Acc 0.6283 Prec 0.5488 Rec 0.5696 F1 0.5590
  Epoch  2 | Train Loss 0.6451 | Val Loss 0.6228 Acc 0.6300 Prec 0.5912 Rec 0.3418 F1 0.4332
  Epoch  3 | Train Loss 0.6532 | Val Loss 0.6076 Acc 0.6736 Prec 0.6488 Rec 0.4599 F1 0.5383
  Epoch  4 | Train Loss 0.6453 | Val Loss 0.6154 Acc 0.6475 Prec 0.6357 Rec 0.3460 F1 0.4481
  [Fold 1] Epoch 5: Unfreezing ['layer4']
  Epoch  5 | Train Loss 0.6407 | Val Loss 0.6131 Acc 0.6056 Prec 0.5604 Rec 0.2152 F1 0.3110
  Epoch  6 | Train Loss 0.6250 | Val Loss 0.5922 Acc 0.6387 Prec 0.5852 Rec 0.4346 F1 0.4988
  Epoch  7 | Train Loss 0.6145 | Val Loss 0.5927 Acc 0.6335 Prec 0.5789 Rec 0.4177 F1 0.4853
  Epoch  8 | Train Loss 0.6101 | Val Loss 0.5793 Acc 0.6527 Prec 0.5826 Rec 0.5654 F1 0.5739
  --> saved best model
  Epoch  9 | Train Loss 0.6014 | Val Loss 0.5675 Acc 0.6492 Prec 0.5698 Rec 0.6203 F1 0.5939
  --> saved best model
  [Fold 1] Epoch 10: Unfreezing ['layer3']
  Epoch 10 | Train Loss 0.6096 | Val Loss 0.5875 Acc 0.6789 Prec 0.5971 Rec 0.6878 F1 0.6392
  Epoch 11 | Train Loss 0.5950 | Val Loss 0.5660 Acc 0.6684 Prec 0.5813 Rec 0.7089 F1 0.6388
  --> saved best model
  Epoch 12 | Train Loss 0.5738 | Val Loss 0.5565 Acc 0.6667 Prec 0.5719 Rec 0.7722 F1 0.6571
  --> saved best model
  Epoch 13 | Train Loss 0.5752 | Val Loss 0.5524 Acc 0.6562 Prec 0.5775 Rec 0.6287 F1 0.6020
  --> saved best model
  Epoch 14 | Train Loss 0.5620 | Val Loss 0.5469 Acc 0.6754 Prec 0.5820 Rec 0.7637 F1 0.6606
  --> saved best model
  Epoch 15 | Train Loss 0.5446 | Val Loss 0.5354 Acc 0.6719 Prec 0.6017 Rec 0.6118 F1 0.6067
  --> saved best model
  Epoch 16 | Train Loss 0.5557 | Val Loss 0.5287 Acc 0.6789 Prec 0.5936 Rec 0.7089 F1 0.6462
  --> saved best model
  Epoch 17 | Train Loss 0.5372 | Val Loss 0.5337 Acc 0.6771 Prec 0.6111 Rec 0.6034 F1 0.6072
  Epoch 18 | Train Loss 0.5371 | Val Loss 0.5306 Acc 0.6876 Prec 0.6229 Rec 0.6203 F1 0.6216
  Epoch 19 | Train Loss 0.5346 | Val Loss 0.5357 Acc 0.6911 Prec 0.6095 Rec 0.7046 F1 0.6536
  Epoch 20 | Train Loss 0.5331 | Val Loss 0.5238 Acc 0.7103 Prec 0.6414 Rec 0.6793 F1 0.6598
  --> saved best model
  Epoch 21 | Train Loss 0.5267 | Val Loss 0.5233 Acc 0.7016 Prec 0.6387 Rec 0.6414 F1 0.6400
  --> saved best model
  Epoch 22 | Train Loss 0.5359 | Val Loss 0.5213 Acc 0.7155 Prec 0.6947 Rec 0.5570 F1 0.6183
  --> saved best model
  Epoch 23 | Train Loss 0.5081 | Val Loss 0.5285 Acc 0.7155 Prec 0.7056 Rec 0.5359 F1 0.6091
  Epoch 24 | Train Loss 0.4992 | Val Loss 0.5170 Acc 0.7330 Prec 0.7000 Rec 0.6203 F1 0.6577
  --> saved best model
  Epoch 25 | Train Loss 0.4936 | Val Loss 0.4993 Acc 0.7120 Prec 0.6333 Rec 0.7215 F1 0.6746
  --> saved best model
  Epoch 26 | Train Loss 0.4750 | Val Loss 0.4978 Acc 0.7347 Prec 0.6906 Rec 0.6498 F1 0.6696
  --> saved best model
  Epoch 27 | Train Loss 0.4764 | Val Loss 0.5047 Acc 0.7330 Prec 0.6892 Rec 0.6456 F1 0.6667
  Epoch 28 | Train Loss 0.4719 | Val Loss 0.5000 Acc 0.7330 Prec 0.6810 Rec 0.6667 F1 0.6738
  Epoch 29 | Train Loss 0.4739 | Val Loss 0.4975 Acc 0.7469 Prec 0.7255 Rec 0.6245 F1 0.6712
  --> saved best model
  Epoch 30 | Train Loss 0.4857 | Val Loss 0.4981 Acc 0.7243 Prec 0.6416 Rec 0.7553 F1 0.6938
  Epoch 31 | Train Loss 0.4761 | Val Loss 0.5059 Acc 0.7190 Prec 0.6397 Rec 0.7342 F1 0.6837
  Epoch 32 | Train Loss 0.4786 | Val Loss 0.5095 Acc 0.7295 Prec 0.6486 Rec 0.7553 F1 0.6979
  Epoch 33 | Train Loss 0.4536 | Val Loss 0.5226 Acc 0.7225 Prec 0.6950 Rec 0.5865 F1 0.6362
  Epoch 34 | Train Loss 0.4585 | Val Loss 0.5149 Acc 0.7347 Prec 0.6977 Rec 0.6329 F1 0.6637
  Epoch 35 | Train Loss 0.4413 | Val Loss 0.4969 Acc 0.7417 Prec 0.6745 Rec 0.7257 F1 0.6992
  --> saved best model
  Epoch 36 | Train Loss 0.4212 | Val Loss 0.4848 Acc 0.7469 Prec 0.6917 Rec 0.7004 F1 0.6960
  --> saved best model
  Epoch 37 | Train Loss 0.4355 | Val Loss 0.5059 Acc 0.7330 Prec 0.6489 Rec 0.7722 F1 0.7052
  Epoch 38 | Train Loss 0.4181 | Val Loss 0.5196 Acc 0.7312 Prec 0.7293 Rec 0.5570 F1 0.6316
  Epoch 39 | Train Loss 0.4162 | Val Loss 0.4932 Acc 0.7522 Prec 0.7130 Rec 0.6709 F1 0.6913
  Epoch 40 | Train Loss 0.4290 | Val Loss 0.5133 Acc 0.7347 Prec 0.6923 Rec 0.6456 F1 0.6681
  Fold 1 best-val F1  (no TTA): 0.6960
  Fold 1 best-val F1 (with TTA): 0.7148


==================================================
  Fold 2 / 5
==================================================
  Epoch  1 | Train Loss 0.6834 | Val Loss 0.6630 Acc 0.5951 Prec 0.5086 Rec 0.5000 F1 0.5043
  Epoch  2 | Train Loss 0.6641 | Val Loss 0.6796 Acc 0.5742 Prec 0.4750 Rec 0.3220 F1 0.3838
  Epoch  3 | Train Loss 0.6551 | Val Loss 0.6472 Acc 0.5951 Prec 0.5106 Rec 0.4068 F1 0.4528
  Epoch  4 | Train Loss 0.6424 | Val Loss 0.6708 Acc 0.5707 Prec 0.4706 Rec 0.3390 F1 0.3941
  [Fold 2] Epoch 5: Unfreezing ['layer4']
  Epoch  5 | Train Loss 0.6325 | Val Loss 0.6562 Acc 0.5881 Prec 0.5000 Rec 0.1653 F1 0.2484
  Epoch  6 | Train Loss 0.6264 | Val Loss 0.6281 Acc 0.6056 Prec 0.5243 Rec 0.4576 F1 0.4887
  Epoch  7 | Train Loss 0.6168 | Val Loss 0.6078 Acc 0.6161 Prec 0.5381 Rec 0.4788 F1 0.5067
  Epoch  8 | Train Loss 0.6079 | Val Loss 0.5837 Acc 0.6300 Prec 0.5588 Rec 0.4831 F1 0.5182
  --> saved best model
  Epoch  9 | Train Loss 0.5898 | Val Loss 0.5827 Acc 0.6475 Prec 0.5817 Rec 0.5127 F1 0.5450
  --> saved best model
  [Fold 2] Epoch 10: Unfreezing ['layer3']
  Epoch 10 | Train Loss 0.5916 | Val Loss 0.5716 Acc 0.6614 Prec 0.5789 Rec 0.6525 F1 0.6135
  --> saved best model
  Epoch 11 | Train Loss 0.5855 | Val Loss 0.5688 Acc 0.6597 Prec 0.5880 Rec 0.5805 F1 0.5842
  --> saved best model
  Epoch 12 | Train Loss 0.5778 | Val Loss 0.5519 Acc 0.6998 Prec 0.6096 Rec 0.7542 F1 0.6742
  --> saved best model
  Epoch 13 | Train Loss 0.5596 | Val Loss 0.5340 Acc 0.7138 Prec 0.6259 Rec 0.7585 F1 0.6858
  --> saved best model
  Epoch 14 | Train Loss 0.5567 | Val Loss 0.5402 Acc 0.7225 Prec 0.6360 Rec 0.7627 F1 0.6936
  Epoch 15 | Train Loss 0.5446 | Val Loss 0.5268 Acc 0.7225 Prec 0.6314 Rec 0.7839 F1 0.6994
  --> saved best model
  Epoch 16 | Train Loss 0.5468 | Val Loss 0.5293 Acc 0.6876 Prec 0.6338 Rec 0.5720 F1 0.6013
  Epoch 17 | Train Loss 0.5294 | Val Loss 0.5226 Acc 0.7243 Prec 0.6413 Rec 0.7500 F1 0.6914
  --> saved best model
  Epoch 18 | Train Loss 0.5417 | Val Loss 0.5107 Acc 0.7312 Prec 0.6577 Rec 0.7246 F1 0.6895
  --> saved best model
  Epoch 19 | Train Loss 0.5453 | Val Loss 0.5201 Acc 0.7155 Prec 0.6540 Rec 0.6568 F1 0.6554
  Epoch 20 | Train Loss 0.5282 | Val Loss 0.5316 Acc 0.7190 Prec 0.6667 Rec 0.6356 F1 0.6508
  Epoch 21 | Train Loss 0.5274 | Val Loss 0.5061 Acc 0.7260 Prec 0.6639 Rec 0.6780 F1 0.6709
  --> saved best model
  Epoch 22 | Train Loss 0.5280 | Val Loss 0.5082 Acc 0.7295 Prec 0.6540 Rec 0.7288 F1 0.6894
  Epoch 23 | Train Loss 0.5243 | Val Loss 0.5124 Acc 0.7120 Prec 0.6919 Rec 0.5424 F1 0.6081
  Epoch 24 | Train Loss 0.4959 | Val Loss 0.5103 Acc 0.7260 Prec 0.6872 Rec 0.6144 F1 0.6488
  Epoch 25 | Train Loss 0.4793 | Val Loss 0.4974 Acc 0.7277 Prec 0.7128 Rec 0.5678 F1 0.6321
  --> saved best model
  Epoch 26 | Train Loss 0.4797 | Val Loss 0.5070 Acc 0.6998 Prec 0.6928 Rec 0.4873 F1 0.5721
  Epoch 27 | Train Loss 0.4608 | Val Loss 0.4970 Acc 0.7260 Prec 0.6599 Rec 0.6907 F1 0.6749
  --> saved best model
  Epoch 28 | Train Loss 0.4788 | Val Loss 0.4867 Acc 0.7417 Prec 0.6864 Rec 0.6864 F1 0.6864
  --> saved best model
  Epoch 29 | Train Loss 0.4711 | Val Loss 0.4906 Acc 0.7295 Prec 0.6866 Rec 0.6314 F1 0.6578
  Epoch 30 | Train Loss 0.4708 | Val Loss 0.4875 Acc 0.7243 Prec 0.6560 Rec 0.6949 F1 0.6749
  Epoch 31 | Train Loss 0.4733 | Val Loss 0.4901 Acc 0.7330 Prec 0.7107 Rec 0.5932 F1 0.6467
  Epoch 32 | Train Loss 0.4588 | Val Loss 0.5019 Acc 0.7295 Prec 0.7647 Rec 0.4958 F1 0.6015
  Epoch 33 | Train Loss 0.4476 | Val Loss 0.4914 Acc 0.7539 Prec 0.7093 Rec 0.6822 F1 0.6955
  Epoch 34 | Train Loss 0.4366 | Val Loss 0.4819 Acc 0.7574 Prec 0.6830 Rec 0.7669 F1 0.7226
  --> saved best model
  Epoch 35 | Train Loss 0.4284 | Val Loss 0.4696 Acc 0.7592 Prec 0.7311 Rec 0.6568 F1 0.6920
  --> saved best model
  Epoch 36 | Train Loss 0.4089 | Val Loss 0.4722 Acc 0.7522 Prec 0.7304 Rec 0.6314 F1 0.6773
  Epoch 37 | Train Loss 0.4194 | Val Loss 0.4652 Acc 0.7644 Prec 0.7306 Rec 0.6780 F1 0.7033
  --> saved best model
  Epoch 38 | Train Loss 0.4195 | Val Loss 0.4666 Acc 0.7696 Prec 0.7063 Rec 0.7542 F1 0.7295
  Epoch 39 | Train Loss 0.4209 | Val Loss 0.4655 Acc 0.7627 Prec 0.7404 Rec 0.6525 F1 0.6937
  Epoch 40 | Train Loss 0.4269 | Val Loss 0.4803 Acc 0.7487 Prec 0.6870 Rec 0.7161 F1 0.7012
  Fold 2 best-val F1  (no TTA): 0.7033
  Fold 2 best-val F1 (with TTA): 0.7212


==================================================
  Fold 3 / 5
==================================================
  Epoch  1 | Train Loss 0.6877 | Val Loss 0.6538 Acc 0.5881 Prec 0.5000 Rec 0.2797 F1 0.3587
  Epoch  2 | Train Loss 0.6510 | Val Loss 0.6396 Acc 0.5951 Prec 0.5182 Rec 0.2415 F1 0.3295
  Epoch  3 | Train Loss 0.6457 | Val Loss 0.6297 Acc 0.6003 Prec 0.5310 Rec 0.2542 F1 0.3438
  Epoch  4 | Train Loss 0.6426 | Val Loss 0.6277 Acc 0.6108 Prec 0.5436 Rec 0.3432 F1 0.4208
  [Fold 3] Epoch 5: Unfreezing ['layer4']
  Epoch  5 | Train Loss 0.6415 | Val Loss 0.6114 Acc 0.6003 Prec 0.5354 Rec 0.2246 F1 0.3164
  Epoch  6 | Train Loss 0.6257 | Val Loss 0.5961 Acc 0.6422 Prec 0.6000 Rec 0.3941 F1 0.4757
  Epoch  7 | Train Loss 0.6142 | Val Loss 0.5815 Acc 0.6370 Prec 0.5843 Rec 0.4110 F1 0.4826
  Epoch  8 | Train Loss 0.5930 | Val Loss 0.5774 Acc 0.6475 Prec 0.5714 Rec 0.5763 F1 0.5738
  --> saved best model
  Epoch  9 | Train Loss 0.6070 | Val Loss 0.5730 Acc 0.6614 Prec 0.6235 Rec 0.4492 F1 0.5222
  --> saved best model
  [Fold 3] Epoch 10: Unfreezing ['layer3']
  Epoch 10 | Train Loss 0.5996 | Val Loss 0.5601 Acc 0.6806 Prec 0.6073 Rec 0.6356 F1 0.6211
  --> saved best model
  Epoch 11 | Train Loss 0.5808 | Val Loss 0.5552 Acc 0.6963 Prec 0.6084 Rec 0.7373 F1 0.6667
  --> saved best model
  Epoch 12 | Train Loss 0.5788 | Val Loss 0.5496 Acc 0.6667 Prec 0.6027 Rec 0.5593 F1 0.5802
  --> saved best model
  Epoch 13 | Train Loss 0.5747 | Val Loss 0.5407 Acc 0.7016 Prec 0.6226 Rec 0.6992 F1 0.6587
  --> saved best model
  Epoch 14 | Train Loss 0.5621 | Val Loss 0.5350 Acc 0.7016 Prec 0.6383 Rec 0.6356 F1 0.6369
  --> saved best model
  Epoch 15 | Train Loss 0.5633 | Val Loss 0.5288 Acc 0.7033 Prec 0.6279 Rec 0.6864 F1 0.6559
  --> saved best model
  Epoch 16 | Train Loss 0.5477 | Val Loss 0.5243 Acc 0.7138 Prec 0.6475 Rec 0.6695 F1 0.6583
  --> saved best model
  Epoch 17 | Train Loss 0.5471 | Val Loss 0.5363 Acc 0.7068 Prec 0.6214 Rec 0.7373 F1 0.6744
  Epoch 18 | Train Loss 0.5362 | Val Loss 0.5251 Acc 0.7138 Prec 0.6250 Rec 0.7627 F1 0.6870
  Epoch 19 | Train Loss 0.5400 | Val Loss 0.5184 Acc 0.7051 Prec 0.6489 Rec 0.6186 F1 0.6334
  --> saved best model
  Epoch 20 | Train Loss 0.5521 | Val Loss 0.5284 Acc 0.7155 Prec 0.6377 Rec 0.7161 F1 0.6747
  Epoch 21 | Train Loss 0.5419 | Val Loss 0.5060 Acc 0.7208 Prec 0.6900 Rec 0.5847 F1 0.6330
  --> saved best model
  Epoch 22 | Train Loss 0.5356 | Val Loss 0.5070 Acc 0.7155 Prec 0.6594 Rec 0.6398 F1 0.6495
  Epoch 23 | Train Loss 0.5192 | Val Loss 0.5047 Acc 0.7103 Prec 0.6471 Rec 0.6525 F1 0.6498
  --> saved best model
  Epoch 24 | Train Loss 0.5065 | Val Loss 0.4913 Acc 0.7400 Prec 0.7351 Rec 0.5763 F1 0.6461
  --> saved best model
  Epoch 25 | Train Loss 0.4868 | Val Loss 0.4904 Acc 0.7347 Prec 0.6875 Rec 0.6525 F1 0.6696
  --> saved best model
  Epoch 26 | Train Loss 0.4961 | Val Loss 0.4858 Acc 0.7522 Prec 0.6865 Rec 0.7331 F1 0.7090
  --> saved best model
  Epoch 27 | Train Loss 0.4815 | Val Loss 0.4854 Acc 0.7469 Prec 0.7156 Rec 0.6398 F1 0.6756
  --> saved best model
  Epoch 28 | Train Loss 0.4894 | Val Loss 0.4837 Acc 0.7574 Prec 0.7118 Rec 0.6907 F1 0.7011
  --> saved best model
  Epoch 29 | Train Loss 0.4767 | Val Loss 0.4781 Acc 0.7592 Prec 0.7188 Rec 0.6822 F1 0.7000
  --> saved best model
  Epoch 30 | Train Loss 0.4982 | Val Loss 0.5018 Acc 0.7417 Prec 0.7588 Rec 0.5466 F1 0.6355
  Epoch 31 | Train Loss 0.4835 | Val Loss 0.4908 Acc 0.7435 Prec 0.7171 Rec 0.6229 F1 0.6667
  Epoch 32 | Train Loss 0.4926 | Val Loss 0.4795 Acc 0.7487 Prec 0.7035 Rec 0.6737 F1 0.6883
  Epoch 33 | Train Loss 0.4867 | Val Loss 0.4776 Acc 0.7539 Prec 0.7149 Rec 0.6695 F1 0.6915
  --> saved best model
  Epoch 34 | Train Loss 0.4589 | Val Loss 0.4746 Acc 0.7487 Prec 0.6901 Rec 0.7076 F1 0.6987
  --> saved best model
  Epoch 35 | Train Loss 0.4639 | Val Loss 0.4777 Acc 0.7452 Prec 0.7206 Rec 0.6229 F1 0.6682
  Epoch 36 | Train Loss 0.4474 | Val Loss 0.4764 Acc 0.7487 Prec 0.7300 Rec 0.6186 F1 0.6697
  Epoch 37 | Train Loss 0.4341 | Val Loss 0.4564 Acc 0.7609 Prec 0.7106 Rec 0.7076 F1 0.7091
  --> saved best model
  Epoch 38 | Train Loss 0.4286 | Val Loss 0.4582 Acc 0.7504 Prec 0.7163 Rec 0.6525 F1 0.6829
  Epoch 39 | Train Loss 0.4267 | Val Loss 0.4595 Acc 0.7609 Prec 0.7071 Rec 0.7161 F1 0.7116
  Epoch 40 | Train Loss 0.4435 | Val Loss 0.4735 Acc 0.7522 Prec 0.7474 Rec 0.6017 F1 0.6667
  Fold 3 best-val F1  (no TTA): 0.7091
  Fold 3 best-val F1 (with TTA): 0.7192


==================================================
  Fold 4 / 5
==================================================
  Epoch  1 | Train Loss 0.7199 | Val Loss 0.6592 Acc 0.5951 Prec 0.5100 Rec 0.4322 F1 0.4679
  Epoch  2 | Train Loss 0.6611 | Val Loss 0.6297 Acc 0.6108 Prec 0.5596 Rec 0.2585 F1 0.3536
  Epoch  3 | Train Loss 0.6534 | Val Loss 0.6345 Acc 0.6387 Prec 0.6381 Rec 0.2839 F1 0.3930
  Epoch  4 | Train Loss 0.6485 | Val Loss 0.6093 Acc 0.6527 Prec 0.6370 Rec 0.3644 F1 0.4636
  [Fold 4] Epoch 5: Unfreezing ['layer4']
  Epoch  5 | Train Loss 0.6422 | Val Loss 0.5958 Acc 0.6771 Prec 0.6164 Rec 0.5720 F1 0.5934
  Epoch  6 | Train Loss 0.6210 | Val Loss 0.5829 Acc 0.6789 Prec 0.6008 Rec 0.6568 F1 0.6275
  Epoch  7 | Train Loss 0.6146 | Val Loss 0.5704 Acc 0.6405 Prec 0.6562 Rec 0.2669 F1 0.3795
  Epoch  8 | Train Loss 0.6096 | Val Loss 0.5554 Acc 0.6963 Prec 0.6220 Rec 0.6695 F1 0.6449
  --> saved best model
  Epoch  9 | Train Loss 0.5977 | Val Loss 0.5608 Acc 0.6771 Prec 0.6667 Rec 0.4322 F1 0.5244
  [Fold 4] Epoch 10: Unfreezing ['layer3']
  Epoch 10 | Train Loss 0.5967 | Val Loss 0.5485 Acc 0.7016 Prec 0.6395 Rec 0.6314 F1 0.6354
  --> saved best model
  Epoch 11 | Train Loss 0.5965 | Val Loss 0.5436 Acc 0.6894 Prec 0.6381 Rec 0.5678 F1 0.6009
  --> saved best model
  Epoch 12 | Train Loss 0.5852 | Val Loss 0.5386 Acc 0.6928 Prec 0.6442 Rec 0.5678 F1 0.6036
  --> saved best model
  Epoch 13 | Train Loss 0.5819 | Val Loss 0.5199 Acc 0.7086 Prec 0.6386 Rec 0.6737 F1 0.6557
  --> saved best model
  Epoch 14 | Train Loss 0.5650 | Val Loss 0.5206 Acc 0.6946 Prec 0.7194 Rec 0.4237 F1 0.5333
  Epoch 15 | Train Loss 0.5552 | Val Loss 0.5092 Acc 0.7103 Prec 0.6667 Rec 0.5932 F1 0.6278
  --> saved best model
  Epoch 16 | Train Loss 0.5572 | Val Loss 0.5110 Acc 0.6894 Prec 0.6526 Rec 0.5254 F1 0.5822
  Epoch 17 | Train Loss 0.5499 | Val Loss 0.4979 Acc 0.7103 Prec 0.6667 Rec 0.5932 F1 0.6278
  --> saved best model
  Epoch 18 | Train Loss 0.5298 | Val Loss 0.4972 Acc 0.6894 Prec 0.6465 Rec 0.5424 F1 0.5899
  --> saved best model
  Epoch 19 | Train Loss 0.5398 | Val Loss 0.5099 Acc 0.6894 Prec 0.6648 Rec 0.4958 F1 0.5680
  Epoch 20 | Train Loss 0.5457 | Val Loss 0.5063 Acc 0.7086 Prec 0.6494 Rec 0.6356 F1 0.6424
  Epoch 21 | Train Loss 0.5321 | Val Loss 0.4922 Acc 0.7138 Prec 0.6607 Rec 0.6271 F1 0.6435
  --> saved best model
  Epoch 22 | Train Loss 0.5237 | Val Loss 0.5059 Acc 0.7208 Prec 0.6792 Rec 0.6102 F1 0.6429
  Epoch 23 | Train Loss 0.5231 | Val Loss 0.4948 Acc 0.7243 Prec 0.6806 Rec 0.6229 F1 0.6504
  Epoch 24 | Train Loss 0.5134 | Val Loss 0.4868 Acc 0.7382 Prec 0.6853 Rec 0.6737 F1 0.6795
  --> saved best model
  Epoch 25 | Train Loss 0.4977 | Val Loss 0.4769 Acc 0.7312 Prec 0.6694 Rec 0.6864 F1 0.6778
  --> saved best model
  Epoch 26 | Train Loss 0.4803 | Val Loss 0.4838 Acc 0.7103 Prec 0.6716 Rec 0.5805 F1 0.6227
  Epoch 27 | Train Loss 0.4857 | Val Loss 0.5273 Acc 0.6928 Prec 0.6923 Rec 0.4576 F1 0.5510
  Epoch 28 | Train Loss 0.4810 | Val Loss 0.4842 Acc 0.7103 Prec 0.6716 Rec 0.5805 F1 0.6227
  Epoch 29 | Train Loss 0.4800 | Val Loss 0.4854 Acc 0.7086 Prec 0.6971 Rec 0.5169 F1 0.5937
  Epoch 30 | Train Loss 0.4828 | Val Loss 0.4963 Acc 0.7382 Prec 0.6853 Rec 0.6737 F1 0.6795
  Epoch 31 | Train Loss 0.4896 | Val Loss 0.4973 Acc 0.6946 Prec 0.6993 Rec 0.4534 F1 0.5501
  Epoch 32 | Train Loss 0.4672 | Val Loss 0.4937 Acc 0.7312 Prec 0.6830 Rec 0.6483 F1 0.6652
  Epoch 33 | Train Loss 0.4650 | Val Loss 0.4916 Acc 0.7103 Prec 0.6944 Rec 0.5297 F1 0.6010
  Epoch 34 | Train Loss 0.4435 | Val Loss 0.4826 Acc 0.7260 Prec 0.7047 Rec 0.5763 F1 0.6340
  Epoch 35 | Train Loss 0.4484 | Val Loss 0.4952 Acc 0.7190 Prec 0.7119 Rec 0.5339 F1 0.6102
  Early stop at epoch 35 (best F1 0.6778 at epoch 25)
  Fold 4 best-val F1  (no TTA): 0.6778
  Fold 4 best-val F1 (with TTA): 0.7203


==================================================
  Fold 5 / 5
==================================================
  Epoch  1 | Train Loss 0.6839 | Val Loss 0.6477 Acc 0.6031 Prec 0.5495 Rec 0.2119 F1 0.3058
  Epoch  2 | Train Loss 0.6552 | Val Loss 0.6450 Acc 0.5962 Prec 0.5148 Rec 0.3686 F1 0.4296
  Epoch  3 | Train Loss 0.6426 | Val Loss 0.6415 Acc 0.6031 Prec 0.5391 Rec 0.2627 F1 0.3533
  Epoch  4 | Train Loss 0.6286 | Val Loss 0.6348 Acc 0.6049 Prec 0.5321 Rec 0.3517 F1 0.4235
  [Fold 5] Epoch 5: Unfreezing ['layer4']
  Epoch  5 | Train Loss 0.6369 | Val Loss 0.6494 Acc 0.5787 Prec 0.2727 Rec 0.0127 F1 0.0243
  Epoch  6 | Train Loss 0.6114 | Val Loss 0.6072 Acc 0.6416 Prec 0.5906 Rec 0.4280 F1 0.4963
  Epoch  7 | Train Loss 0.6101 | Val Loss 0.6089 Acc 0.6294 Prec 0.5822 Rec 0.3602 F1 0.4450
  Epoch  8 | Train Loss 0.5999 | Val Loss 0.6094 Acc 0.6154 Prec 0.5580 Rec 0.3263 F1 0.4118
  --> saved best model
  Epoch  9 | Train Loss 0.5919 | Val Loss 0.5781 Acc 0.6521 Prec 0.6000 Rec 0.4703 F1 0.5273
  --> saved best model
  [Fold 5] Epoch 10: Unfreezing ['layer3']
  Epoch 10 | Train Loss 0.5999 | Val Loss 0.5794 Acc 0.6329 Prec 0.5575 Rec 0.5339 F1 0.5455
  Epoch 11 | Train Loss 0.5840 | Val Loss 0.5594 Acc 0.6626 Prec 0.5782 Rec 0.6737 F1 0.6223
  --> saved best model
  Epoch 12 | Train Loss 0.5814 | Val Loss 0.5652 Acc 0.6748 Prec 0.5874 Rec 0.7119 F1 0.6437
  Epoch 13 | Train Loss 0.5664 | Val Loss 0.5706 Acc 0.6976 Prec 0.6933 Rec 0.4788 F1 0.5664
  Epoch 14 | Train Loss 0.5605 | Val Loss 0.5400 Acc 0.7378 Prec 0.7312 Rec 0.5763 F1 0.6445
  --> saved best model
  Epoch 15 | Train Loss 0.5393 | Val Loss 0.5670 Acc 0.6836 Prec 0.6797 Rec 0.4407 F1 0.5347
  Epoch 16 | Train Loss 0.5301 | Val Loss 0.5355 Acc 0.7010 Prec 0.6684 Rec 0.5466 F1 0.6014
  --> saved best model
  Epoch 17 | Train Loss 0.5320 | Val Loss 0.5303 Acc 0.7203 Prec 0.6681 Rec 0.6398 F1 0.6537
  --> saved best model
  Epoch 18 | Train Loss 0.5294 | Val Loss 0.5284 Acc 0.7308 Prec 0.6898 Rec 0.6314 F1 0.6593
  --> saved best model
  Epoch 19 | Train Loss 0.5271 | Val Loss 0.5445 Acc 0.7028 Prec 0.6988 Rec 0.4915 F1 0.5771
  Epoch 20 | Train Loss 0.5296 | Val Loss 0.5412 Acc 0.6976 Prec 0.6479 Rec 0.5847 F1 0.6147
  Epoch 21 | Train Loss 0.5332 | Val Loss 0.5132 Acc 0.7273 Prec 0.7128 Rec 0.5678 F1 0.6321
  --> saved best model
  Epoch 22 | Train Loss 0.5316 | Val Loss 0.5270 Acc 0.7430 Prec 0.7514 Rec 0.5636 F1 0.6441
  Epoch 23 | Train Loss 0.5161 | Val Loss 0.5152 Acc 0.7535 Prec 0.7487 Rec 0.6059 F1 0.6698
  Epoch 24 | Train Loss 0.5010 | Val Loss 0.5146 Acc 0.7430 Prec 0.7432 Rec 0.5763 F1 0.6492
  Epoch 25 | Train Loss 0.4854 | Val Loss 0.5092 Acc 0.7343 Prec 0.7019 Rec 0.6186 F1 0.6577
  --> saved best model
  Epoch 26 | Train Loss 0.4835 | Val Loss 0.5141 Acc 0.7395 Prec 0.7574 Rec 0.5424 F1 0.6321
  Epoch 27 | Train Loss 0.4735 | Val Loss 0.4984 Acc 0.7517 Prec 0.7350 Rec 0.6229 F1 0.6743
  --> saved best model
  Epoch 28 | Train Loss 0.4804 | Val Loss 0.4974 Acc 0.7500 Prec 0.7409 Rec 0.6059 F1 0.6667
  --> saved best model
  Epoch 29 | Train Loss 0.4698 | Val Loss 0.5010 Acc 0.7570 Prec 0.7389 Rec 0.6356 F1 0.6834
  Epoch 30 | Train Loss 0.4980 | Val Loss 0.5011 Acc 0.7290 Prec 0.6866 Rec 0.6314 F1 0.6578
  Epoch 31 | Train Loss 0.4849 | Val Loss 0.4953 Acc 0.7360 Prec 0.6568 Rec 0.7542 F1 0.7022
  --> saved best model
  Epoch 32 | Train Loss 0.4665 | Val Loss 0.5030 Acc 0.7360 Prec 0.6693 Rec 0.7119 F1 0.6899
  Epoch 33 | Train Loss 0.4730 | Val Loss 0.5278 Acc 0.7343 Prec 0.7333 Rec 0.5593 F1 0.6346
  Epoch 34 | Train Loss 0.4524 | Val Loss 0.5075 Acc 0.7395 Prec 0.7544 Rec 0.5466 F1 0.6339
  Epoch 35 | Train Loss 0.4289 | Val Loss 0.4890 Acc 0.7517 Prec 0.7611 Rec 0.5805 F1 0.6587
  --> saved best model
  Epoch 36 | Train Loss 0.4281 | Val Loss 0.4951 Acc 0.7552 Prec 0.7500 Rec 0.6102 F1 0.6729
  Epoch 37 | Train Loss 0.4254 | Val Loss 0.5062 Acc 0.7517 Prec 0.7866 Rec 0.5466 F1 0.6450
  Epoch 38 | Train Loss 0.4266 | Val Loss 0.4814 Acc 0.7517 Prec 0.6942 Rec 0.7119 F1 0.7029
  --> saved best model
  Epoch 39 | Train Loss 0.4234 | Val Loss 0.4848 Acc 0.7552 Prec 0.7400 Rec 0.6271 F1 0.6789
  Epoch 40 | Train Loss 0.4366 | Val Loss 0.4863 Acc 0.7517 Prec 0.7136 Rec 0.6653 F1 0.6886
  Fold 5 best-val F1  (no TTA): 0.7029
  Fold 5 best-val F1 (with TTA): 0.7173


==================================================
  Final cross-validation results (ResNet-50 v2)
==================================================
  Val F1 no-TTA  (mean ± std): 0.6978 ± 0.0108
  Val F1 TTA     (mean ± std): 0.7186 ± 0.0023
==================================================
